
MIGRATION 20260830000000_baseline.sql
SET
SET
SET
SET
SET
 set_config 
------------
 
(1 row)

SET
SET
SET
SET
CREATE SCHEMA
ALTER SCHEMA
COMMENT
CREATE FUNCTION
ALTER FUNCTION
CREATE FUNCTION
ALTER FUNCTION
SET
SET
CREATE TABLE
ALTER TABLE
CREATE TABLE
ALTER TABLE
CREATE TABLE
ALTER TABLE
CREATE TABLE
ALTER TABLE
CREATE TABLE
ALTER TABLE
CREATE TABLE
ALTER TABLE
CREATE TABLE
ALTER TABLE
CREATE TABLE
ALTER TABLE
CREATE TABLE
ALTER TABLE
CREATE TABLE
ALTER TABLE
CREATE TABLE
ALTER TABLE
CREATE TABLE
ALTER TABLE
CREATE TABLE
ALTER TABLE
CREATE TABLE
ALTER TABLE
CREATE TABLE
ALTER TABLE
CREATE TABLE
ALTER TABLE
CREATE TABLE
ALTER TABLE
CREATE TABLE
ALTER TABLE
CREATE TABLE
ALTER TABLE
ALTER TABLE
ALTER TABLE
ALTER TABLE
ALTER TABLE
ALTER TABLE
ALTER TABLE
ALTER TABLE
ALTER TABLE
ALTER TABLE
ALTER TABLE
ALTER TABLE
ALTER TABLE
ALTER TABLE
ALTER TABLE
ALTER TABLE
ALTER TABLE
ALTER TABLE
ALTER TABLE
ALTER TABLE
ALTER TABLE
ALTER TABLE
ALTER TABLE
ALTER TABLE
ALTER TABLE
ALTER TABLE
ALTER TABLE
ALTER TABLE
ALTER TABLE
ALTER TABLE
ALTER TABLE
ALTER TABLE
ALTER TABLE
ALTER TABLE
ALTER TABLE
ALTER TABLE
ALTER TABLE
CREATE INDEX
CREATE INDEX
CREATE INDEX
CREATE INDEX
CREATE INDEX
CREATE INDEX
CREATE INDEX
CREATE INDEX
CREATE INDEX
CREATE INDEX
CREATE INDEX
CREATE INDEX
CREATE INDEX
CREATE INDEX
CREATE INDEX
CREATE INDEX
CREATE TRIGGER
CREATE TRIGGER
CREATE TRIGGER
CREATE TRIGGER
CREATE TRIGGER
CREATE TRIGGER
ALTER TABLE
ALTER TABLE
ALTER TABLE
ALTER TABLE
ALTER TABLE
ALTER TABLE
ALTER TABLE
ALTER TABLE
ALTER TABLE
ALTER TABLE
ALTER TABLE
ALTER TABLE
ALTER TABLE
ALTER TABLE
ALTER TABLE
ALTER TABLE
ALTER TABLE
ALTER TABLE
ALTER TABLE
ALTER TABLE
ALTER TABLE
ALTER TABLE
ALTER TABLE
ALTER TABLE
ALTER TABLE
ALTER TABLE
CREATE POLICY
CREATE POLICY
CREATE POLICY
CREATE POLICY
CREATE POLICY
CREATE POLICY
CREATE POLICY
CREATE POLICY
CREATE POLICY
CREATE POLICY
CREATE POLICY
CREATE POLICY
CREATE POLICY
CREATE POLICY
CREATE POLICY
CREATE POLICY
CREATE POLICY
CREATE POLICY
CREATE POLICY
CREATE POLICY
CREATE POLICY
CREATE POLICY
ALTER TABLE
ALTER TABLE
ALTER TABLE
ALTER TABLE
ALTER TABLE
ALTER TABLE
ALTER TABLE
ALTER TABLE
ALTER TABLE
ALTER TABLE
ALTER TABLE
ALTER TABLE
ALTER TABLE
ALTER TABLE
ALTER TABLE
ALTER TABLE
CREATE POLICY
CREATE POLICY
CREATE POLICY
CREATE POLICY
CREATE POLICY
CREATE POLICY
CREATE POLICY
CREATE POLICY
ALTER TABLE
ALTER TABLE
ALTER TABLE
GRANT
GRANT
GRANT
GRANT
REVOKE
GRANT
GRANT
GRANT
GRANT
GRANT
GRANT
GRANT
GRANT
GRANT
GRANT
GRANT
GRANT
GRANT
GRANT
GRANT
GRANT
GRANT
GRANT
GRANT
GRANT
GRANT
GRANT
GRANT
GRANT
GRANT
GRANT
GRANT
GRANT
GRANT
GRANT
GRANT
GRANT
GRANT
GRANT
GRANT
GRANT
GRANT
GRANT
GRANT
GRANT
GRANT
GRANT
GRANT
GRANT
GRANT
GRANT
GRANT
GRANT
GRANT
GRANT
GRANT
GRANT
GRANT
GRANT
GRANT
GRANT
GRANT
GRANT
GRANT
GRANT
GRANT
GRANT
GRANT
ALTER DEFAULT PRIVILEGES
ALTER DEFAULT PRIVILEGES
ALTER DEFAULT PRIVILEGES
ALTER DEFAULT PRIVILEGES
ALTER DEFAULT PRIVILEGES
ALTER DEFAULT PRIVILEGES
ALTER DEFAULT PRIVILEGES
ALTER DEFAULT PRIVILEGES
ALTER DEFAULT PRIVILEGES
ALTER DEFAULT PRIVILEGES
ALTER DEFAULT PRIVILEGES
ALTER DEFAULT PRIVILEGES

MIGRATION 20260901030500_academic_progress_engine.sql
CREATE FUNCTION
NOTICE:  trigger "trg_sync_subject_progress_from_components" for relation "public.student_component_progress" does not exist, skipping
DROP TRIGGER
CREATE TRIGGER
CREATE FUNCTION
NOTICE:  trigger "trg_sync_level_progress_from_subjects" for relation "public.student_subject_progress" does not exist, skipping
DROP TRIGGER
CREATE TRIGGER

MIGRATION 20260901101225_class_enrollment_management.sql
CREATE TABLE
CREATE INDEX
CREATE INDEX
CREATE INDEX
CREATE TABLE
CREATE INDEX
CREATE INDEX
CREATE INDEX
CREATE TABLE
CREATE INDEX
CREATE INDEX
CREATE INDEX
CREATE TABLE
CREATE INDEX
CREATE INDEX
CREATE INDEX
CREATE INDEX
CREATE TRIGGER
CREATE TRIGGER
CREATE TRIGGER
CREATE TRIGGER
ALTER TABLE
ALTER TABLE
ALTER TABLE
ALTER TABLE
CREATE POLICY
CREATE POLICY
CREATE POLICY
CREATE POLICY

MIGRATION 20260901111514_teacher_profile_fields.sql
ALTER TABLE
NOTICE:  constraint "teachers_gender_check" of relation "teachers" does not exist, skipping
ALTER TABLE
ALTER TABLE
CREATE INDEX
CREATE INDEX

MIGRATION 20260901122330_schedule_management.sql
CREATE TABLE
CREATE INDEX
CREATE INDEX
CREATE TABLE
CREATE INDEX
CREATE INDEX
CREATE INDEX
CREATE INDEX
CREATE INDEX
CREATE TRIGGER
CREATE TRIGGER
ALTER TABLE
ALTER TABLE
CREATE POLICY
CREATE POLICY

MIGRATION 20260902090000_session_occurrences.sql
CREATE TABLE
CREATE INDEX
CREATE INDEX
CREATE INDEX
CREATE INDEX
CREATE TRIGGER
ALTER TABLE
CREATE POLICY

MIGRATION 20260902100000_generate_session_occurrences.sql
CREATE FUNCTION
REVOKE
GRANT

MIGRATION 20260902110000_attendance_records.sql
CREATE TABLE
CREATE INDEX
CREATE INDEX
CREATE FUNCTION
CREATE TRIGGER
CREATE TRIGGER
ALTER TABLE
CREATE POLICY

MIGRATION 20260902120000_session_status_workflow.sql
CREATE FUNCTION
CREATE TRIGGER
CREATE FUNCTION
CREATE FUNCTION
REVOKE
GRANT

MIGRATION 20260902130000_reschedule_makeup_foundation.sql
ALTER TABLE
UPDATE 0
ALTER TABLE
CREATE FUNCTION
CREATE TRIGGER
ALTER TABLE
CREATE INDEX
CREATE INDEX
CREATE INDEX
CREATE TABLE
CREATE INDEX
CREATE FUNCTION
CREATE TRIGGER
CREATE FUNCTION
CREATE TRIGGER
ALTER TABLE
CREATE POLICY
CREATE FUNCTION
CREATE FUNCTION
CREATE FUNCTION

MIGRATION 20260902140000_reschedule_session_occurrence.sql
CREATE FUNCTION
REVOKE
GRANT

MIGRATION 20260902150000_create_makeup_session_occurrence.sql
CREATE FUNCTION
REVOKE
GRANT

MIGRATION 20260902160000_makeup_credit_ledger.sql
CREATE TABLE
CREATE INDEX
CREATE INDEX
CREATE INDEX
CREATE INDEX
CREATE TRIGGER
ALTER TABLE
CREATE POLICY
CREATE FUNCTION
CREATE TRIGGER
CREATE FUNCTION
CREATE TRIGGER
CREATE FUNCTION
CREATE TRIGGER
ALTER TABLE
CREATE INDEX
CREATE FUNCTION
CREATE TRIGGER
CREATE FUNCTION
CREATE TRIGGER
CREATE FUNCTION
CREATE TRIGGER
CREATE FUNCTION
REVOKE
GRANT

MIGRATION 20260907020106_enrollment_pause_engine.sql
CREATE EXTENSION
CREATE TABLE
ALTER TABLE
CREATE INDEX
CREATE INDEX
CREATE TRIGGER
ALTER TABLE
CREATE POLICY
CREATE FUNCTION
REVOKE
GRANT
CREATE FUNCTION
CREATE FUNCTION
CREATE FUNCTION
CREATE FUNCTION
CREATE TRIGGER

MIGRATION 20260907090000_learning_journals.sql
CREATE TABLE
CREATE FUNCTION
CREATE TRIGGER
ALTER TABLE
REVOKE
GRANT
GRANT
GRANT
CREATE POLICY
CREATE POLICY
CREATE POLICY

MIGRATION 20260907170500_normalize_enrollment_status.sql
ALTER TABLE
ALTER TABLE

MIGRATION 20260907173000_require_started_at_for_learning.sql
CREATE FUNCTION
CREATE FUNCTION
CREATE FUNCTION
CREATE FUNCTION

MIGRATION 20260908125034_tuition_phase1.sql
NOTICE:  extension "btree_gist" already exists, skipping
CREATE EXTENSION
CREATE TABLE
CREATE INDEX
CREATE FUNCTION
CREATE TABLE
CREATE INDEX
CREATE INDEX
CREATE INDEX
CREATE INDEX
ALTER TABLE
CREATE FUNCTION
CREATE TRIGGER
CREATE FUNCTION
CREATE TRIGGER
CREATE FUNCTION
CREATE TRIGGER
CREATE TRIGGER
CREATE TRIGGER
ALTER TABLE
ALTER TABLE
CREATE POLICY
CREATE POLICY
CREATE POLICY
CREATE POLICY
CREATE POLICY
CREATE POLICY
GRANT
GRANT
INSERT 0 2

MIGRATION 20260909100000_seed_can_tho_branch.sql
DO

MIGRATION 20260909101443_tuition_branch_pricing_and_discounts.sql
CREATE TABLE
CREATE INDEX
CREATE INDEX
CREATE INDEX
CREATE INDEX
CREATE INDEX
CREATE TRIGGER
INSERT 0 2
DO
INSERT 0 2
ALTER TABLE
ALTER TABLE
ALTER TABLE
ALTER TABLE
ALTER TABLE
ALTER TABLE
ALTER TABLE
ALTER TABLE
UPDATE 0
DO
ALTER TABLE
ALTER TABLE
ALTER TABLE
ALTER TABLE
ALTER TABLE
ALTER TABLE
ALTER TABLE
ALTER TABLE
ALTER TABLE
ALTER TABLE
CREATE FUNCTION
CREATE FUNCTION
CREATE FUNCTION
ALTER TABLE
CREATE POLICY
CREATE POLICY
CREATE POLICY
GRANT

MIGRATION 20260910171110_academic_assignment_engine.sql
CREATE FUNCTION
REVOKE
REVOKE
GRANT
GRANT
COMMENT

MIGRATION 20260910172909_academic_progress_integrity.sql
CREATE FUNCTION
NOTICE:  trigger "trg_stamp_student_component_progress" for relation "public.student_component_progress" does not exist, skipping
DROP TRIGGER
CREATE TRIGGER
NOTICE:  trigger "trg_stamp_student_subject_progress" for relation "public.student_subject_progress" does not exist, skipping
DROP TRIGGER
CREATE TRIGGER
CREATE FUNCTION
NOTICE:  trigger "trg_stamp_student_level_progress" for relation "public.student_level_progress" does not exist, skipping
DROP TRIGGER
CREATE TRIGGER
CREATE FUNCTION
DROP TRIGGER
CREATE TRIGGER
CREATE FUNCTION
DROP TRIGGER
CREATE TRIGGER

MIGRATION 20260910192947_academic_level_progression.sql
CREATE FUNCTION
NOTICE:  trigger "trg_unlock_next_academic_level" for relation "public.student_level_progress" does not exist, skipping
DROP TRIGGER
CREATE TRIGGER
CREATE FUNCTION
REVOKE
REVOKE
GRANT
GRANT
INSERT 0 0

MIGRATION 20260910201008_fix_academic_level_start_date_timezone.sql

MIGRATION 20260910202237_fix_academic_level_vietnam_date_v2.sql
CREATE FUNCTION

MIGRATION 20260913153338_fix_academic_starting_grade_scope.sql
CREATE FUNCTION

MIGRATION 20260914160000_harden_academic_engine.sql
CREATE FUNCTION
CREATE FUNCTION
CREATE FUNCTION
DROP TRIGGER
CREATE TRIGGER
CREATE FUNCTION
DROP TRIGGER
CREATE TRIGGER
CREATE FUNCTION
REVOKE
CREATE FUNCTION
CREATE TRIGGER
CREATE INDEX
CREATE FUNCTION
CREATE TRIGGER
CREATE TRIGGER
REVOKE
REVOKE

MIGRATION 20260914170000_seed_system_roles.sql
INSERT 0 8

MIGRATION 20260914201223_future_academic_start_scheduling.sql
CREATE FUNCTION
CREATE FUNCTION
CREATE FUNCTION
NOTICE:  trigger "trg_guard_future_subject_progress" for relation "public.student_subject_progress" does not exist, skipping
DROP TRIGGER
CREATE TRIGGER
NOTICE:  trigger "trg_guard_future_component_progress" for relation "public.student_component_progress" does not exist, skipping
DROP TRIGGER
CREATE TRIGGER

MIGRATION 20260915050000_edit_academic_program_start_date.sql
CREATE FUNCTION
REVOKE
REVOKE
GRANT
GRANT
COMMENT

MIGRATION 20260915060000_pause_tuition_effective_end.sql
CREATE FUNCTION
CREATE FUNCTION
CREATE FUNCTION
NOTICE:  trigger "trg_sync_enrollment_tuition_from_pause" for relation "public.enrollment_pauses" does not exist, skipping
DROP TRIGGER
CREATE TRIGGER
CREATE FUNCTION
NOTICE:  trigger "trg_sync_new_enrollment_tuition_from_pauses" for relation "public.enrollment_tuition" does not exist, skipping
DROP TRIGGER
CREATE TRIGGER
REVOKE
REVOKE
REVOKE
REVOKE

MIGRATION 20260915070000_invoice_engine_v1.sql
CREATE SEQUENCE
CREATE TABLE
CREATE INDEX
CREATE INDEX
CREATE INDEX
CREATE INDEX
CREATE INDEX
CREATE INDEX
CREATE TRIGGER
CREATE TABLE
CREATE INDEX
CREATE FUNCTION
CREATE TRIGGER
CREATE FUNCTION
CREATE TRIGGER
CREATE FUNCTION
CREATE FUNCTION
CREATE FUNCTION
ALTER TABLE
ALTER TABLE
CREATE POLICY
CREATE POLICY
REVOKE
REVOKE
GRANT
GRANT
REVOKE
REVOKE
REVOKE
GRANT
GRANT
GRANT

MIGRATION 20260915080000_payment_engine_v1.sql
CREATE SEQUENCE
CREATE TABLE
CREATE INDEX
CREATE INDEX
CREATE INDEX
CREATE INDEX
CREATE TRIGGER
CREATE TABLE
CREATE INDEX
CREATE INDEX
CREATE FUNCTION
CREATE TRIGGER
CREATE FUNCTION
CREATE TRIGGER
CREATE FUNCTION
CREATE FUNCTION
CREATE FUNCTION
CREATE FUNCTION
CREATE TRIGGER
ALTER TABLE
ALTER TABLE
CREATE POLICY
CREATE POLICY
REVOKE
REVOKE
GRANT
GRANT
REVOKE
REVOKE
REVOKE
GRANT
GRANT
GRANT

MIGRATION 20260915090000_debt_engine_v1.sql
CREATE VIEW
CREATE VIEW
CREATE VIEW
REVOKE
REVOKE
REVOKE
GRANT
GRANT
GRANT

MIGRATION 20260915100000_lock_tuition_discount_after_invoice.sql
CREATE FUNCTION

MIGRATION 20260915110000_refund_engine_v1.sql
CREATE SEQUENCE
CREATE TABLE
CREATE INDEX
CREATE INDEX
CREATE INDEX
CREATE INDEX
CREATE INDEX
CREATE TRIGGER
CREATE TABLE
CREATE INDEX
CREATE INDEX
CREATE FUNCTION
CREATE TRIGGER
CREATE FUNCTION
CREATE TRIGGER
CREATE FUNCTION
CREATE FUNCTION
CREATE FUNCTION
CREATE VIEW
ALTER TABLE
ALTER TABLE
CREATE POLICY
CREATE POLICY
REVOKE
REVOKE
GRANT
GRANT
REVOKE
REVOKE
REVOKE
GRANT
GRANT
GRANT

MIGRATION 20260915120000_finance_engine_v1.sql
CREATE VIEW
CREATE VIEW
CREATE VIEW
CREATE VIEW
REVOKE
REVOKE
REVOKE
REVOKE
GRANT
GRANT
GRANT
GRANT

MIGRATION 20260915130000_revenue_forecast_v1.sql
CREATE VIEW
CREATE VIEW
CREATE VIEW
REVOKE
REVOKE
REVOKE
GRANT
GRANT
GRANT

MIGRATION 20260915140000_tuition_operations_rpc.sql
CREATE FUNCTION
CREATE FUNCTION
CREATE FUNCTION
CREATE FUNCTION
REVOKE
GRANT

MIGRATION 20260915141000_tuition_reminder_engine_v1.sql
CREATE FUNCTION
CREATE TABLE
CREATE INDEX
ALTER TABLE
REVOKE
GRANT
CREATE POLICY
CREATE FUNCTION
CREATE TRIGGER
CREATE FUNCTION
CREATE FUNCTION
CREATE FUNCTION
CREATE TRIGGER
CREATE TRIGGER
CREATE VIEW
GRANT
CREATE FUNCTION
REVOKE
GRANT

MIGRATION 20260915150000_learning_reports_v1.sql
CREATE TABLE
CREATE INDEX
CREATE INDEX
CREATE TABLE
ALTER TABLE
ALTER TABLE
REVOKE
GRANT
CREATE POLICY
CREATE POLICY
CREATE FUNCTION
CREATE TRIGGER
CREATE FUNCTION
CREATE FUNCTION
CREATE FUNCTION
CREATE FUNCTION
CREATE TRIGGER
REVOKE
GRANT
CREATE VIEW
GRANT
CREATE INDEX

MIGRATION 20260915160000_lesson_feedback_v1.sql
CREATE FUNCTION
CREATE TABLE
CREATE INDEX
CREATE INDEX
CREATE INDEX
CREATE TABLE
CREATE INDEX
ALTER TABLE
ALTER TABLE
REVOKE
GRANT
CREATE POLICY
CREATE POLICY
CREATE FUNCTION
CREATE TRIGGER
CREATE FUNCTION
CREATE FUNCTION
CREATE VIEW
CREATE VIEW
GRANT
REVOKE
GRANT

MIGRATION 20260915170000_session_teacher_assignment_v1.sql
CREATE TABLE
CREATE INDEX
CREATE INDEX
CREATE TABLE
ALTER TABLE
ALTER TABLE
REVOKE
GRANT
CREATE POLICY
CREATE POLICY
CREATE VIEW
GRANT
CREATE FUNCTION
CREATE FUNCTION
CREATE TRIGGER
INSERT 0 0
CREATE FUNCTION
CREATE TRIGGER
CREATE TRIGGER
CREATE VIEW
GRANT
REVOKE
GRANT
CREATE FUNCTION

MIGRATION 20260915180000_teacher_payroll_v1.sql
CREATE TABLE
CREATE INDEX
CREATE TABLE
CREATE TABLE
CREATE INDEX
CREATE TABLE
CREATE INDEX
CREATE INDEX
CREATE TABLE
CREATE INDEX
CREATE TABLE
CREATE INDEX
ALTER TABLE
ALTER TABLE
ALTER TABLE
ALTER TABLE
ALTER TABLE
ALTER TABLE
REVOKE
GRANT
CREATE POLICY
CREATE FUNCTION
REVOKE
GRANT
CREATE POLICY
CREATE POLICY
CREATE POLICY
CREATE POLICY
CREATE POLICY
CREATE FUNCTION
CREATE FUNCTION
CREATE FUNCTION
CREATE FUNCTION
CREATE FUNCTION
CREATE FUNCTION
CREATE TRIGGER
CREATE TRIGGER
CREATE TRIGGER
CREATE TRIGGER
CREATE VIEW
GRANT
REVOKE
GRANT

MIGRATION 20260915181000_payroll_history_guards.sql
CREATE FUNCTION
CREATE FUNCTION
CREATE TRIGGER
REVOKE

MIGRATION 20260915190000_security_rpc_surface.sql
REVOKE
CREATE FUNCTION

MIGRATION 20260915191000_authorization_foundation.sql
ALTER TABLE
ALTER TABLE
ALTER TABLE
ALTER TABLE
CREATE INDEX
INSERT 0 3
INSERT 0 8
CREATE FUNCTION
CREATE FUNCTION
CREATE FUNCTION
CREATE FUNCTION
CREATE FUNCTION
CREATE TRIGGER
REVOKE
GRANT

MIGRATION 20260915192000_security_unused_grants.sql
ALTER FUNCTION
ALTER FUNCTION
REVOKE
REVOKE
ALTER FUNCTION
REVOKE
REVOKE
ALTER FUNCTION
REVOKE
REVOKE
ALTER FUNCTION
REVOKE
REVOKE
ALTER FUNCTION
REVOKE
REVOKE
ALTER FUNCTION
REVOKE
REVOKE
ALTER FUNCTION
REVOKE
REVOKE
ALTER FUNCTION
REVOKE
REVOKE
ALTER FUNCTION
REVOKE
ALTER FUNCTION
REVOKE
REVOKE
ALTER FUNCTION
REVOKE
ALTER FUNCTION
REVOKE
REVOKE
ALTER FUNCTION
REVOKE
REVOKE
ALTER FUNCTION
REVOKE
REVOKE
ALTER FUNCTION
REVOKE
REVOKE
ALTER FUNCTION
REVOKE
REVOKE
ALTER FUNCTION
REVOKE
ALTER FUNCTION
REVOKE
REVOKE
ALTER FUNCTION
REVOKE
ALTER FUNCTION
REVOKE
REVOKE
ALTER FUNCTION
REVOKE
REVOKE
ALTER FUNCTION
REVOKE
REVOKE
ALTER FUNCTION
REVOKE
REVOKE
ALTER FUNCTION
REVOKE
ALTER FUNCTION
REVOKE
ALTER FUNCTION
REVOKE
ALTER FUNCTION
REVOKE
REVOKE
ALTER FUNCTION
REVOKE
REVOKE
ALTER FUNCTION
REVOKE
REVOKE
ALTER FUNCTION
REVOKE
REVOKE
ALTER FUNCTION
REVOKE
ALTER FUNCTION
REVOKE
ALTER FUNCTION
REVOKE
ALTER FUNCTION
REVOKE
REVOKE
ALTER FUNCTION
REVOKE
REVOKE
ALTER FUNCTION
REVOKE
ALTER FUNCTION
REVOKE
ALTER FUNCTION
REVOKE
ALTER FUNCTION
REVOKE
REVOKE
ALTER FUNCTION
REVOKE
REVOKE
ALTER FUNCTION
REVOKE
ALTER FUNCTION
REVOKE
ALTER FUNCTION
REVOKE
ALTER FUNCTION
REVOKE
ALTER FUNCTION
REVOKE
ALTER FUNCTION
REVOKE
ALTER FUNCTION
REVOKE
ALTER FUNCTION
REVOKE
ALTER FUNCTION
REVOKE
REVOKE
ALTER FUNCTION
REVOKE
ALTER FUNCTION
REVOKE
ALTER FUNCTION
REVOKE
ALTER FUNCTION
REVOKE
ALTER FUNCTION
REVOKE
ALTER FUNCTION
REVOKE
REVOKE
ALTER FUNCTION
REVOKE
ALTER FUNCTION
REVOKE
ALTER FUNCTION
REVOKE
ALTER FUNCTION
REVOKE
ALTER FUNCTION
REVOKE
ALTER FUNCTION
REVOKE
ALTER FUNCTION
REVOKE
ALTER FUNCTION
REVOKE
REVOKE
REVOKE
REVOKE
REVOKE
REVOKE
REVOKE
REVOKE
REVOKE
REVOKE
REVOKE
REVOKE
REVOKE
REVOKE
REVOKE
REVOKE
REVOKE
REVOKE
REVOKE
REVOKE
REVOKE
REVOKE
REVOKE
REVOKE
REVOKE
REVOKE
REVOKE
REVOKE
REVOKE
REVOKE
REVOKE
REVOKE
REVOKE
REVOKE
REVOKE
REVOKE
REVOKE
REVOKE
REVOKE
REVOKE
REVOKE
REVOKE
REVOKE
REVOKE
REVOKE
REVOKE
REVOKE
REVOKE
REVOKE
REVOKE
REVOKE
REVOKE
REVOKE
REVOKE
REVOKE
REVOKE
REVOKE
REVOKE
REVOKE
REVOKE

MIGRATION 20260915200000_branch_relationship_scope.sql
ALTER TABLE
INSERT 0 6
INSERT 0 14
CREATE FUNCTION
CREATE FUNCTION
CREATE FUNCTION
CREATE FUNCTION
CREATE FUNCTION
CREATE FUNCTION
CREATE FUNCTION
CREATE FUNCTION
CREATE FUNCTION
CREATE FUNCTION
REVOKE
GRANT
CREATE POLICY
CREATE POLICY
CREATE POLICY
CREATE POLICY
CREATE POLICY
CREATE POLICY
ALTER POLICY
CREATE FUNCTION
CREATE FUNCTION
REVOKE
GRANT
CREATE FUNCTION
REVOKE
GRANT
ALTER POLICY

MIGRATION 20260916090000_harden_payroll_self_read.sql
CREATE FUNCTION
REVOKE
GRANT
CREATE FUNCTION
REVOKE
GRANT
ALTER POLICY

MIGRATION 20260916091000_harden_feedback_respondent_authorization.sql
ALTER TABLE
ALTER TABLE
ALTER TABLE
INSERT 0 1
INSERT 0 2
CREATE FUNCTION
REVOKE
GRANT
CREATE FUNCTION

MIGRATION 20260916092000_align_relationship_read_authorization.sql
CREATE FUNCTION
CREATE FUNCTION
CREATE FUNCTION
CREATE FUNCTION
CREATE FUNCTION
CREATE FUNCTION
CREATE FUNCTION
CREATE FUNCTION
CREATE FUNCTION
ALTER POLICY
ALTER POLICY
ALTER POLICY
ALTER POLICY
CREATE FUNCTION
REVOKE
GRANT
ALTER POLICY

MIGRATION 20260916093000_bound_teacher_historical_access.sql
CREATE FUNCTION
CREATE FUNCTION
REVOKE
GRANT
ALTER POLICY

MIGRATION 20260916094000_student_parent_history_reads.sql
INSERT 0 6
INSERT 0 6
CREATE FUNCTION
CREATE FUNCTION
CREATE FUNCTION
CREATE FUNCTION
CREATE FUNCTION
REVOKE
REVOKE
GRANT

MIGRATION 20260916095000_scoped_finance_payroll_reads.sql
INSERT 0 3
INSERT 0 3
CREATE POLICY
CREATE POLICY
CREATE POLICY
CREATE POLICY
CREATE POLICY
CREATE POLICY
CREATE POLICY
CREATE FUNCTION
CREATE FUNCTION
CREATE POLICY
CREATE POLICY
CREATE POLICY

MIGRATION 20260916100000_payroll_maker_checker.sql
INSERT 0 2
INSERT 0 3
ALTER TABLE
CREATE FUNCTION
REVOKE
CREATE FUNCTION
CREATE FUNCTION
REVOKE
GRANT

MIGRATION 20260916110000_financial_approval_workflows.sql
CREATE SCHEMA
REVOKE
CREATE FUNCTION
REVOKE
CREATE FUNCTION
ALTER FUNCTION
CREATE FUNCTION
REVOKE
CREATE FUNCTION
ALTER FUNCTION
CREATE FUNCTION
REVOKE
CREATE FUNCTION
ALTER FUNCTION
CREATE FUNCTION
REVOKE
CREATE FUNCTION
ALTER FUNCTION
INSERT 0 10
INSERT 0 10
CREATE FUNCTION
REVOKE
GRANT
CREATE FUNCTION
REVOKE
GRANT
CREATE TABLE
CREATE INDEX
CREATE INDEX
CREATE TABLE
CREATE INDEX
CREATE TABLE
CREATE INDEX
CREATE VIEW
ALTER TABLE
ALTER TABLE
ALTER TABLE
REVOKE
GRANT
CREATE POLICY
CREATE POLICY
CREATE POLICY
CREATE FUNCTION
CREATE FUNCTION
CREATE TRIGGER
CREATE TRIGGER
CREATE TRIGGER
CREATE FUNCTION
CREATE TRIGGER
CREATE TRIGGER
CREATE FUNCTION
CREATE FUNCTION
CREATE FUNCTION
CREATE FUNCTION
REVOKE
REVOKE
GRANT

MIGRATION 20260916111000_invoice_cancellation_approval.sql
ALTER TABLE
ALTER TABLE
INSERT 0 2
INSERT 0 2
CREATE FUNCTION
CREATE FUNCTION
CREATE FUNCTION
ALTER FUNCTION
CREATE FUNCTION
CREATE FUNCTION
REVOKE
CREATE FUNCTION

MIGRATION 20260916120000_security_consistency_hardening.sql
CREATE FUNCTION
CREATE FUNCTION
CREATE FUNCTION
REVOKE
GRANT
REVOKE
GRANT
REVOKE

MIGRATION 20260916130000_legacy_migration_review.sql
INSERT 0 8
CREATE TABLE
CREATE TABLE
CREATE TABLE
CREATE TABLE
CREATE TABLE
CREATE TABLE
CREATE INDEX
CREATE INDEX
CREATE INDEX
CREATE VIEW
REVOKE
GRANT
CREATE FUNCTION
ALTER TABLE
ALTER TABLE
ALTER TABLE
ALTER TABLE
ALTER TABLE
ALTER TABLE
CREATE POLICY
CREATE POLICY
CREATE POLICY
CREATE POLICY
CREATE POLICY
CREATE POLICY
REVOKE
GRANT
CREATE VIEW
REVOKE
GRANT
CREATE FUNCTION
CREATE FUNCTION
REVOKE
CREATE FUNCTION
CREATE FUNCTION
REVOKE
GRANT
CREATE FUNCTION
CREATE TRIGGER
CREATE TRIGGER
REVOKE
CREATE VIEW
ALTER TABLE
ALTER TABLE
CREATE FUNCTION
REVOKE
GRANT
CREATE FUNCTION
CREATE FUNCTION
CREATE FUNCTION
CREATE TRIGGER
REVOKE
CREATE TABLE
CREATE TABLE
ALTER TABLE
ALTER TABLE
CREATE POLICY
CREATE POLICY
REVOKE
GRANT
CREATE VIEW
CREATE FUNCTION
REVOKE
CREATE FUNCTION
CREATE FUNCTION
REVOKE
GRANT
CREATE FUNCTION
REVOKE
GRANT
CREATE FUNCTION
REVOKE
GRANT
CREATE VIEW
REVOKE
GRANT
CREATE FUNCTION
REVOKE
CREATE VIEW
REVOKE
GRANT
CREATE VIEW
CREATE VIEW
REVOKE
GRANT
CREATE VIEW
CREATE VIEW
REVOKE
GRANT
CREATE VIEW
CREATE VIEW
REVOKE
GRANT
CREATE VIEW
CREATE VIEW
REVOKE
GRANT

MIGRATION 20260916140000_opening_balance_collections.sql
ALTER TABLE
ALTER TABLE
ALTER TABLE
CREATE INDEX
CREATE INDEX
CREATE POLICY
INSERT 0 2
INSERT 0 2
ALTER TABLE
ALTER TABLE
CREATE TABLE
CREATE INDEX
ALTER TABLE
CREATE POLICY
REVOKE
GRANT
CREATE TRIGGER
CREATE TRIGGER
CREATE TRIGGER
CREATE TRIGGER
CREATE VIEW
CREATE VIEW
CREATE FUNCTION
REVOKE
GRANT
CREATE FUNCTION
ALTER FUNCTION
CREATE FUNCTION
CREATE FUNCTION
CREATE TRIGGER
CREATE FUNCTION
CREATE TRIGGER
CREATE FUNCTION
REVOKE

MIGRATION 20260916150000_customer_credit_ledger.sql
CREATE TABLE
CREATE INDEX
CREATE INDEX
CREATE INDEX
CREATE TABLE
CREATE INDEX
ALTER TABLE
ALTER TABLE
CREATE INDEX
DROP INDEX
CREATE INDEX
ALTER TABLE
ALTER TABLE
CREATE POLICY
CREATE POLICY
REVOKE
GRANT
CREATE TRIGGER
CREATE TRIGGER
CREATE VIEW
GRANT
CREATE VIEW
GRANT
CREATE VIEW
INSERT 0 2
INSERT 0 2
ALTER TABLE
ALTER TABLE
CREATE FUNCTION
ALTER FUNCTION
CREATE FUNCTION
CREATE FUNCTION
CREATE FUNCTION
CREATE TRIGGER
CREATE FUNCTION
CREATE TRIGGER
CREATE FUNCTION
CREATE FUNCTION
REVOKE

MIGRATION 20260916160000_employee_master.sql
CREATE SCHEMA
REVOKE
CREATE TABLE
INSERT 0 3
CREATE TABLE
CREATE TABLE
CREATE TABLE
CREATE INDEX
CREATE INDEX
CREATE TABLE
CREATE INDEX
CREATE FUNCTION
CREATE TRIGGER
CREATE TRIGGER
CREATE FUNCTION
CREATE TRIGGER
ALTER TABLE
ALTER TABLE
ALTER TABLE
ALTER TABLE
CREATE POLICY
CREATE POLICY
CREATE POLICY
CREATE POLICY
REVOKE
GRANT
CREATE FUNCTION
CREATE FUNCTION
CREATE FUNCTION
CREATE FUNCTION
CREATE FUNCTION
CREATE VIEW
GRANT
REVOKE
REVOKE
GRANT

MIGRATION 20260916170000_employee_attendance.sql
CREATE TABLE
CREATE TABLE
CREATE INDEX
CREATE TABLE
CREATE INDEX
CREATE TABLE
CREATE INDEX
CREATE FUNCTION
CREATE FUNCTION
CREATE FUNCTION
CREATE FUNCTION
DO
REVOKE
REVOKE
GRANT
CREATE TABLE
CREATE INDEX
CREATE TABLE
CREATE TABLE
ALTER TABLE
CREATE INDEX
CREATE FUNCTION
CREATE FUNCTION
CREATE FUNCTION
CREATE VIEW
REVOKE
GRANT
DO
REVOKE
GRANT

MIGRATION 20260916180000_payroll_scheduled_minutes.sql
CREATE FUNCTION
REVOKE

MIGRATION 20260916181000_payroll_employee_recipients.sql
ALTER TABLE
ALTER TABLE
ALTER TABLE
CREATE INDEX
ALTER TABLE
ALTER TABLE
ALTER TABLE
ALTER TABLE
ALTER TABLE
ALTER TABLE
ALTER TABLE
ALTER TABLE
CREATE INDEX
ALTER TABLE
ALTER TABLE
ALTER TABLE
ALTER TABLE
CREATE FUNCTION
CREATE TRIGGER
CREATE FUNCTION
CREATE FUNCTION
REVOKE
GRANT
REVOKE
CREATE FUNCTION
CREATE FUNCTION
CREATE FUNCTION

MIGRATION 20260916182000_payroll_evidence_adjustments.sql
ALTER TABLE
ALTER TABLE
ALTER TABLE
ALTER TABLE
ALTER TABLE
ALTER TABLE
ALTER TABLE
ALTER TABLE
CREATE INDEX
CREATE TABLE
REVOKE
CREATE INDEX
CREATE FUNCTION
CREATE FUNCTION
REVOKE
GRANT
INSERT 0 1
CREATE FUNCTION
CREATE POLICY
CREATE FUNCTION
REVOKE
GRANT

MIGRATION 20260916183000_payroll_employee_self_read.sql
CREATE FUNCTION
CREATE FUNCTION
REVOKE
GRANT

MIGRATION 20260916184000_payroll_trip_cost_breakdown.sql
CREATE TABLE
ALTER TABLE
REVOKE
GRANT
CREATE POLICY
CREATE TRIGGER
CREATE FUNCTION
REVOKE
GRANT
CREATE FUNCTION
CREATE TRIGGER
REVOKE

MIGRATION 20260916190000_parent_finance_visibility.sql
CREATE FUNCTION

MIGRATION 20260916191000_family_portal_projections.sql
CREATE FUNCTION
CREATE FUNCTION
CREATE FUNCTION
REVOKE
GRANT

MIGRATION 20260916192000_family_academic_permission.sql
INSERT 0 2
INSERT 0 2
CREATE FUNCTION
REVOKE
GRANT
CREATE FUNCTION

MIGRATION 20260916193000_teacher_portal_reads.sql
CREATE FUNCTION
CREATE FUNCTION
CREATE FUNCTION
INSERT 0 1
INSERT 0 1
CREATE FUNCTION
CREATE FUNCTION
REVOKE
GRANT

MIGRATION 20260916194000_family_opening_credit_reads.sql
CREATE FUNCTION
CREATE FUNCTION
REVOKE
GRANT

MIGRATION 20260916195000_teacher_current_academic_reads.sql
INSERT 0 1
CREATE FUNCTION
REVOKE
GRANT
CREATE FUNCTION

MIGRATION 20260916200000_payroll_effective_employee_self_read.sql
CREATE FUNCTION

MIGRATION 20260916201000_teacher_attendance_projection.sql
CREATE FUNCTION
CREATE FUNCTION
REVOKE
GRANT

MIGRATION 20260916210000_notification_infrastructure.sql
CREATE SCHEMA
REVOKE
CREATE TABLE
CREATE INDEX
CREATE INDEX
CREATE TABLE
CREATE TABLE
ALTER TABLE
ALTER TABLE
ALTER TABLE
REVOKE
GRANT
CREATE POLICY
CREATE POLICY
CREATE FUNCTION
CREATE FUNCTION
CREATE FUNCTION
CREATE FUNCTION
CREATE FUNCTION
CREATE FUNCTION
CREATE FUNCTION
REVOKE
REVOKE
GRANT
GRANT

MIGRATION 20260916211000_notification_delivery_revalidation.sql
CREATE FUNCTION
REVOKE
CREATE TRIGGER

MIGRATION 20260916212000_notification_source_contracts.sql
CREATE FUNCTION
CREATE FUNCTION

MIGRATION 20260916213000_notification_recipient_idempotency.sql
CREATE FUNCTION

MIGRATION 20260916220000_inventory_ledger.sql
INSERT 0 2
CREATE TABLE
CREATE TABLE
CREATE TABLE
CREATE INDEX
CREATE INDEX
ALTER TABLE
ALTER TABLE
ALTER TABLE
REVOKE
GRANT
CREATE POLICY
CREATE POLICY
CREATE POLICY
CREATE FUNCTION
CREATE TRIGGER
CREATE TRIGGER
CREATE FUNCTION
CREATE FUNCTION
CREATE FUNCTION
REVOKE
GRANT

MIGRATION 20260916221000_inventory_catalogue_scope.sql
CREATE FUNCTION
REVOKE
GRANT
DROP POLICY
CREATE POLICY

MIGRATION 20260916223000_serialized_instruments.sql
CREATE TABLE
CREATE TABLE
CREATE TABLE
CREATE TABLE
CREATE INDEX
ALTER TABLE
ALTER TABLE
ALTER TABLE
ALTER TABLE
REVOKE
GRANT
CREATE POLICY
CREATE POLICY
CREATE POLICY
CREATE POLICY
CREATE TRIGGER
CREATE TRIGGER
CREATE TRIGGER
CREATE FUNCTION
CREATE TRIGGER
CREATE FUNCTION
CREATE FUNCTION
CREATE FUNCTION
REVOKE
GRANT

MIGRATION 20260916230000_elearning_foundation.sql
CREATE TABLE
CREATE TABLE
CREATE INDEX
CREATE TABLE
CREATE TABLE
CREATE TABLE
CREATE INDEX
CREATE FUNCTION
CREATE FUNCTION
CREATE FUNCTION
ALTER TABLE
ALTER TABLE
ALTER TABLE
ALTER TABLE
ALTER TABLE
REVOKE
GRANT
CREATE POLICY
CREATE POLICY
CREATE POLICY
CREATE POLICY
CREATE POLICY
CREATE FUNCTION
CREATE FUNCTION
CREATE FUNCTION
CREATE FUNCTION
CREATE TRIGGER
CREATE FUNCTION
REVOKE
CREATE TRIGGER
CREATE TRIGGER
CREATE FUNCTION
CREATE FUNCTION
CREATE FUNCTION
REVOKE
GRANT

MIGRATION 20260916231000_learning_course_delivery_window.sql
CREATE FUNCTION

MIGRATION 20260916233000_learning_assessment_policies.sql
CREATE TABLE
CREATE TABLE
CREATE TABLE
CREATE INDEX
CREATE INDEX
CREATE TABLE
ALTER TABLE
ALTER TABLE
ALTER TABLE
ALTER TABLE
REVOKE
GRANT
CREATE POLICY
CREATE POLICY
CREATE FUNCTION
REVOKE
GRANT
CREATE POLICY
CREATE FUNCTION
REVOKE
GRANT
CREATE POLICY
CREATE TRIGGER
CREATE TRIGGER
CREATE FUNCTION
CREATE FUNCTION
CREATE FUNCTION
CREATE TRIGGER
CREATE FUNCTION
CREATE FUNCTION
CREATE FUNCTION
CREATE FUNCTION
CREATE FUNCTION
CREATE FUNCTION
CREATE TRIGGER
REVOKE
GRANT

MIGRATION 20260916234000_learning_assessment_policy_guards.sql
ALTER TABLE
CREATE FUNCTION
ALTER TABLE
REVOKE
GRANT

MIGRATION 20260916235000_learning_manual_review_queue.sql
CREATE VIEW
REVOKE
GRANT

MIGRATION 20260917000000_learning_assessment_regrades.sql
CREATE TABLE
CREATE INDEX
CREATE INDEX
CREATE INDEX
ALTER TABLE
REVOKE
GRANT
CREATE POLICY
CREATE TRIGGER
CREATE VIEW
CREATE VIEW
REVOKE
GRANT
CREATE FUNCTION
REVOKE
GRANT
CREATE FUNCTION
CREATE FUNCTION

MIGRATION 20260917003000_learning_academic_shadow_mapping.sql
CREATE TABLE
ALTER TABLE
REVOKE
GRANT
CREATE POLICY
CREATE TRIGGER
CREATE FUNCTION
REVOKE
GRANT
CREATE VIEW
REVOKE
GRANT

MIGRATION 20260917010000_learning_theory_contents_contract.sql
CREATE TABLE
INSERT 0 87
ALTER TABLE
REVOKE
GRANT
CREATE POLICY
CREATE TRIGGER
CREATE FUNCTION
REVOKE
CREATE TRIGGER

MIGRATION 20260917013000_learning_progress_analytics.sql
CREATE INDEX
CREATE INDEX
CREATE INDEX
CREATE FUNCTION
REVOKE
GRANT

MIGRATION 20260917020000_revoke_anonymous_business_grants.sql
REVOKE
REVOKE
ALTER DEFAULT PRIVILEGES
ALTER DEFAULT PRIVILEGES

MIGRATION 20260917100000_operational_payroll_documents.sql
ALTER TABLE
CREATE FUNCTION
REVOKE
GRANT
CREATE FUNCTION
REVOKE
GRANT

MIGRATION 20260917173000_learning_reports_v2.sql
CREATE FUNCTION
REVOKE
GRANT

MIGRATION 20260917232000_learning_reports_publish_workflow.sql
ALTER TABLE
ALTER TABLE
ALTER TABLE
NOTICE:  constraint "learning_reports_sent_at_state_check" of relation "learning_reports" does not exist, skipping
ALTER TABLE
ALTER TABLE
DO
ALTER TABLE
CREATE FUNCTION
CREATE FUNCTION
REVOKE
GRANT

MIGRATION 20260918003000_fix_direct_assessment_subjects.sql
NOTICE:  Direct assessment target absent: Adventure Level 2B (aa9eb2eb-e204-44f5-8b50-b50c9926f185). No data corrected for this target.
NOTICE:  Direct assessment target absent: Music Theory Kid1 (68f31cf3-f042-4bb8-8c33-c6066d2b94e3). No data corrected for this target.
DO

MIGRATION 20260918010000_learning_report_first_period_rule.sql
CREATE FUNCTION
REVOKE
GRANT

MIGRATION 20260918060000_academic_award_results.sql
ALTER TABLE
ALTER TABLE
ALTER TABLE
ALTER TABLE
CREATE FUNCTION
CREATE FUNCTION
CREATE FUNCTION
CREATE FUNCTION

MIGRATION 20260918070000_academic_component_items.sql
CREATE TABLE
CREATE INDEX
CREATE INDEX
CREATE TABLE
CREATE INDEX
CREATE INDEX
CREATE INDEX
CREATE TRIGGER
CREATE TRIGGER
ALTER TABLE
ALTER TABLE
REVOKE
REVOKE
GRANT
GRANT
CREATE POLICY
CREATE POLICY

MIGRATION 20260918073000_payment_entry_idempotency.sql
CREATE TABLE
ALTER TABLE
REVOKE
CREATE FUNCTION
REVOKE
GRANT

MIGRATION 20260918074500_component_completion_rule.sql
ALTER TABLE
UPDATE 0
ALTER TABLE
ALTER TABLE
NOTICE:  constraint "curriculum_subject_components_completion_rule_check" of relation "curriculum_subject_components" does not exist, skipping
ALTER TABLE
ALTER TABLE

MIGRATION 20260918080000_item_progress_engine.sql
CREATE FUNCTION
NOTICE:  trigger "trg_sync_component_progress_from_items" for relation "public.student_component_item_progress" does not exist, skipping
DROP TRIGGER
CREATE TRIGGER
CREATE FUNCTION
NOTICE:  trigger "trg_validate_component_item_rule" for relation "public.curriculum_subject_components" does not exist, skipping
DROP TRIGGER
CREATE TRIGGER

MIGRATION 20260918081500_seed_component_item_progress.sql
CREATE FUNCTION
CREATE FUNCTION
NOTICE:  trigger "trg_auto_seed_component_item_progress" for relation "public.student_component_progress" does not exist, skipping
DROP TRIGGER
CREATE TRIGGER
INSERT 0 0
REVOKE
REVOKE

MIGRATION 20260918152200_employee_expense_claims_v1.sql
BEGIN
SET
SET
DO
CREATE SCHEMA
REVOKE
CREATE TABLE
CREATE TABLE
CREATE INDEX
CREATE INDEX
CREATE INDEX
CREATE INDEX
CREATE TABLE
CREATE INDEX
CREATE FUNCTION
CREATE FUNCTION
CREATE FUNCTION
ALTER TABLE
ALTER TABLE
ALTER TABLE
CREATE POLICY
CREATE POLICY
CREATE POLICY
REVOKE
GRANT
CREATE FUNCTION
CREATE FUNCTION
CREATE FUNCTION
CREATE FUNCTION
CREATE TRIGGER
CREATE FUNCTION
CREATE TRIGGER
CREATE FUNCTION
CREATE TRIGGER
CREATE FUNCTION
CREATE FUNCTION
CREATE FUNCTION
CREATE FUNCTION
CREATE FUNCTION
CREATE FUNCTION
CREATE FUNCTION
CREATE FUNCTION
REVOKE
REVOKE
GRANT
COMMENT
COMMENT
NOTIFY
COMMIT

MIGRATION 20260918202526_staff_foundation_v1.sql
BEGIN
SET
SET
DO
CREATE TABLE
INSERT 0 8
CREATE TABLE
CREATE INDEX
CREATE INDEX
CREATE INDEX
CREATE TABLE
INSERT 0 9
CREATE TABLE
CREATE INDEX
CREATE INDEX
CREATE INDEX
ALTER TABLE
ALTER TABLE
ALTER TABLE
ALTER TABLE
CREATE POLICY
CREATE POLICY
CREATE POLICY
CREATE POLICY
REVOKE
GRANT
CREATE FUNCTION
REVOKE
GRANT
COMMENT
COMMENT
COMMENT
COMMENT
DO
COMMIT

MIGRATION 20260918205719_staff_compensation_rpc_v1.sql
BEGIN
SET
SET
DO
CREATE FUNCTION
CREATE FUNCTION
REVOKE
REVOKE
GRANT
GRANT
COMMENT
COMMENT
DO
COMMIT

MIGRATION 20260918211436_payroll_v2_generator_v1.sql
BEGIN
SET
SET
DO
ALTER TABLE
ALTER TABLE
CREATE FUNCTION
CREATE TRIGGER
CREATE TABLE
CREATE INDEX
CREATE INDEX
CREATE INDEX
CREATE INDEX
CREATE INDEX
CREATE TRIGGER
ALTER TABLE
CREATE POLICY
REVOKE
GRANT
CREATE FUNCTION
CREATE FUNCTION
REVOKE
GRANT
COMMENT
COMMENT
COMMENT
DO
COMMIT

MIGRATION 20260918221109_payroll_v2_period_actions_v1.sql
BEGIN
SET
SET
DO
CREATE TABLE
CREATE INDEX
CREATE INDEX
CREATE INDEX
CREATE FUNCTION
CREATE TRIGGER
ALTER TABLE
CREATE POLICY
REVOKE
GRANT
CREATE FUNCTION
CREATE FUNCTION
REVOKE
CREATE FUNCTION
CREATE FUNCTION
CREATE FUNCTION
CREATE FUNCTION
CREATE FUNCTION
REVOKE
REVOKE
REVOKE
GRANT
GRANT
GRANT
COMMENT
COMMENT
COMMENT
COMMENT
DO
NOTIFY
COMMIT

MIGRATION 20260919044014_retire_fixed_pay_component.sql
DO

MIGRATION 20260919115041_attendance_retention_risk_v1.sql

MIGRATION 20260919120145_attendance_retention_risk_v1.sql
BEGIN
SET
SET
DO
CREATE TABLE
CREATE INDEX
CREATE INDEX
CREATE INDEX
CREATE TABLE
CREATE INDEX
CREATE FUNCTION
CREATE TRIGGER
ALTER TABLE
ALTER TABLE
CREATE POLICY
CREATE POLICY
REVOKE
REVOKE
GRANT
GRANT
CREATE FUNCTION
REVOKE
CREATE FUNCTION
REVOKE
GRANT
CREATE FUNCTION
REVOKE
GRANT
COMMENT
COMMENT
COMMENT
DO
NOTIFY
COMMIT

MIGRATION 20260919141114_staff_combined_insurance_foundation.sql
BEGIN
SET
SET
SET
DO
NOTICE:  extension "btree_gist" already exists, skipping
CREATE EXTENSION
LOCK TABLE
DO
INSERT 0 1
ALTER TABLE
DO
UPDATE 2
DO
NOTIFY
COMMIT

MIGRATION 20260920090000_payroll_v2_preview.sql
BEGIN
SET
SET
CREATE FUNCTION
CREATE FUNCTION
REVOKE
GRANT
NOTIFY
COMMIT

MIGRATION 20260920221500_payroll_payslip_v2.sql
BEGIN
SET
SET
CREATE FUNCTION
REVOKE
GRANT
NOTIFY
COMMIT

MIGRATION 20260921001000_fix_payroll_payslip_v2_rpc.sql
BEGIN
SET
SET
CREATE FUNCTION
REVOKE
GRANT
DO
NOTIFY
COMMIT

MIGRATION 20260921013000_employee_private_profile_v1.sql
BEGIN
SET
SET
DO
CREATE TABLE
CREATE INDEX
CREATE INDEX
CREATE INDEX
ALTER TABLE
REVOKE
CREATE FUNCTION
CREATE FUNCTION
CREATE FUNCTION
CREATE FUNCTION
CREATE FUNCTION
CREATE FUNCTION
CREATE FUNCTION
CREATE FUNCTION
REVOKE
REVOKE
REVOKE
REVOKE
GRANT
GRANT
GRANT
GRANT
DO
NOTIFY
COMMIT

MIGRATION 20260921020000_expense_claim_v2_itemized.sql
BEGIN
SET
SET
DO
ALTER TABLE
ALTER TABLE
CREATE INDEX
CREATE INDEX
CREATE TABLE
CREATE INDEX
ALTER TABLE
CREATE POLICY
REVOKE
GRANT
ALTER TABLE
ALTER TABLE
CREATE FUNCTION
CREATE FUNCTION
CREATE TRIGGER
CREATE FUNCTION
CREATE FUNCTION
CREATE FUNCTION
CREATE FUNCTION
CREATE FUNCTION
CREATE FUNCTION
CREATE FUNCTION
CREATE FUNCTION
CREATE FUNCTION
CREATE FUNCTION
REVOKE
GRANT
REVOKE
COMMENT
COMMENT
COMMENT
NOTIFY
COMMIT

MIGRATION 20260921021000_expense_claim_v2_security_hardening.sql
BEGIN
SET
SET
DO
REVOKE
DO
NOTIFY
COMMIT

MIGRATION 20260921022000_expense_claim_v2_snapshot_breakdown.sql
BEGIN
CREATE FUNCTION
COMMIT

MIGRATION 20260921145500_payroll_period_create_guard.sql
BEGIN
SET
SET
DO
CREATE FUNCTION
REVOKE
GRANT
COMMENT
DO
NOTIFY
COMMIT

MIGRATION 20260921173000_payroll_retroactive_v1.sql
BEGIN
SET
SET
DO
INSERT 0 1
CREATE TABLE
CREATE INDEX
CREATE INDEX
ALTER TABLE
CREATE POLICY
REVOKE
GRANT
ALTER TABLE
ALTER TABLE
ALTER TABLE
ALTER TABLE
ALTER TABLE
CREATE INDEX
CREATE FUNCTION
CREATE FUNCTION
CREATE FUNCTION
CREATE FUNCTION
CREATE FUNCTION
CREATE FUNCTION
CREATE FUNCTION
CREATE TRIGGER
ALTER TABLE
REVOKE
GRANT
DO
NOTIFY
COMMIT

MIGRATION 20260921190000_payroll_disbursements_v2.sql
BEGIN
SET
SET
INSERT 0 1
INSERT 0 1
CREATE TABLE
CREATE INDEX
CREATE INDEX
CREATE INDEX
ALTER TABLE
REVOKE
GRANT
CREATE POLICY
CREATE SCHEMA
REVOKE
CREATE FUNCTION
CREATE FUNCTION
CREATE FUNCTION
CREATE FUNCTION
CREATE FUNCTION
REVOKE
GRANT
NOTIFY
COMMIT

MIGRATION 20260921191000_payroll_disbursement_history_guard.sql
BEGIN
SET
SET
CREATE FUNCTION
CREATE TRIGGER
COMMIT

MIGRATION 20260921192000_retroactive_trigger_security_hardening.sql
BEGIN
SET
SET
DO
REVOKE
REVOKE
REVOKE
REVOKE
GRANT
DO
COMMIT

MIGRATION 20260921193000_retroactive_close_guard_and_retarget.sql
BEGIN
SET
SET
DO
CREATE TABLE
CREATE INDEX
ALTER TABLE
CREATE POLICY
REVOKE
GRANT
CREATE FUNCTION
REVOKE
GRANT
CREATE TRIGGER
CREATE FUNCTION
REVOKE
GRANT
DO
NOTIFY
COMMIT

MIGRATION 20260921200000_operating_expenses_v1.sql
BEGIN
SET
SET
DO
INSERT 0 2
INSERT 0 2
CREATE SCHEMA
REVOKE
CREATE TABLE
CREATE TABLE
CREATE INDEX
CREATE INDEX
CREATE INDEX
CREATE TABLE
CREATE INDEX
CREATE FUNCTION
CREATE FUNCTION
CREATE FUNCTION
CREATE FUNCTION
CREATE FUNCTION
CREATE FUNCTION
CREATE FUNCTION
CREATE FUNCTION
CREATE FUNCTION
CREATE FUNCTION
CREATE TRIGGER
CREATE TRIGGER
CREATE TRIGGER
ALTER TABLE
ALTER TABLE
ALTER TABLE
CREATE POLICY
CREATE POLICY
CREATE POLICY
REVOKE
GRANT
CREATE FUNCTION
CREATE FUNCTION
CREATE FUNCTION
CREATE FUNCTION
CREATE FUNCTION
CREATE FUNCTION
CREATE FUNCTION
CREATE FUNCTION
CREATE FUNCTION
CREATE FUNCTION
REVOKE
GRANT
DO
NOTIFY
COMMIT

MIGRATION 20260922013000_financial_management_report_v1.sql
BEGIN
SET
SET
SET
DO
CREATE SCHEMA
REVOKE
CREATE FUNCTION
CREATE FUNCTION
CREATE FUNCTION
CREATE FUNCTION
CREATE FUNCTION
CREATE FUNCTION
CREATE FUNCTION
CREATE FUNCTION
CREATE FUNCTION
CREATE FUNCTION
CREATE FUNCTION
CREATE FUNCTION
REVOKE
GRANT
COMMENT
DO
COMMIT

MIGRATION 20260922013100_financial_management_report_v1_qualify_month.sql
BEGIN
SET
SET
SET
CREATE FUNCTION
COMMIT

MIGRATION 20260922013200_financial_management_report_v1_validation_gate.sql
BEGIN
SET
SET
SET
DROP FUNCTION
CREATE FUNCTION
CREATE FUNCTION
CREATE FUNCTION
CREATE FUNCTION
REVOKE
GRANT
DO
COMMIT

MIGRATION 20260922030000_attendance_qr_phase1_foundation.sql
BEGIN
SET
SET
ERROR:  VIBE_QR_PGCRYPTO_SCHEMA_INVALID
CONTEXT:  PL/pgSQL function inline_code_block line 18 at RAISE

MIGRATION 20260922030000_attendance_qr_phase1_foundation.sql
BEGIN
SET
SET
DO
DO
CREATE TABLE
CREATE INDEX
CREATE INDEX
CREATE TABLE
CREATE INDEX
CREATE TABLE
CREATE INDEX
CREATE INDEX
CREATE INDEX
CREATE INDEX
CREATE INDEX
ALTER TABLE
ALTER TABLE
ALTER TABLE
REVOKE
CREATE FUNCTION
CREATE FUNCTION
CREATE FUNCTION
CREATE FUNCTION
CREATE FUNCTION
CREATE FUNCTION
CREATE FUNCTION
CREATE FUNCTION
CREATE FUNCTION
CREATE TRIGGER
CREATE TRIGGER
REVOKE
GRANT
NOTIFY
COMMIT

MIGRATION 20260922040000_attendance_qr_verification_payroll.sql
BEGIN
SET
SET
DO
CREATE TABLE
CREATE INDEX
CREATE INDEX
CREATE INDEX
ALTER TABLE
REVOKE
CREATE FUNCTION
REVOKE
CREATE TRIGGER
CREATE TRIGGER
CREATE FUNCTION
REVOKE
CREATE TRIGGER
CREATE FUNCTION
CREATE FUNCTION
REVOKE
GRANT
CREATE FUNCTION
NOTIFY
COMMIT

MIGRATION 20260922153000_lesson_feedback_reasons.sql
CREATE TABLE
CREATE INDEX
ALTER TABLE
REVOKE
GRANT
CREATE POLICY
CREATE FUNCTION
CREATE TRIGGER
DROP FUNCTION
CREATE FUNCTION
REVOKE
GRANT

MIGRATION 20260922180000_crm_lead_foundation_v1.sql
SET
WARNING:  SET LOCAL can only be used in transaction blocks
WARNING:  SET LOCAL can only be used in transaction blocks
SET
DO
INSERT 0 4
INSERT 0 4
CREATE FUNCTION
CREATE FUNCTION
CREATE FUNCTION
CREATE TABLE
CREATE INDEX
CREATE INDEX
CREATE INDEX
CREATE INDEX
CREATE INDEX
CREATE TABLE
CREATE INDEX
CREATE FUNCTION
CREATE TRIGGER
CREATE FUNCTION
CREATE TRIGGER
ALTER TABLE
ALTER TABLE
CREATE POLICY
CREATE POLICY
REVOKE
REVOKE
GRANT
GRANT
CREATE FUNCTION
CREATE FUNCTION
CREATE FUNCTION
CREATE FUNCTION
CREATE FUNCTION
CREATE FUNCTION
CREATE FUNCTION
CREATE FUNCTION
CREATE FUNCTION
CREATE FUNCTION
CREATE FUNCTION
REVOKE
GRANT
GRANT
GRANT
GRANT
GRANT
GRANT
GRANT
COMMENT

MIGRATION 20260922200000_crm_lead_conversion_v1.sql
INSERT 0 1
INSERT 0 1
ALTER TABLE
ALTER TABLE
CREATE TABLE
CREATE INDEX
CREATE FUNCTION
CREATE TRIGGER
ALTER TABLE
CREATE POLICY
REVOKE
GRANT
CREATE FUNCTION
CREATE FUNCTION
REVOKE
GRANT
GRANT

MIGRATION 20260922210000_crm_campaigns_v1.sql
INSERT 0 2
INSERT 0 2
CREATE TABLE
CREATE INDEX
ALTER TABLE
CREATE INDEX
CREATE FUNCTION
CREATE TRIGGER
ALTER TABLE
CREATE POLICY
REVOKE
GRANT
CREATE FUNCTION
CREATE FUNCTION
CREATE FUNCTION
CREATE FUNCTION
CREATE FUNCTION
CREATE FUNCTION
REVOKE
GRANT
GRANT
GRANT
GRANT
GRANT
GRANT
CREATE FUNCTION
REVOKE
GRANT

MIGRATION 20260922220000_crm_reactivation_v1.sql
INSERT 0 2
INSERT 0 2
CREATE TABLE
CREATE INDEX
CREATE INDEX
CREATE TABLE
CREATE INDEX
CREATE FUNCTION
CREATE TRIGGER
CREATE FUNCTION
CREATE TRIGGER
ALTER TABLE
ALTER TABLE
CREATE POLICY
CREATE POLICY
REVOKE
GRANT
CREATE FUNCTION
CREATE FUNCTION
CREATE FUNCTION
CREATE FUNCTION
REVOKE
GRANT
GRANT
GRANT

MIGRATION 20260922230000_instrument_customer_care_v1.sql
INSERT 0 2
INSERT 0 2
CREATE TABLE
CREATE TABLE
CREATE INDEX
CREATE TABLE
CREATE TABLE
CREATE INDEX
CREATE FUNCTION
CREATE TRIGGER
CREATE TRIGGER
CREATE TRIGGER
CREATE FUNCTION
CREATE TRIGGER
CREATE TRIGGER
CREATE FUNCTION
CREATE TRIGGER
ALTER TABLE
ALTER TABLE
ALTER TABLE
ALTER TABLE
CREATE FUNCTION
CREATE POLICY
CREATE POLICY
CREATE POLICY
CREATE POLICY
REVOKE
GRANT
CREATE FUNCTION
CREATE FUNCTION
CREATE FUNCTION
CREATE FUNCTION
CREATE FUNCTION
REVOKE
GRANT
GRANT
GRANT
GRANT
GRANT
GRANT

MIGRATION 20260922240000_business_command_center_v1.sql
CREATE FUNCTION
REVOKE
GRANT

MIGRATION 20260922250000_crm_shell_access_v1.sql
CREATE FUNCTION
REVOKE
GRANT

MIGRATION 20260922260000_registration_placement_v1.sql
WARNING:  SET LOCAL can only be used in transaction blocks
SET
SET
WARNING:  SET LOCAL can only be used in transaction blocks
DO
INSERT 0 6
INSERT 0 6
CREATE FUNCTION
CREATE FUNCTION
CREATE TABLE
CREATE INDEX
CREATE INDEX
CREATE TABLE
CREATE INDEX
CREATE TABLE
CREATE INDEX
CREATE TABLE
CREATE FUNCTION
CREATE FUNCTION
CREATE TRIGGER
CREATE TRIGGER
CREATE TRIGGER
CREATE TRIGGER
ALTER TABLE
ALTER TABLE
ALTER TABLE
ALTER TABLE
CREATE POLICY
CREATE POLICY
CREATE POLICY
CREATE POLICY
REVOKE
GRANT
CREATE FUNCTION
CREATE FUNCTION
CREATE FUNCTION
CREATE FUNCTION
CREATE FUNCTION
CREATE FUNCTION
CREATE FUNCTION
CREATE FUNCTION
CREATE FUNCTION
CREATE FUNCTION
CREATE FUNCTION
REVOKE
GRANT

MIGRATION 20260922270000_learning_observation_taxonomy_v1.sql
WARNING:  SET LOCAL can only be used in transaction blocks
SET
WARNING:  SET LOCAL can only be used in transaction blocks
SET
DO
CREATE TABLE
INSERT 0 56
CREATE TABLE
INSERT 0 10
CREATE TABLE
INSERT 0 8
CREATE TABLE
INSERT 0 24
CREATE TABLE
CREATE TABLE
CREATE TABLE
CREATE FUNCTION
CREATE TRIGGER
CREATE TRIGGER
CREATE TRIGGER
CREATE FUNCTION
CREATE FUNCTION
CREATE FUNCTION
CREATE FUNCTION
CREATE FUNCTION
CREATE FUNCTION
CREATE FUNCTION
CREATE FUNCTION
CREATE FUNCTION
CREATE FUNCTION
CREATE FUNCTION
CREATE FUNCTION
ALTER TABLE
ALTER TABLE
ALTER TABLE
ALTER TABLE
ALTER TABLE
ALTER TABLE
ALTER TABLE
CREATE POLICY
CREATE POLICY
CREATE POLICY
CREATE POLICY
CREATE POLICY
CREATE POLICY
CREATE POLICY
REVOKE
GRANT
REVOKE
GRANT

MIGRATION 20260922280000_student_ops_shell_v1.sql
CREATE FUNCTION
REVOKE
GRANT
CREATE FUNCTION

MIGRATION 20260922290000_student_placement_correction_v1.sql
WARNING:  SET LOCAL can only be used in transaction blocks
SET
WARNING:  SET LOCAL can only be used in transaction blocks
SET
ALTER TABLE
CREATE INDEX
DO
ALTER TABLE
CREATE FUNCTION
CREATE FUNCTION
CREATE FUNCTION
CREATE FUNCTION
CREATE FUNCTION
CREATE FUNCTION
DROP FUNCTION
DROP FUNCTION
CREATE FUNCTION
CREATE FUNCTION
CREATE FUNCTION
REVOKE
GRANT

MIGRATION 20260922300000_zalo_webhook_foundation_v1.sql
CREATE TABLE
CREATE INDEX
CREATE TABLE
CREATE INDEX
CREATE INDEX
CREATE INDEX
CREATE INDEX
CREATE INDEX
CREATE INDEX
ALTER TABLE
ALTER TABLE
REVOKE
GRANT
GRANT
CREATE POLICY
CREATE POLICY
CREATE FUNCTION
CREATE FUNCTION
REVOKE
REVOKE
GRANT
GRANT

MIGRATION 20260922310000_zalo_admin_read_v1.sql
CREATE FUNCTION
CREATE FUNCTION
CREATE FUNCTION
CREATE FUNCTION
REVOKE
REVOKE
REVOKE
REVOKE
GRANT
GRANT
GRANT
GRANT

MIGRATION 20260922320000_crm_channel_state_v1.sql
CREATE FUNCTION
REVOKE
GRANT

MIGRATION 20260923031500_lesson_operator_writes_v1.sql
CREATE FUNCTION
CREATE FUNCTION
CREATE FUNCTION
CREATE FUNCTION
CREATE FUNCTION
CREATE FUNCTION
CREATE FUNCTION
REVOKE
REVOKE
REVOKE
REVOKE
REVOKE
REVOKE
REVOKE
GRANT
GRANT
GRANT
GRANT

MIGRATION 20260923040000_zalo_interaction_link_v1.sql
ALTER TABLE
ALTER TABLE
ALTER TABLE
ALTER TABLE
ALTER TABLE
ALTER TABLE
ALTER TABLE
CREATE INDEX
ALTER TABLE
ALTER TABLE
ALTER TABLE
ALTER TABLE
CREATE FUNCTION
ERROR:  function "registration_zalo_connection" already exists with same argument types
