✔ direct assessment ignores components and retains fractional display (0.454875ms)
✔ optional and inactive subjects do not dilute grade progress (0.103708ms)
✔ component subjects use only required active components (0.081125ms)
✔ no quarter rounding or premature completion at seven of eight components (0.082625ms)
✔ missing required progress remains incomplete (0.055875ms)
✔ completed grade is 100%; passing manual grade awaits database confirmation (0.05725ms)
✔ renders both programs, primary first; completed history read-only, next grade start only (46.336208ms)
✔ inconsistent current grade blocks start and reports mismatch (25.707208ms)
✔ completed enrollment remains visible; no programs produces a safe empty state (37.03075ms)
✔ all three awards are equally complete and preserve their display value (1.677833ms)
✔ editable direct subjects expose precisely five choices and Save; record preserves Merit (47.448458ms)
✔ component subject exposes only component editor and future grade stays locked (34.581334ms)
✔ scheduled edit gate compares timestamps instead of timestamp versus calendar string (1.221291ms)
Assign academic program error: { message: 'A required subject has no required active components' }
✔ createCurriculumSubject preserves explicit DIRECT_ASSESSMENT and required flag (66.679084ms)
✔ createCurriculumSubject preserves explicit ALL_REQUIRED_COMPONENTS and required flag (22.673542ms)
✔ createCurriculumSubject rejects missing/unsupported method  (19.414042ms)
✔ createCurriculumSubject rejects missing/unsupported method MANUAL (13.360583ms)
✔ createCurriculumSubject rejects missing/unsupported method UNSUPPORTED (14.2865ms)
✔ updateCurriculumSubject preserves explicit DIRECT_ASSESSMENT and required flag (12.776084ms)
✔ updateCurriculumSubject preserves explicit ALL_REQUIRED_COMPONENTS and required flag (18.812792ms)
✔ updateCurriculumSubject rejects missing/unsupported method  (10.997625ms)
✔ updateCurriculumSubject rejects missing/unsupported method MANUAL (10.152667ms)
✔ updateCurriculumSubject rejects missing/unsupported method UNSUPPORTED (10.73575ms)
✔ edit form displays explicit methods without silently converting DIRECT_ASSESSMENT (29.16425ms)
✔ edit form displays explicit methods without silently converting MANUAL (19.540583ms)
✔ assign action forwards inputs and exposes validation failure without success (8.030083ms)
✔ operations consolidation does not expose finance to student-only staff (13.303667ms)
✔ menu targets existing standalone routes only (0.186625ms)
✔ active menu chooses the most specific existing URL (0.194833ms)
✔ HR groups staff, pay, and assignment without a separate teacher entry (11.373583ms)
✔ business shell keeps unaudited admin routes out of the branch menu (21.805458ms)
✔ unimplemented domains are omitted and existing finance routes are present (0.176958ms)
✔ CRM aliases and registration share the consolidated navigation entry (0.130458ms)
✔ approved tuition and payment group keeps six routes and precise active state (8.049209ms)
✔ approved HR labels and deep links remain precise (7.279875ms)
✔ HR sidebar renders exactly four direct links without nested links or controls (20.908ms)
✔ HR and recruitment use the same wrapping workspace tabs, mounted once (12.16975ms)
✔ payroll retains its back link without a second cross-module navigation bar (0.260459ms)
✔ training and system preserve local routes and exact active destinations (9.034584ms)
✔ legacy embedded training URLs select the single canonical tab (9.28875ms)
✔ program/course switches share the training bar and preserve existing search filters (5.854ms)
✔ room workspace does not repeat cross-module navigation as a dropdown (0.161917ms)
✔ business shell accepts only the business route tree (0.428166ms)
✔ business shell navigation hides unaudited admin domains (0.381958ms)
✔ super admin reaches business and the rest of admin (103.2885ms)
✔ branch admin with CRM permission reaches only business routes (157.373042ms)
✔ student operations opens only the exact students list (178.176334ms)
✔ business and student permissions share a menu without opening other admin domains (13.55425ms)
✔ accounts without CRM shell permission are denied, including a missing path header (35.688125ms)
✔ consolidated tabs obey existing server access boundaries (62.220166ms)
✔ date validation, Vietnam default, and all server-side filters (43.599125ms)
✔ return URL retains filters and rejects external or unrelated destinations (7.316625ms)
✔ launcher renders canonical roster directly and forwards filters to bounded RPC (45.760833ms)
✔ empty and failed queries show an explicit state without class detours (49.199042ms)
✔ empty session result does not load attendance history (25.231667ms)
✔ attendance query is restricted to visible sessions (3.155708ms)
✔ missing deployed view reports schema update, without falling back to primary teacher (2.583958ms)
✔ permission/network failures are not misdiagnosed as missing migrations (3.416375ms)
✔ Aural module catalogue preserves approved Grade 1–3 structure (0.685625ms)
✔ explicit draft roundtrip retains opaque asset identity and replay policy (0.3095ms)
✔ change detection requires an ordered original/comparison pair (0.219459ms)
✔ tonality is restricted to approved Grade 3D scope (0.105333ms)
✔ echo requires bounded recording and private manual rubric, never an automatic score (0.133875ms)
✔ metadata cannot smuggle public URLs, object paths, answer keys or approval (0.126458ms)
✔ invalid media metadata, missing policies, oversized limits and duplicate choices fail closed (0.161916ms)
✔ unauthenticated request stops before authorization RPCs (26.919541ms)
✔ permission alone cannot open legacy admin actions to a new role (4.240667ms)
✔ admin with denied permission cannot mutate (4.32325ms)
✔ authorization RPC errors fail closed (2.616459ms)
✔ active admin permission returns session client and forwards explicit branch scope (2.795625ms)
✔ branch basic update forwards only safe fields; ignores forged branch/status/account (70.3075ms)
✔ database cross-branch denial is not reported as success (13.414667ms)
✔ client supplied admin role cannot bypass staff authentication (10.637875ms)
✔ signed-out user cannot reach mutation RPC (10.553708ms)
✔ invalid input is rejected before mutation RPC (8.084375ms)
✔ cohort rates stay empty when the denominator is zero (0.365958ms)
✔ missing or zero budget is not displayed as a cost (0.081959ms)
✔ marketing opens the report tab unless that permission is missing (0.646333ms)
✔ after-sales keeps the two relationships on separate tabs (0.099542ms)
✔ old list routes redirect to the matching tab and keep supported filters (0.282125ms)
✔ a workspace stays in the menu only when one of its tabs is allowed (0.08525ms)
(node:56754) [MODULE_TYPELESS_PACKAGE_JSON] Warning: Module type of file:///Users/macbookair/vibe-academy-system/app/admin/_lib/business-date.ts is not specified and it doesn't parse as CommonJS.
Reparsing as ES module because module syntax was detected. This incurs a performance overhead.
To eliminate this warning, add "type": "module" to /Users/macbookair/vibe-academy-system/package.json.
(Use `node --trace-warnings ...` to show where the warning was created)
✔ class teacher dates use the Vietnam business date (42.354875ms)
✔ primary handoff gives the change date to the new teacher only (2.45975ms)
✔ same-day start cannot be closed on the previous day (0.403208ms)
✔ reassigning the same teacher does not overwrite the closed period (0.19575ms)
✔ legacy CRM redirect preserves repeated parameters, search and lifecycle tabs (0.938083ms)
✔ CRM filter retains workspace and counter explicitly selects academic subject (1.3315ms)
✔ crm tabs are views of one pipeline (0.683083ms)
✔ pipeline actions stay on the adjacent step (0.077875ms)
✔ journey labels use registration and conversion facts (0.101791ms)
✔ crm workspace does not offer a standalone learning-profile action (0.267791ms)
✔ crm errors stay in Vietnamese (0.066042ms)
✔ owner matrix produces 37 levels, 184 subjects and 2640 lessons (2.275917ms)
✔ foundation and grade boundaries match the approved subject matrix (0.671375ms)
✔ lesson keys are stable, unique and mapping remains explicitly unresolved (3.743709ms)
✔ program hierarchy stays Curriculum, Level, Subject, Component, Lesson (0.748875ms)
✔ level workspace lists subjects without turning a course into a level (0.080333ms)
✔ one storage component stays a flat lesson list (0.066333ms)
✔ multiple components keep separate lesson lists (0.05575ms)
✔ lesson breadcrumb includes the assessment group only when it is academic (0.056875ms)
✔ linked courses stay outside the academic tree (0.061167ms)
✔ structure health stays separate from content readiness (0.117292ms)
✔ inactive lessons stay out of active counts and rows page past 1000 (0.053583ms)
✔ workspace uses the shared page shell and contained tables (0.129416ms)
✔ credit application passes only approved target and amount, never client owner or balance (57.889167ms)
✔ credit application rejects forged obligation kinds IDs and negative amounts (44.266375ms)
✔ credit refund uses financial approval with Vietnam actual refund time (9.375208ms)
✔ credit refund UI cannot offer duplicate allocation into a receivable (84.144375ms)
✔ payment effective allocation total subtracts released credit without changing originals (13.265584ms)
✔ credit detail renders remaining liability and explicit approval forms (41.134625ms)
✔ learning admin denies non-admin before review mutation (50.945166ms)
✔ learning review delegates independent reviewer to database (10.570583ms)
✔ learning grant uses explicit Vietnam boundaries without price or tuition mutation (9.640833ms)
✔ learning grant rejects invalid date before mutation (7.274917ms)
✔ learner activity denies signed-out account (8.31775ms)
✔ learner activity ignores forged student score and academic pass (5.890417ms)
✔ foundation does not expose final assessment before policy engine (4.93975ms)
✔ attendance request carries evidence in Vietnam time, never client checker or salary deduction (42.005417ms)
✔ attendance review delegates maker checker to database (7.202083ms)
✔ attendance actions deny unauthorized account before mutation (5.165083ms)
✔ leave quota allows explicit zero but rejects omitted or fractional quota (16.176458ms)
✔ calendar range handles year boundary and leap year (21.501709ms)
✔ employee attendance empty UI makes payroll limitation explicit (55.959667ms)
✔ policy editing lives only on dedicated policy page and uses existing RPC (38.28875ms)
✔ dedicated leave action reuses canonical attendance request and independent review (2.523166ms)
✔ attendance and leave submission boundaries reject the other workflow status (13.673ms)
✔ loaders isolate leave requests before limiting and never load policy for attendance (8.28425ms)
✔ summary counts only approved current shift evidence, no late deduction or rest absence (1.429083ms)
✔ leave page explains pending approval and existing full-shift/past-date limitations (23.231333ms)
✔ approved leave renders without policy editor, unpaid request controls or invented actual times (31.530375ms)
✔ policy audit renders timestamp as Vietnam time, never reversed raw ISO date (26.046209ms)
✔ employee creation delegates generated identity to database without auth provisioning (69.287ms)
✔ employment update sends expected version and effective date for database concurrency guard (22.22075ms)
✔ employee actions reject unprivileged user and missing reason before mutation (28.626417ms)
✔ employee list is bounded and supports unit and status filters (3.014792ms)
✔ employee page separates personnel metadata from account permissions (74.136416ms)
✔ dashboard source stays on the user client and omits forbidden KPIs (0.767291ms)
✔ loader uses the Vietnam date, posted-tuition report, and separate receivables (96.960625ms)
✔ zero queues and a failed optional query still render (78.306833ms)
✔ mixed-currency overdue receivables are not shown as zero (26.392958ms)
Expense Claim V2 UI/action source contract: PASS
✔ tests/expense-claim-v2-ui.test.cjs (28.1995ms)
✔ family portal rejects signed-out access before querying (74.79375ms)
✔ unrelated student is not found before any journey or finance query (28.309125ms)
✔ picker only renders server-authorized identities and paginates (26.925458ms)
✔ selected tab loads only bounded attendance and uses Vietnam time (37.574334ms)
✔ journey shows both programs and completed versus available without write actions (17.724ms)
✔ finance does not mislabel invoice subtotal as full customer balance (16.982875ms)
✔ projection errors do not masquerade as an empty successful list (18.620667ms)
✔ teacher portal requires teacher role before data reads (3.852291ms)
✔ teacher history uses actual-teaching projection and preserves bounded page (4.98225ms)
✔ teacher feedback summary renders no respondent identity or private resolution (4.325959ms)
✔ off-cycle self-read displays signed delta and never implies cash payout (41.684125ms)
✔ feedback action delegates identity and eligibility to the canonical RPC (10.490875ms)
✔ feedback reasons outside the rating band never reach the database (2.157875ms)
✔ feedback invalid ratings never reach the database mutation (2.070833ms)
✔ credit page keeps unapplied credit separate and provides no automatic allocation (16.179167ms)
✔ approved report renders snapshot sections without private or unexpected summary fields (17.449708ms)
✔ Vietnam month changes seven hours before UTC month boundary, including new year (12.454625ms)
✔ currency aggregation keeps VND and USD separate and handles numeric strings (2.350333ms)
✔ summary pagination includes all rows and discards incomplete results on page error (0.22525ms)
✔ unavailable management report shows the safe error and no write controls (298.797917ms)
✔ query failures are isolated and do not expose internals (181.680833ms)
✔ overview loads the canonical report and selects only branch identity fields (202.139291ms)
✔ invoice create uses exact RPC arguments, selects DRAFT result and revalidates all finance routes (38.161625ms)
✔ invoice issue rejects reversed dates and impossible calendar dates before mutation (28.70775ms)
✔ invoice issue passes dates and confirmation to existing workflow (9.297417ms)
✔ cancel database error is safe and preserves selection; no invalidation on failure (9.21525ms)
✔ invoice rendering includes derived debt, refund and overdue values with batched student lookup (74.852541ms)
✔ payment status uses canonical net balance independently of overdue and lifecycle (0.100208ms)
✔ invoice detail separates derived payment status and links payment history and receipt (41.776833ms)
✔ cancelled invoice offers history but no issue payment or cancellation mutations (37.434583ms)
✔ paid invoice retains issued lifecycle and offers no payment action (39.457708ms)
✔ payment create uses Vietnam datetime and normalized currency/method (73.281333ms)
✔ payment partial allocation delegates student/currency/balance authority to RPC (22.930542ms)
✔ invalid amounts reject before RPC; wrong currency backend error is translated (86.683333ms)
✔ void payment requires reason and confirmation; valid request calls void RPC (11.578958ms)
✔ payment list derives remaining and displays void warning in selected detail (73.345167ms)
✔ mutations reject anonymous and non-admin users before financial RPC (33.168333ms)
✔ invoice guided payment derives identity and currency server-side then opens allocation step (11.93075ms)
✔ invoice guided payment rejects invalid amount and non-issued invoice (45.754916ms)
✔ invoice guided payment failure never offers allocation of an unknown payment (10.906917ms)
✔ invoice payment form and allocation retain the selected invoice (82.247208ms)
✔ selected POSTED summary uses original allocation reservation, including released credits (46.830208ms)
✔ eligible invoice query excludes non-issued, settled, other student and currency invoices (31.094083ms)
✔ single invoice prefills and caps amount at the smaller of outstanding and unallocated (71.810167ms)
✔ equal balances expose explicit full allocation using the existing action and preserve selection (35.908042ms)
✔ backend balance rejection is surfaced without losing selected payment (17.672833ms)
✔ no eligible invoices has useful empty state; exhausted payment has no allocation form (62.496708ms)
✔ repeated partial allocation remains blocked and original history is visible (27.394917ms)
✔ opening balance allocation and void forms remain usable and no manual invoice status control exists (41.239209ms)
✔ fresh ledger data renders updated summary and history after allocation (55.600125ms)
✔ payment entry errors retain request key and missing key cannot create cash (16.456958ms)
✔ invoice entry offers existing money without creating another payment (33.811333ms)
✔ invoice receipt choice submits allocation directly and returns to updated invoice (32.96125ms)
✔ invoice receipt candidates exclude already allocated pair (26.761458ms)
✔ receivables use backend status and keep summary currencies separate (111.220208ms)
✔ refund creation and allocation explicitly preserve original payment/allocation IDs (58.682834ms)
✔ over-refund is reported safely and never reported as success (14.960583ms)
✔ void refund requires confirmation and reason (12.678083ms)
✔ refund UI exposes original invoice allocation and explicit void warning (75.141959ms)
✔ finance navigation exposes all implemented routes without prefetch (19.391959ms)
✔ list pagination bounds rows and queries server-side filters (63.51575ms)
Each child in a list should have a unique "key" prop.

Check the render method of `Workspace`. See https://react.dev/link/warning-keys for more information.
✔ financial request carries idempotency and target but no client maker or approved status (59.255375ms)
✔ correction sends corrected value and original line; database alone calculates delta (15.491125ms)
✔ invalid correction identifiers amounts and run types are rejected before mutation (54.296083ms)
✔ normal approval never auto-overrides and accepts no client approver (10.750917ms)
✔ invalid emergency override is blocked and explicit override reason reaches RPC (10.96625ms)
✔ cancel uses separate RPC and cannot carry an approval override (7.235417ms)
✔ unauthorized finance workspace actions stop before financial RPC (6.814208ms)
✔ pending own request displays source amounts and maker warning (70.744958ms)
✔ posted correction displays immutable source and computed delta with no review form (50.105542ms)
✔ issued invoice cancellation requests approval; forged draft status still calls guarded legacy RPC (13.700083ms)
✔ approval audit renders APPROVED before POSTED when timestamps are equal (32.994833ms)
✔ finance payroll review shows scoped earning and adjustment details read-only (119.151584ms)
Financial control tower UI contract: PASS
✔ tests/financial-control-tower-ui.test.cjs (28.26025ms)
Financial chart contract: PASS
✔ tests/financial-management-charts.test.cjs (27.993042ms)
Financial report document contract: PASS
✔ tests/financial-management-report-document.test.cjs (26.474209ms)
✔ tests/financial-management-report-v1.test.cjs (26.978458ms)
✔ HR attendance page owns QR workspace (0.495708ms)
✔ monthly matrix recognizes QR verification (0.101041ms)
✔ attendance loader reads guarded QR verification RPC (0.133958ms)
✔ scan page does not expose raw QR error codes by default (0.080667ms)
✔ my attendance uses the guarded own-view RPC (0.388875ms)
✔ QR scan URL prefers the configured app origin (105.626625ms)
✔ QR admin UI uses VIBE design language (0.12075ms)
✔ instrument mutation requires authenticated admin (51.729ms)
✔ instrument sale trusts database location and never accepts client actor or destination (11.149625ms)
✔ instrument sale rejects negative or imprecise prices (34.080458ms)
✔ instrument transfer omits monetary and warranty fields (6.246458ms)
✔ instrument receipt delegates trace identity and cost without ledger duplication (6.053167ms)
✔ inventory authenticates before mutation (51.53475ms)
✔ inventory receipt delegates exact request to ledger and ignores actor and unused destination (10.537583ms)
✔ inventory rejects invalid quantities without mutation (42.524375ms)
✔ inventory rejects transfer without distinct destination (13.137ms)
✔ inventory signed adjustment uses ledger with reason (5.260125ms)
✔ stock posting returns to the actual branch and item (5.055791ms)
✔ catalogue normalizes code without accepting caller creator (4.91025ms)
✔ analytics distinguishes lesson acknowledgement, effective results and ungraded attempts (52.191167ms)
✔ analytics selects one version and bounds catalogue query (13.127125ms)
✔ invalid version makes no analytics request (12.109666ms)
✔ analytics error is visible without fabricated zero results (9.743ms)
✔ analytics rejects non-admin before reading catalogue or RPC (13.598084ms)
✔ assessment authoring denies non-admin before mutation (57.374916ms)
✔ final authoring preserves approved limits and configured threshold (15.635666ms)
✔ unsupported notation cannot be advertised as AUTO (10.888959ms)
✔ approval never accepts forged reviewer identity (11.042833ms)
✔ manual review sends marks not client-computed final score (8.007834ms)
✔ anonymous student cannot start assessment (16.70425ms)
✔ start uses canonical identity and attempt cap from database (16.197583ms)
✔ submission uses protected snapshot and ignores forged question type/score (14.682333ms)
✔ expiry preventing snapshot read prevents submission RPC (13.861083ms)
✔ manual queue displays database overdue flag and private rubric to admin (51.317375ms)
✔ notation submission strips forged fields and stores structured music (12.435667ms)
✔ invalid notation cannot be submitted as valid structured response (10.454958ms)
✔ regrade submits revision and idempotency key, never a caller supplied final score (10.373625ms)
✔ regrade rejects invalid optimistic revision before mutation (6.531ms)
✔ multi-question authoring preserves ordered stable codes and separate manual rubric (7.214125ms)
✔ duplicate, empty, malformed or excessive question lists fail before RPC (36.549084ms)
✔ every manual question requires a rubric before creating the draft (5.493833ms)
✔ assessment author page exposes repeatable question controls and per-question rubric fields (24.428667ms)
✔ Theory metadata matches approved source document fingerprint (1.947458ms)
✔ Theory preserves all 87 module identifiers in exact Grade order (0.45825ms)
✔ Missing MT5.15 remains source missing and metadata is not learner content (0.081917ms)
✔ Question capability catalogue retains notation and manual types (0.057333ms)
✔ Only structured choice types are advertised as automatic (0.060292ms)
✔ Unsupported notation stays outside automatic capabilities (0.048375ms)
✔ Browser-side model exposes no independent scoring function (0.046584ms)
✔ progress draft is deterministic and does not score the student (0.414083ms)
✔ repertoire context prioritizes technique, musicality, accuracy and rhythm (0.398625ms)
✔ quick entry keeps stable codes out of academic progress (0.288625ms)
generate_learning_report RPC error: {
  message: 'Invalid closed report period',
  code: undefined,
  details: undefined,
  hint: undefined
}
generate_learning_report RPC error: {
  message: 'Enrollment does not overlap period',
  code: undefined,
  details: undefined,
  hint: undefined
}
generate_learning_report RPC error: {
  message: 'First monthly report must cover the enrollment start calendar month',
  code: undefined,
  details: undefined,
  hint: undefined
}
generate_learning_report RPC error: {
  message: 'First monthly report must start on the enrollment start date and end on the last day of the following month',
  code: undefined,
  details: undefined,
  hint: undefined
}
generate_learning_report RPC error: {
  message: 'Monthly report must cover a full calendar month',
  code: undefined,
  details: undefined,
  hint: undefined
}
generate_learning_report RPC error: {
  message: 'Monthly report must stay within enrollment dates; use END_OF_COURSE for a shortened final period',
  code: undefined,
  details: undefined,
  hint: undefined
}
generate_learning_report RPC error: {
  message: 'Monthly report overlaps an existing report',
  code: undefined,
  details: undefined,
  hint: undefined
}
generate_learning_report RPC error: {
  message: 'private SQL detail',
  code: undefined,
  details: undefined,
  hint: undefined
}
✔ report list filters branch status type month and bounded pagination (54.796ms)
✔ report list renders multiple branches and empty state (129.072625ms)
✔ report ops dashboard exposes KPI tabs and needs view by default (35.036625ms)
✔ report metrics use head counts without loading full payloads (11.395458ms)
✔ generate sends only validated report context to RPC (24.63725ms)
✔ invalid generation and unauthorized requests do not reach engine (33.770459ms)
✔ ready and approval pass expected version; approval requires confirmation (36.565417ms)
✔ reject fake SENT and safely surface engine lock (24.755458ms)
✔ draft detail shows missing input attendance and editable summary (45.652667ms)
✔ approved detail reads snapshot and hides editing actions (32.811709ms)
✔ approved legacy V1 summary remains readable after V2 (37.775542ms)
✔ review detail offers approve and return but no inline edit (28.551791ms)
✔ print preview keeps the approved snapshot and marks controls for exclusion (37.151083ms)
✔ first monthly suggestions handle day one, mid-month, leap day and year rollover (0.213375ms)
✔ selected enrollment prefills first-period dates and enrollment lower bound (25.546291ms)
✔ existing monthly history suggests following calendar month including cancelled (137.651708ms)
✔ other enrollment or END_OF_COURSE history does not replace first monthly default (37.409042ms)
✔ early-ended and future enrollments explain why suggested monthly report is unavailable (47.40525ms)
✔ first extended period action forwards validated inputs without calendar-month-only rejection (10.457916ms)
✔ known generation errors have Vietnamese explanations and unknown errors stay private (94.955959ms)
✔ approved official document exposes confirmed publish only and never refreshes snapshot (27.280416ms)
✔ publish action requires confirmation and forwards version to existing engine (26.313958ms)
✔ published report has disabled delivery controls with real student and active parent contacts (27.734292ms)
✔ draft and review do not expose delivery controls (61.249917ms)
✔ missing recipients and missing snapshot fail safely (58.45525ms)
✔ repeated delivery page loads cannot enqueue, send, or mutate frozen content (72.461167ms)
✔ delivery history uses actual records, preserves mock and queued distinctions, filters other reports (37.273208ms)
✔ V2 academic document renders all seven summaries, maps enums, and handles direct assessment (28.841458ms)
✔ official print content excludes internal notes, delivery and administration (26.783459ms)
✔ official layout loads screen stylesheet and paper separates toolbar from content (35.895208ms)
✔ academic award labels retain Pass Merit Distinction and legacy safety (26.266709ms)
✔ shadow mapping requires explicit confirmation before mutation (48.5555ms)
✔ shadow mapping sends only IDs and evidence, never Academic status or student (9.483584ms)
✔ non-admin cannot configure a shadow mapping (7.51525ms)
✔ reconciliation exposes differences and only offers same-Grade requirement (20.860875ms)
✔ CSV preserves Vietnamese text, quoted newlines and exact monetary strings (0.946875ms)
✔ missing class stays empty for database review, never fabricated by parser (0.154125ms)
✔ duplicate source references and malformed CSV fail before staging (0.331583ms)
✔ CSV limits reject oversized sources and more than 500 students (3.957916ms)
✔ review sends mapped fields and version but never trusted approval flags (35.178875ms)
✔ import only passes row reference and version to atomic database RPC (16.617833ms)
✔ missing confirmation and unauthorized account cannot call import RPC (23.402625ms)
✔ NEEDS_REVIEW page displays raw source but offers no import action (64.545417ms)
✔ batch import selects only READY rows, caps work and stops on first failed unit (9.205041ms)
✔ rollback blocker is displayed as a denial, not a success (13.140917ms)
✔ batch sign-off uses server-side reconciliation RPC with explicit reason (8.9315ms)
✔ L01 create calls the guarded lesson function with a normalized code (43.693ms)
✔ L02 edit does not send a new component parent (21.458334ms)
✔ L03 L04 reorder sends direction and reloads program health (30.650292ms)
✔ L06 retire uses the lifecycle function and keeps a Vietnamese guard (14.101583ms)
✔ LSEC06 invalid code never reaches the database function (11.414042ms)
✔ missing component explains the parent blocker (23.164333ms)
✔ L11 L12 subject page keeps groups and a flat storage parent (126.970333ms)
✔ L13 lesson breadcrumb includes the assessment group only when it is visible (19.6735ms)
✔ L14 L15 health and content stay separate from lesson writes (2.318417ms)
✔ L16 lesson counts still page past the 1000-row cap (0.164125ms)
✔ lesson code suggestion follows the Lnn repository sequence (0.098333ms)
✔ feedback list applies server filters and pagination (60.981292ms)
✔ feedback list shows low rating and multiple branches (70.708375ms)
✔ empty feedback list is explicit (49.750292ms)
✔ feedback page exposes class filter and shared ops chrome (30.738791ms)
✔ feedback class filter scopes by enrollment ids (11.449333ms)
✔ detail renders all dimensions context and resolution history (31.102375ms)
✔ resolution passes version and note through guarded RPC (11.991208ms)
✔ resolution rejects missing note and unauthorized user (7.157542ms)
✔ resolved feedback supports reopening but keeps original rating (30.476208ms)
✔ submission action uses current auth and ignores claimed respondent user ID (1.715666ms)
✔ rating selects the matching predefined reason set (1.070084ms)
✔ submission rejects invalid optional ratings and unauthenticated caller (1.985292ms)
✔ only explicit HTTP loopback endpoints are allowed (0.9395ms)
✔ bootstrap refuses a nonlocal URL before any network request (0.374625ms)
✔ every request is pinned to local origin and redirects are forbidden (0.117125ms)
✔ email is configurable; no force, URL, password, or credential overrides (0.113333ms)
✔ a refused target exits nonzero with the exact refusal message (42.46775ms)
✔ preview refuses unverified builds and accepts a matching completed build (48.821791ms)
✔ preview rejects edited, added, deleted source and environment changes (166.782375ms)
✔ preview rejects a replaced build artifact (32.514125ms)
✔ preview refuses active or incomplete builds even when an old valid build exists (61.27475ms)
✔ S01 remote target refused (0.802125ms)
✔ S02 S03 S04 S05 S06 S07 S08 catalog counts (3.699042ms)
✔ S09 no forbidden extra subjects (0.717542ms)
✔ S10 second-run idempotent (1.01975ms)
✔ S11 non-test data untouched (0.092708ms)
✔ S12 cleanup TEST-only (0.279084ms)
✔ S13 Pre first and S14 Grade 8 last (0.403916ms)
✔ S15 valid status and completion constraints (0.412417ms)
✔ dry-run prints the approved totals and does not open a client (0.342375ms)
✔ every request is pinned to local origin (0.178ms)
✔ NAV: class ops lists live under Học viên, rooms stay in Vận hành (48.026375ms)
✔ UI: workspace modes and mixed-level copy exist (0.316125ms)
✔ MIX: enrollment uses Academic Program level and blocks outside scope (0.943708ms)
✔ ATT: attendance detail shows Academic Program current Level (0.241375ms)
✔ ATT: generator remains idempotent conflict target (0.577334ms)
✔ MIX: course.level_id not treated as student level in ops model (0.11325ms)
✔ list routes redirect into the Học viên tabs (0.159ms)
✔ same canonical compatibility drives list and linked overview; students deduplicated across classes/pages (188.521875ms)
✔ branch filter excludes other classes and canonical compatible result removes warning (29.30275ms)
✔ RPC errors do not silently present a clean work queue (18.759875ms)
✔ overview retains missing-scope and partially marked attendance queues (13.126125ms)
✔ acceptance invokes authoritative assignment/start and never directly sets current_level_id (0.707792ms)
✔ attendance loads only its workspace and hides writes without management permission (50.189125ms)
(node:56926) [MODULE_TYPELESS_PACKAGE_JSON] Warning: Module type of file:///Users/macbookair/vibe-academy-system/lib/integrations/momo/signature.ts is not specified and it doesn't parse as CommonJS.
Reparsing as ES module because module syntax was detected. This incurs a performance overhead.
To eliminate this warning, add "type": "module" to /Users/macbookair/vibe-academy-system/package.json.
(Use `node --trace-warnings ...` to show where the warning was created)
✔ create request uses the documented MoMo field order (1.052125ms)
✔ IPN requires a valid HMAC and rejects changed amount or nonnumeric payload (0.243375ms)
✔ notation retains pitch spelling instead of equating enharmonic notes (0.829417ms)
✔ notation rejects arbitrary pitch strings and out of range octave (0.132208ms)
✔ dotted and double dotted durations are exact fractions (0.114583ms)
✔ triplet group totals exactly one quarter note (0.453959ms)
✔ duplet group totals exactly a dotted quarter (0.123625ms)
✔ incomplete and overfull measures do not silently pass duration validation (0.093667ms)
✔ complete common time measure accepts four crotchets (0.145208ms)
✔ rest has duration but cannot carry a pitch (0.078292ms)
✔ duplicate ids and overlapping tuplets are rejected (0.104667ms)
✔ beams require adjacent short notes and exclude rests (0.168875ms)
✔ ties require identical written pitches in consecutive events (0.125333ms)
✔ slur permits different pitches without treating them as tied duration (0.080292ms)
✔ triad spelling is canonicalized without changing pitch identity (0.083541ms)
✔ unsupported clefs and malformed schema fail closed (0.0745ms)
✔ payload is bounded and unknown scoring fields are discarded (0.119167ms)
✔ notation has readable pitch duration clef and meter alternative (0.197ms)
✔ beamed notes cannot request contradictory stem directions (0.1ms)
✔ notification action authenticates before mutation (49.031334ms)
✔ enqueue ignores client payload recipient and mock mode (10.24575ms)
✔ invalid notification action makes no mutation (7.359125ms)
✔ retry delegates state validation and does not create a new job (7.598667ms)
✔ queue filters and pagination do not load full history (42.2415ms)
✔ mock queue is labeled and never offers live in-app delivery (27.583834ms)
✔ unconfigured provider fails closed without SENT (0.926292ms)
✔ Zalo channel fails closed with typed outbound code (0.075584ms)
✔ mock confirms success with stable idempotency receipt (0.405458ms)
✔ mock refuses live job (0.091125ms)
✔ provider failure is sanitized (0.128333ms)
✔ provider response without confirmation cannot mark SENT (0.068916ms)
✔ unclaimed job never calls provider (0.0615ms)
✔ database acknowledgement failure does not resend or falsely record failure (0.149ms)
✔ opening correction submits target value only; database owns delta and approval (58.064041ms)
✔ opening correction rejects invalid values before financial mutation (50.93525ms)
✔ opening allocation delegates to existing payment allocation RPC extension (22.63175ms)
✔ refund page renders opening allocation without an invoice relationship (73.886791ms)
✔ opening approval displays original, previous, corrected and delta separately (48.718709ms)
Operating expense V1 UI/action source contract: PASS
✔ tests/operating-expenses-v1-ui.test.cjs (28.451209ms)
✔ Payslip totals preserve signed adjustments and reconcile net (29.582333ms)
✔ Approved snapshot renders rate, ratio, identity and totals without reading live compensation (121.361041ms)
✔ Denied payslip projection does not render salary (56.237458ms)
✔ Payslip mismatch refuses display (43.150917ms)
✔ Invoice uses engine total, locked discount and current receivable (54.520417ms)
✔ Void receipt preserves original payment amount and reference (52.288917ms)
✔ Refund displays existing maker checker and approved amount (42.324958ms)
✔ Credit statement uses canonical allocation refund and remaining values (45.712875ms)
✔ Finance document denies unrelated account before reading documents (47.034166ms)
✔ Finance document denies anonymous user (38.0085ms)
✔ Missing or RLS-hidden document returns not found (54.281541ms)
✔ Compensation action sends reason and effective dates to canonical wrapper (17.632667ms)
✔ Invalid compensation form never calls mutating RPC (8.339583ms)
✔ Print routes have standalone shell, A4 CSS and hidden actions (0.163416ms)
✔ official invoice uses English headings and dynamic document data (45.660625ms)
✔ missing contact and discount data are not invented (36.316917ms)
✔ invoice template supports supplied asset URL and never invents a logo (5.542291ms)
✔ official invoice renders the supplied real public logo (48.035125ms)
(node:56938) [MODULE_TYPELESS_PACKAGE_JSON] Warning: Module type of file:///Users/macbookair/vibe-academy-system/lib/integrations/payos/client.ts is not specified and it doesn't parse as CommonJS.
Reparsing as ES module because module syntax was detected. This incurs a performance overhead.
To eliminate this warning, add "type": "module" to /Users/macbookair/vibe-academy-system/package.json.
(Use `node --trace-warnings ...` to show where the warning was created)
✔ valid signed checkout is accepted (10.090208ms)
✔ provider rejection is diagnosable without disclosing raw provider text (0.360333ms)
✔ HTTP authentication failures preserve a safe diagnostic code (0.16275ms)
✔ unsigned and tampered checkout responses are rejected (0.251708ms)
✔ signed wrong amount is rejected (0.562042ms)
✔ signed lookalike payment domain is rejected (0.172125ms)
✔ invalid amount makes no network request (0.131834ms)
✔ return URL uses configured application and validates protocol (0.489542ms)
✔ array signatures follow provider canonical sorting and null handling (0.101667ms)
✔ signed paid response requires an explicit matching transaction amount (0.320125ms)
✔ missing transaction amount cannot fall back to the order total (0.169708ms)
✔ multiple transactions cannot be recorded as one payment (0.221458ms)
✔ wrong order cannot be reconciled (0.237125ms)
(node:56939) [MODULE_TYPELESS_PACKAGE_JSON] Warning: Module type of file:///Users/macbookair/vibe-academy-system/lib/integrations/payos/client.ts is not specified and it doesn't parse as CommonJS.
Reparsing as ES module because module syntax was detected. This incurs a performance overhead.
To eliminate this warning, add "type": "module" to /Users/macbookair/vibe-academy-system/package.json.
(Use `node --trace-warnings ...` to show where the warning was created)
✔ payment link signature uses the documented payOS field order (0.612083ms)
✔ webhook sample is recognized and a changed amount is not (0.069208ms)
✔ webhook signature rejects a tampered amount (0.217833ms)
✔ configuration guard names only the missing payOS variables (0.989541ms)
✔ webhook route accepts the payOS sample before any payment RPC (0.289792ms)
✔ checkout action ignores a browser amount and the page does not treat return query as paid (0.534417ms)
✔ unauthenticated caller cannot query provider or write receipts (31.469416ms)
✔ inaccessible branch/order cannot use service authority (5.308708ms)
✔ provider outage does not crash registration detail or write a receipt (5.104459ms)
✔ authorized matching confirmation invokes receipt RPC once (3.344667ms)
Payroll Disbursement V2 UI/action source contract: PASS
✔ tests/payroll-disbursements-v2-ui.test.cjs (28.948833ms)
✔ money parse decimal .10 (0.925917ms)
✔ money parse integer (0.099792ms)
✔ money parse negative (0.050916ms)
✔ money parse trailing zero (0.045042ms)
✔ money parse large exact string (0.044583ms)
✔ unknown money is not zero: null (0.042916ms)
✔ unknown money is not zero: undefined (0.042084ms)
✔ unknown money is not zero:  (0.032667ms)
✔ unknown money is not zero: NaN (0.047542ms)
✔ unknown money is not zero: Infinity (0.072625ms)
✔ unknown money is not zero: 1e4 (0.038208ms)
✔ unknown money is not zero: 1,000 (0.031708ms)
✔ unknown money is not zero: 1.000.000 (0.024667ms)
✔ unknown money is not zero: 0.123 (0.021833ms)
✔ unknown money is not zero: false (0.018917ms)
✔ unknown money is not zero: 9007199254740991 (0.020417ms)
✔ sum decimal exact (0.070291ms)
✔ sum unknown fails closed (0.033ms)
✔ format VND decimal and negative (0.118167ms)
✔ snapshot is not changed by projection (11.175375ms)
✔ V2 net always reads stored v2 field, not legacy gross (0.232167ms)
✔ missing V2 net does not fall back to gross (0.243375ms)
✔ unchanged sources do not falsely flag modified (0.169833ms)
✔ new fixed component warns without changing net (0.244292ms)
✔ one-day fixed config is reported (0.181667ms)
✔ out-of-period config excluded (0.143375ms)
✔ different branch excluded (0.127625ms)
✔ same-code overlapping fixed config flagged (0.157042ms)
✔ combined and old insurance overlapping flagged (0.163458ms)
✔ separate historical insurance codes allowed to coexist (0.265041ms)
✔ inactive insurance does not conflict with combined (0.142041ms)
✔ changed rate/amount is reported without rewriting stored result (0.129292ms)
✔ changed effective date is reported (0.120959ms)
✔ removed config retained in calculated detail (0.129417ms)
✔ missing source snapshot does not assert matched (0.15125ms)
✔ source failure hides derived insurance, not stored total (0.072209ms)
✔ changed payable total inconsistent with source is flagged (0.120416ms)
✔ cancelled bonus never counted as active twice (0.126917ms)
✔ source currency mismatch is flagged (0.126625ms)
✔ draft with old results is not labelled newly calculated (0.137416ms)
✔ V1 totals and history retain legacy sources (0.1215ms)
✔ empty summary is unknown, not all zero (0.057083ms)
✔ Vietnamese name search handles accents and employee codes (0.487667ms)
✔ currency/type filters never sum unlike currency (0.140708ms)
✔ readComplete handles server cap smaller than request and >1000 rows (0.406583ms)
✔ readComplete allows a genuine empty result (0.332375ms)
✔ readComplete refuses missing count (0.176958ms)
✔ readComplete refuses query failure instead of zero (0.046292ms)
✔ readComplete refuses duplicate rows (0.0395ms)
✔ readComplete detects changing count during load (0.039833ms)
✔ readComplete detects truncated data before expected count (0.037541ms)
✔ readComplete bounds maximum response (0.03925ms)
✔ workspace reads real projection from exact tables and keeps scope (1.43175ms)
✔ workspace incomplete evidence does not replace saved totals (0.237416ms)
✔ workspace event failure is separate from salary data (0.268958ms)
✔ workspace invalid period never queries (0.048667ms)
✔ workspace changed version during load is rejected (0.119875ms)
✔ workspace flags configured person missing from payroll, not fake zero employee (0.292708ms)
✔ index groups currencies separately and uses V2 net (0.319917ms)
✔ index empty draft does not invent payable zero (0.092084ms)
✔ index missing payroll source fails whole monetary view (0.073458ms)
✔ TypeScript syntax: Dialog.tsx (5.924708ms)
✔ TypeScript syntax: Index.tsx (8.103833ms)
✔ TypeScript syntax: Preview.tsx (4.688625ms)
✔ TypeScript syntax: Workflow.tsx (2.901375ms)
✔ TypeScript syntax: Workspace.tsx (21.417083ms)
✔ TypeScript syntax: load.ts (7.341375ms)
✔ TypeScript syntax: model.ts (9.717542ms)
✔ TypeScript syntax: preview-actions.ts (1.425708ms)
✔ source loader has no database write or RPC call (0.361292ms)
✔ workflow preserves current action, version, note, confirm and override contracts (0.113ms)
✔ finance route retains financeContext, never adminClient invocation (0.11225ms)
✔ admin routes retain authenticated adminClient (0.101042ms)
✔ production UI does not embed demo salary, person or fake success state (0.5015ms)
✔ single scoped CSS does not modify global body or sidebar (0.0985ms)
✔ base breakdown inconsistency cannot hide inside other earnings (0.317833ms)
✔ line for a different employee is flagged (0.160917ms)
✔ header for a different branch is flagged (0.123833ms)
✔ component label does not inherit Object prototype values (0.023042ms)
Each child in a list should have a unique "key" prop.

Check the render method of `Workspace`. See https://react.dev/link/warning-keys for more information.
✔ generation uses period only; no client salary calculation (63.911ms)
✔ compensation rule carries effective dates and pay type (19.368709ms)
✔ adjustment is separate RPC with reason (15.000333ms)
✔ approval requires confirmation and version (22.541291ms)
✔ unauthorized actions blocked before payroll RPC (11.086583ms)
✔ server-side period and teacher filters are bounded (31.933375ms)
✔ dashboard renders separate branches and currencies (77.868166ms)
✔ teacher detail traces session and separate adjustments (60.225917ms)
✔ finalized period hides generate and transitions (64.291ms)
✔ finalized teacher detail hides adjustment form (49.248959ms)
✔ emergency approval requires an explicit type and nonblank reason (8.771875ms)
✔ normal approval never silently requests emergency override (7.521042ms)
✔ emergency form explains separation and displays audited reason (83.093875ms)
✔ employee monthly action sends no calculated salary from browser (7.31325ms)
✔ per-session rule requires a class type and preserves effective dates (6.801084ms)
✔ evidence deduction passes evidence and retry key, not checker identity (6.484291ms)
✔ employee detail displays frozen minute ratio and evidence selector (43.92475ms)
✔ trip costs keep separate allowance transport and lodging amounts (7.179833ms)
✔ H01 workspace keeps Program Level Subject Lesson hierarchy (0.799417ms)
✔ H02 summary path uses the first and last level (0.114667ms)
✔ H04 counts stay secondary to the hierarchy path (0.136083ms)
✔ H05 breadcrumb order is workspace program level subject lesson (0.108ms)
✔ H06 component remains the technical parent of a lesson (0.070042ms)
✔ N01 N02 N03 N04 curriculum stays one workspace under Đào tạo (0.19025ms)
✔ P01 P02 program list reads curricula and derives counts (0.073709ms)
✔ C01 C03 course mode uses the real curriculum foreign key (0.092541ms)
✔ old list routes redirect into the workspace (0.229209ms)
✔ registration is a business route and students stay one menu item (0.470833ms)
✔ students page derives current and waiting without a second student table (0.456416ms)
✔ won lead can open a prefilled registration and completion stays reviewed (0.09075ms)
(node:56948) [MODULE_TYPELESS_PACKAGE_JSON] Warning: Module type of file:///Users/macbookair/vibe-academy-system/app/admin/session-teachers/model.ts is not specified and it doesn't parse as CommonJS.
Reparsing as ES module because module syntax was detected. This incurs a performance overhead.
To eliminate this warning, add "type": "module" to /Users/macbookair/vibe-academy-system/package.json.
(Use `node --trace-warnings ...` to show where the warning was created)
✔ control center exposes four operational areas (0.457458ms)
✔ page does not invent a zero when the source fails (0.11875ms)
✔ filters and pagination stay in the query string (0.082875ms)
✔ assignment still goes through set_session_teacher (0.451084ms)
✔ rules (33.595166ms)
✔ substitute assignment delegates to canonical RPC (50.845792ms)
✔ removal is audited via same RPC (10.342958ms)
✔ invalid assignment and non-admin rejected (15.606416ms)
✔ session panel and journal display actual substitute (50.289ms)
✔ fixed component BASE_SALARY uses guarded V2 RPC, correct positive shape (10.977334ms)
✔ fixed component POSITION_PAY uses guarded V2 RPC, correct positive shape (0.573791ms)
✔ fixed component BUSINESS_TRIP_ALLOWANCE uses guarded V2 RPC, correct positive shape (0.447791ms)
✔ fixed component SOCIAL_LABOR_INSURANCE uses guarded V2 RPC, correct positive shape (0.421583ms)
✔ session shape with class_type all (0.449583ms)
✔ session shape with class_type ONE_ON_ONE (0.4975ms)
✔ session shape with class_type GROUP (0.449458ms)
✔ invalid amount rejected without write: "" (0.399708ms)
✔ invalid amount rejected without write: "0" (0.36425ms)
✔ invalid amount rejected without write: "-100000" (0.436959ms)
✔ invalid amount rejected without write: "100.000" (0.328833ms)
✔ invalid amount rejected without write: "100,000" (0.342125ms)
✔ invalid amount rejected without write: "1e5" (0.29425ms)
✔ invalid amount rejected without write: "100000 VND" (0.270959ms)
✔ invalid amount rejected without write: "1.234" (0.309375ms)
✔ invalid amount rejected without write: "1000000000000" (0.322625ms)
✔ invalid amount rejected without write: "NaN" (0.285709ms)
✔ validation: invalid employee (0.296166ms)
✔ validation: invalid branch (0.272916ms)
✔ validation: missing reason (0.257333ms)
✔ validation: oversized reason (0.272334ms)
✔ validation: invalid date (0.275542ms)
✔ validation: reversed dates (0.307666ms)
✔ validation: invalid currency (0.327917ms)
✔ validation: fixed class type (0.258167ms)
✔ validation: invalid session class (0.270125ms)
✔ forbidden recurring code FIXED_PAY (0.289333ms)
✔ forbidden recurring code BONUS (1.44875ms)
✔ forbidden recurring code TRAVEL_EXPENSE (0.330791ms)
✔ catalog is authoritative: {"status":"INACTIVE"} (0.318375ms)
✔ catalog is authoritative: {"recurring_configurable":false} (0.276833ms)
✔ catalog is authoritative: {"default_calculation_method":"PERCENTAGE"} (0.260041ms)
✔ catalog is authoritative: {"default_calculation_method":"PER_HOUR"} (0.306958ms)
✔ catalog is authoritative: {"category":"REIMBURSEMENT"} (0.273709ms)
✔ catalog read failure does not write (0.288208ms)
✔ RPC overlap remains error, not success (0.377417ms)
✔ RPC unauthorized remains error; no privilege bypass (0.286042ms)
✔ ALREADY_CONFIGURED response reports no new row (0.300542ms)
✔ invalid or mismatched RPC response is not success (0.78025ms)
✔ transport failure reports uncertain result (0.290916ms)
✔ auth redirect is not swallowed (0.300958ms)
✔ views revalidated but payroll generator never called (0.307833ms)
✔ Staff page queries V2 configs for employee and shows stored values (1.207709ms)
✔ only current supported catalog codes appear as component options (0.458458ms)
✔ form field names match new action; legacy form is absent (0.487583ms)
✔ non-admin sees data but no write form (0.356625ms)
✔ failed role check does not expose form (0.365333ms)
✔ V2 payroll summary uses v2_net_amount not legacy gross_amount (0.463667ms)
✔ missing teacher profile hides session form only (0.499625ms)
✔ no Staff config insert/update/delete or automatic generation in source (0.125167ms)
✔ historical insurance rejected for new config: SOCIAL_INSURANCE (0.384583ms)
✔ historical insurance rejected for new config: LABOR_INSURANCE (0.305291ms)
✔ teaching badges keep the subject and positions stay VAS VAM VAH (1.595833ms)
✔ portrait inspection accepts a real image header and rejects the wrong file (0.290333ms)
✔ staff card and legacy teacher route do not expose private HR data (1.699833ms)
✔ SH01 ALL_REQUIRED_COMPONENTS without a required active component is incomplete (0.495666ms)
✔ SH02 ALL_REQUIRED_COMPONENTS with a required active component passes the subject gate (0.089125ms)
✔ SH03 DIRECT_ASSESSMENT with zero components is structurally valid (0.062542ms)
✔ SH04 MANUAL with zero components is structurally valid (0.048ms)
✔ SH05 ALL_REQUIRED_ITEMS component with no required lesson is incomplete (0.061541ms)
✔ SH06 DIRECT_ASSESSMENT component with zero lessons is not invalid (0.056875ms)
✔ SH07 inactive component does not satisfy the required active gate (0.058458ms)
✔ SH08 optional component does not satisfy the required active gate (0.049375ms)
✔ SH09 program summary propagates a real structural failure (0.065459ms)
✔ SH10 program summary does not mark a direct assessment subject incomplete (0.148417ms)
✔ UI01 direct assessment does not force a component layer (0.088292ms)
✔ UI02 component-based subject shows assessment groups (0.060334ms)
✔ UI03 multi-component subject keeps grouping (0.052875ms)
✔ UI04 component is never labeled as Level (0.104125ms)
✔ UI05 program summary stays Program Level Subject Lesson (0.096291ms)
✔ UI06 internal component editor remains available and writes completion rule (0.061916ms)
✔ UI07 component results stay in progress and report contracts (0.20075ms)
✔ shared student operations primitives exist (0.460875ms)
✔ students reports and feedback share vibe ops chrome (0.313834ms)
✔ learning report list migration enriches ops columns (0.420209ms)
(node:56957) [MODULE_TYPELESS_PACKAGE_JSON] Warning: Module type of file:///Users/macbookair/vibe-academy-system/app/operations/teacher/sessions/%5Bid%5D/model.ts is not specified and it doesn't parse as CommonJS.
Reparsing as ES module because module syntax was detected. This incurs a performance overhead.
To eliminate this warning, add "type": "module" to /Users/macbookair/vibe-academy-system/package.json.
(Use `node --trace-warnings ...` to show where the warning was created)
✔ TSW33-40 one session shows a lane per student (0.536916ms)
✔ TSW teaching helpers count individuals and keep absent feedback optional (23.205292ms)
✔ pilot lesson blueprint preserves source lesson count and first five module order (0.979833ms)
✔ pilot draft derives immutable catalogue metadata instead of caller titles and order (54.107833ms)
✔ pilot cannot expand beyond approved first five or accept duplicate modules (38.576292ms)
✔ each lesson requires all authoring sections (7.059375ms)
✔ unprivileged author cannot create theory draft (6.450458ms)
✔ author page keeps missing source visible and only exposes numeric Grade 1 choices (24.202125ms)
✔ pilot original draft stays unpublished without fabricated human approvals (0.364667ms)
✔ draft retains five source modules and all twelve distinct lesson objectives (0.414375ms)
✔ all original notation examples parse with exact rhythm and accessible alternatives (0.755541ms)
✔ private draft questions have unique identities, real keys or manual rubrics, never fake automatic notation grades (0.324625ms)
✔ checkpoint policies remain formative with explicit Grade 1 threshold (0.062625ms)
✔ selected musical golden examples preserve middle C and two crotchet beats of semiquavers (0.136792ms)
✔ tuition list shows money, dates and student with bounded query (121.776208ms)
✔ term detail exposes 5 pause extension days and discount before invoice (47.423625ms)
✔ any invoice including CANCELLED locks discount and links financial context (38.557ms)
✔ tuition filters and second page applied server side (18.689125ms)
✔ create validates input before mutation (12.506958ms)
✔ create uses RPC and never submits client price snapshots (7.997584ms)
✔ edit discount uses guarded RPC and auth blocks non admins (9.43625ms)
✔ calendar month filters cross year and dates measure entitlement not raw pause totals (8.649792ms)
✔ reminder timing respects inclusive calendar windows (55.205542ms)
✔ reminder server filters status branch plan and pagination (42.190042ms)
✔ queue renders distinct branches and currencies with no send button (54.696583ms)
✔ skip and cancel go through resolution RPC with reason (21.686209ms)
✔ fake sent and missing reasons rejected without RPC (11.958958ms)
✔ generation has no caller supplied date or delivery status; admin required (8.676833ms)
✔ Zalo lives under Hệ thống → Tích hợp and stays out of other shells (0.770666ms)
✔ config status is boolean and never returns secret values (0.1475ms)
✔ operational text hides token-shaped values (0.185834ms)
✔ integration page masks config, summarizes events, and refuses other roles (61.370875ms)
✔ registration card shows current persisted link state and never activates from UI alone (8.010084ms)
✔ registration page reads the scoped connection and new files do not embed secrets (0.93775ms)
✔ two simulated cycles consume replacement refresh tokens; restarted manager ignores old env (19.891125ms)
✔ concurrent preflights reuse winning refresh rather than consume again (3.907583ms)
✔ idle scheduled check and downtime recovery use same manager without notification traffic (0.347083ms)
✔ ownership guard prevents independent manager from calling provider (0.079542ms)
✔ expired in-flight lock after process death becomes uncertain without reusing token (0.32375ms)
✔ OAuth uses unique PKCE and one-use user-bound state; callback replay and wrong OA fail (0.816875ms)
✔ reconnection racing with a newer credential version cannot replace it (0.170458ms)
✔ callback route requires admin; maintenance checks secret; scheduler never dispatches notifications (0.849042ms)
✔ legacy UID path cannot send without a durable claim (10.245875ms)
NOTICE:  extension "pgtap" already exists, skipping
✔ local channel recovery: late consent, full payment, gate and duplicate protections (rollback) (82.371083ms)
NOTICE:  extension "pgtap" already exists, skipping
✔ main local PostgreSQL: payment, durable recovery and permissions (rolled back) (85.9875ms)
✔ expired access rotates once, verifies OA, persists pair/expiry/version; restart ignores stale env (2.202292ms)
✔ missing refresh remains blocked without network or bootstrap overwrite (0.297209ms)
✔ invalid/consumed refresh response -14014 blocks reuse (0.178166ms)
✔ invalid/consumed refresh response -14001 blocks reuse (0.130625ms)
✔ two concurrent processes share claim; only one consumes refresh (3.0475ms)
✔ refresh timeout is durable unknown and never consumes same refresh twice (0.265958ms)
✔ rotation persistence failure blocks sends; no provider refresh retry (201.794375ms)
✔ lost commit acknowledgement recovered by readback without another rotation (201.035625ms)
✔ crash after rotation persisted before verification resumes verification after restart (0.292042ms)
✔ wrong OA after rotation stays blocked while recovered pair is retained (0.3075ms)
✔ late credential writer cannot overwrite a newer version (0.107959ms)
✔ phone -1241 proof failure distinguished from invalid token; proof uses sent token (0.646666ms)
✔ definitive rejection then concurrent manual/worker recovery sends once and duplicate callback cannot resend (0.974416ms)
✔ timeout never sends a second request (0.15225ms)
✔ accepted-write-failure never sends a second request (0.133333ms)
✔ known invalid authentication does not claim another send or consume retry count (0.217333ms)
✔ OA and ZBS diagnostics preserve separate proof/permission codes (0.15825ms)
✔ Z1-APP01 POSTED payment queues Zalo job at authoritative boundary (0.519958ms)
✔ Z1-APP02 idempotency key includes payment recipient template channel (0.082ms)
✔ Z1-APP03 / Z1-APP04 partial payment / invoice PAID not required (0.12825ms)
✔ Z1-APP05 provider disabled never reports SENT (0.160834ms)
✔ Z1-APP06 no phone matching in recipient resolution (0.149958ms)
✔ Z1-APP07 two eligible parents fan out (0.057042ms)
✔ Z1-APP08 secrets absent from client bundle paths (0.303708ms)
✔ Z1-APP09 / Z1-APP10 existing IN_APP and queue still present (0.103417ms)
✔ template registry seed stays fail-closed until Owner id (0.234292ms)
✔ verified deposit threshold creates one phone confirmation and one mocked send (78.959625ms)
✔ vietnamese phones normalize to the country-code form and mask (0.458916ms)
✔ phone sender uses msg_id and does not call without a token (0.6475ms)
✔ phone rejection, OA-only error, and timeout stay distinct (0.396959ms)
✔ unarmed gate and a failed claim make no provider call (0.27025ms)
✔ one claimed phone job records acceptance and a timeout is not retried (0.798916ms)
✔ unknown provider responses stay ambiguous (0.177042ms)
✔ dispatcher records safe provider codes and reports database failure (0.903209ms)
✔ rendered recovery controls: SEND (3.994708ms)
✔ rendered recovery controls: RETRY (0.345167ms)
✔ rendered recovery controls: BLOCKED (0.271833ms)
✔ rendered recovery controls: ACCEPTED (0.317625ms)
✔ rendered recovery controls: UNCERTAIN (0.241417ms)
✔ rendered recovery controls: DELIVERED (0.176875ms)
✔ blocked → consent/gate corrected → eligible → click → accepted; check never sends (4.343375ms)
✔ double clicks share CAS; replay after rejection cannot consume another attempt (0.87525ms)
✔ permissions fail before credential or network access (0.15625ms)
✔ unknown response remains protected; no resend or fabricated delivery (0.443916ms)
✔ shared OA ownership blocker never consumes send allowance (0.158334ms)
NOTICE:  extension "pgtap" already exists, skipping
✔ real PostgreSQL: two processes, encrypted rotation, restart and second cycle with no browser (1903.186083ms)
✔ private storage and OAuth state access restrictions, expiry/replay and identity binding (55.963667ms)
✔ template 640377 stays blocked without credentials or a send flag (0.729125ms)
✔ mocked Zalo UID send covers denial, expiry, rejection, and acceptance (0.5905ms)
✔ payOS completion dispatches only an armed allowlisted job (0.205333ms)
✔ public proxy forwards only payOS and Zalo callbacks (0.330166ms)
✔ deposit wording stays outside the template parameter (0.22425ms)
✔ valid webhook envelope is accepted once (1.128125ms)
✔ invalid signature is rejected and not stored (0.1625ms)
✔ malformed JSON is rejected (0.078583ms)
✔ duplicate delivery does not process twice (0.1555ms)
✔ unsupported event is stored and still returns 200 (0.122792ms)
✔ accepted response does not expose the fixture secret or payload (0.087709ms)
✔ signed secret material is refused before persistence (0.076292ms)
✔ handler source does not hard-code ids, secrets, or a live Zalo call (0.174625ms)
✔ signed interaction with explicit matching OA is accepted; conflicting OA and absent MAC stay rejected (0.153625ms)
ℹ tests 751
ℹ suites 0
ℹ pass 751
ℹ fail 0
ℹ cancelled 0
ℹ skipped 0
ℹ todo 0
ℹ duration_ms 26049.946083
