✔ direct assessment ignores components and retains fractional display (0.478042ms)
✔ optional and inactive subjects do not dilute grade progress (0.105667ms)
✔ component subjects use only required active components (0.083667ms)
✔ no quarter rounding or premature completion at seven of eight components (0.079917ms)
✔ missing required progress remains incomplete (0.060292ms)
✔ completed grade is 100%; passing manual grade awaits database confirmation (0.053709ms)
✔ renders both programs, primary first; completed history read-only, next grade start only (48.37425ms)
✔ inconsistent current grade blocks start and reports mismatch (27.221125ms)
✔ completed enrollment remains visible; no programs produces a safe empty state (39.418958ms)
✔ all three awards are equally complete and preserve their display value (1.670875ms)
✔ editable direct subjects expose precisely five choices and Save; record preserves Merit (29.388625ms)
✔ component subject exposes only component editor and future grade stays locked (36.719834ms)
✔ scheduled edit gate compares timestamps instead of timestamp versus calendar string (1.356042ms)
Assign academic program error: { message: 'A required subject has no required active components' }
✔ createCurriculumSubject preserves explicit DIRECT_ASSESSMENT and required flag (97.418375ms)
✔ createCurriculumSubject preserves explicit ALL_REQUIRED_COMPONENTS and required flag (25.397167ms)
✔ createCurriculumSubject rejects missing/unsupported method  (22.774458ms)
✔ createCurriculumSubject rejects missing/unsupported method MANUAL (14.778ms)
✔ createCurriculumSubject rejects missing/unsupported method UNSUPPORTED (16.2045ms)
✔ updateCurriculumSubject preserves explicit DIRECT_ASSESSMENT and required flag (14.37775ms)
✔ updateCurriculumSubject preserves explicit ALL_REQUIRED_COMPONENTS and required flag (23.725458ms)
✔ updateCurriculumSubject rejects missing/unsupported method  (12.424291ms)
✔ updateCurriculumSubject rejects missing/unsupported method MANUAL (11.855875ms)
✔ updateCurriculumSubject rejects missing/unsupported method UNSUPPORTED (12.061333ms)
✔ edit form displays explicit methods without silently converting DIRECT_ASSESSMENT (29.691917ms)
✔ edit form displays explicit methods without silently converting MANUAL (21.513042ms)
✔ assign action forwards inputs and exposes validation failure without success (8.506542ms)
✔ operations consolidation does not expose finance to student-only staff (14.023459ms)
✔ menu targets existing standalone routes only (0.229708ms)
✔ active menu chooses the most specific existing URL (0.210708ms)
✔ HR groups staff, pay, and assignment without a separate teacher entry (11.551959ms)
✔ business shell keeps unaudited admin routes out of the branch menu (20.73075ms)
✔ unimplemented domains are omitted and existing finance routes are present (0.155792ms)
✔ CRM aliases and registration share the consolidated navigation entry (0.117625ms)
✔ approved tuition and payment group keeps six routes and precise active state (8.030708ms)
✔ approved HR labels and deep links remain precise (6.890041ms)
✔ HR sidebar renders exactly four direct links without nested links or controls (21.681625ms)
✔ HR and recruitment use the same wrapping workspace tabs, mounted once (12.319541ms)
✔ payroll retains its back link without a second cross-module navigation bar (0.293333ms)
✔ training and system preserve local routes and exact active destinations (14.363708ms)
✔ legacy embedded training URLs select the single canonical tab (6.341625ms)
✔ program/course switches share the training bar and preserve existing search filters (6.163209ms)
✔ room workspace does not repeat cross-module navigation as a dropdown (0.135875ms)
✔ business shell accepts only the business route tree (0.425209ms)
✔ business shell navigation hides unaudited admin domains (0.393042ms)
✔ super admin reaches business and the rest of admin (99.945125ms)
✔ branch admin with CRM permission reaches only business routes (164.898708ms)
✔ student operations opens only the exact students list (176.489833ms)
✔ business and student permissions share a menu without opening other admin domains (13.822625ms)
✔ accounts without CRM shell permission are denied, including a missing path header (36.445708ms)
✔ consolidated tabs obey existing server access boundaries (50.5ms)
✔ date validation, Vietnam default, and all server-side filters (44.334667ms)
✔ return URL retains filters and rejects external or unrelated destinations (7.922875ms)
✔ launcher renders canonical roster directly and forwards filters to bounded RPC (46.146375ms)
✔ empty and failed queries show an explicit state without class detours (52.086084ms)
✔ branch roster is readable without exposing admin mutation controls (76.156041ms)
✔ forged session is denied before any session rows are loaded (64.350125ms)
✔ empty session result does not load attendance history (25.19075ms)
✔ attendance query is restricted to visible sessions (3.158459ms)
✔ missing deployed view reports schema update, without falling back to primary teacher (2.806333ms)
✔ permission/network failures are not misdiagnosed as missing migrations (3.189208ms)
✔ Aural module catalogue preserves approved Grade 1–3 structure (0.658167ms)
✔ explicit draft roundtrip retains opaque asset identity and replay policy (0.316083ms)
✔ change detection requires an ordered original/comparison pair (0.211917ms)
✔ tonality is restricted to approved Grade 3D scope (0.09525ms)
✔ echo requires bounded recording and private manual rubric, never an automatic score (0.138417ms)
✔ metadata cannot smuggle public URLs, object paths, answer keys or approval (0.133792ms)
✔ invalid media metadata, missing policies, oversized limits and duplicate choices fail closed (0.167ms)
✔ unauthenticated request stops before authorization RPCs (27.515208ms)
✔ permission alone cannot open legacy admin actions to a new role (4.530625ms)
✔ admin with denied permission cannot mutate (4.443375ms)
✔ authorization RPC errors fail closed (2.703541ms)
✔ active admin permission returns session client and forwards explicit branch scope (2.85175ms)
✔ branch basic update forwards only safe fields; ignores forged branch/status/account (55.06075ms)
✔ database cross-branch denial is not reported as success (13.156583ms)
✔ client supplied admin role cannot bypass staff authentication (10.909833ms)
✔ signed-out user cannot reach mutation RPC (10.443916ms)
✔ invalid input is rejected before mutation RPC (7.91125ms)
✔ cohort rates stay empty when the denominator is zero (0.358ms)
✔ missing or zero budget is not displayed as a cost (0.077458ms)
✔ marketing opens the report tab unless that permission is missing (0.769459ms)
✔ after-sales keeps the two relationships on separate tabs (0.105208ms)
✔ old list routes redirect to the matching tab and keep supported filters (0.286291ms)
✔ a workspace stays in the menu only when one of its tabs is allowed (0.085375ms)
(node:61005) [MODULE_TYPELESS_PACKAGE_JSON] Warning: Module type of file:///Users/macbookair/vibe-academy-system/app/admin/_lib/business-date.ts is not specified and it doesn't parse as CommonJS.
Reparsing as ES module because module syntax was detected. This incurs a performance overhead.
To eliminate this warning, add "type": "module" to /Users/macbookair/vibe-academy-system/package.json.
(Use `node --trace-warnings ...` to show where the warning was created)
✔ class teacher dates use the Vietnam business date (33.405542ms)
✔ primary handoff gives the change date to the new teacher only (2.485083ms)
✔ same-day start cannot be closed on the previous day (0.407166ms)
✔ reassigning the same teacher does not overwrite the closed period (0.191416ms)
✔ legacy CRM redirect preserves repeated parameters, search and lifecycle tabs (1.009584ms)
✔ CRM filter retains workspace and counter explicitly selects academic subject (0.33325ms)
✔ crm tabs are views of one pipeline (0.696625ms)
✔ pipeline actions stay on the adjacent step (0.078042ms)
✔ journey labels use registration and conversion facts (0.103458ms)
✔ crm workspace does not offer a standalone learning-profile action (0.265042ms)
✔ crm errors stay in Vietnamese (0.068583ms)
✔ owner matrix produces 37 levels, 184 subjects and 2640 lessons (2.274875ms)
✔ foundation and grade boundaries match the approved subject matrix (0.561542ms)
✔ lesson keys are stable, unique and mapping remains explicitly unresolved (3.657083ms)
✔ program hierarchy stays Curriculum, Level, Subject, Component, Lesson (0.795708ms)
✔ level workspace lists subjects without turning a course into a level (0.084875ms)
✔ one storage component stays a flat lesson list (0.067791ms)
✔ multiple components keep separate lesson lists (0.055875ms)
✔ lesson breadcrumb includes the assessment group only when it is academic (0.062792ms)
✔ linked courses stay outside the academic tree (0.068833ms)
✔ structure health stays separate from content readiness (0.114334ms)
✔ inactive lessons stay out of active counts and rows page past 1000 (0.059417ms)
✔ workspace uses the shared page shell and contained tables (0.13425ms)
✔ credit application passes only approved target and amount, never client owner or balance (59.31775ms)
✔ credit application rejects forged obligation kinds IDs and negative amounts (47.652583ms)
✔ credit refund uses financial approval with Vietnam actual refund time (12.67325ms)
✔ credit refund UI cannot offer duplicate allocation into a receivable (86.025375ms)
✔ payment effective allocation total subtracts released credit without changing originals (14.039834ms)
✔ credit detail renders remaining liability and explicit approval forms (36.650833ms)
✔ learning admin denies non-admin before review mutation (52.643542ms)
✔ learning review delegates independent reviewer to database (11.22425ms)
✔ learning grant uses explicit Vietnam boundaries without price or tuition mutation (10.141708ms)
✔ learning grant rejects invalid date before mutation (8.145334ms)
✔ learner activity denies signed-out account (8.613292ms)
✔ learner activity ignores forged student score and academic pass (5.692125ms)
✔ foundation does not expose final assessment before policy engine (5.474875ms)
✔ attendance request carries evidence in Vietnam time, never client checker or salary deduction (42.964708ms)
✔ attendance review delegates maker checker to database (7.713ms)
✔ attendance actions deny unauthorized account before mutation (5.243ms)
✔ leave quota allows explicit zero but rejects omitted or fractional quota (16.36125ms)
✔ calendar range handles year boundary and leap year (21.541334ms)
✔ employee attendance empty UI makes payroll limitation explicit (58.844833ms)
✔ policy editing lives only on dedicated policy page and uses existing RPC (42.456334ms)
✔ dedicated leave action reuses canonical attendance request and independent review (2.497083ms)
✔ attendance and leave submission boundaries reject the other workflow status (13.499375ms)
✔ loaders isolate leave requests before limiting and never load policy for attendance (8.731292ms)
✔ summary counts only approved current shift evidence, no late deduction or rest absence (1.571959ms)
✔ leave page explains pending approval and existing full-shift/past-date limitations (23.864417ms)
✔ approved leave renders without policy editor, unpaid request controls or invented actual times (36.125208ms)
✔ policy audit renders timestamp as Vietnam time, never reversed raw ISO date (32.474709ms)
✔ employee creation delegates generated identity to database without auth provisioning (68.427917ms)
✔ employment update sends expected version and effective date for database concurrency guard (21.57775ms)
✔ employee actions reject unprivileged user and missing reason before mutation (29.322542ms)
✔ employee list is bounded and supports unit and status filters (2.999792ms)
✔ employee page separates personnel metadata from account permissions (75.619083ms)
✔ dashboard source stays on the user client and omits forbidden KPIs (0.829167ms)
✔ loader uses the Vietnam date, posted-tuition report, and separate receivables (130.047375ms)
✔ zero queues and a failed optional query still render (79.076625ms)
✔ mixed-currency overdue receivables are not shown as zero (28.0765ms)
Expense Claim V2 UI/action source contract: PASS
✔ tests/expense-claim-v2-ui.test.cjs (27.457667ms)
✔ family portal rejects signed-out access before querying (77.446833ms)
✔ unrelated student is not found before any journey or finance query (29.105458ms)
✔ picker only renders server-authorized identities and paginates (28.729125ms)
✔ selected tab loads only bounded attendance and uses Vietnam time (39.191083ms)
✔ journey shows both programs and completed versus available without write actions (18.506875ms)
✔ finance does not mislabel invoice subtotal as full customer balance (18.869917ms)
✔ projection errors do not masquerade as an empty successful list (21.055834ms)
✔ teacher portal requires teacher role before data reads (3.929833ms)
✔ teacher history uses actual-teaching projection and preserves bounded page (4.701958ms)
✔ teacher feedback summary renders no respondent identity or private resolution (4.514083ms)
✔ off-cycle self-read displays signed delta and never implies cash payout (41.684166ms)
✔ feedback action delegates identity and eligibility to the canonical RPC (11.026167ms)
✔ feedback reasons outside the rating band never reach the database (2.321208ms)
✔ feedback invalid ratings never reach the database mutation (2.15975ms)
✔ credit page keeps unapplied credit separate and provides no automatic allocation (18.067292ms)
✔ approved report renders snapshot sections without private or unexpected summary fields (18.110792ms)
✔ Vietnam month changes seven hours before UTC month boundary, including new year (11.859458ms)
✔ currency aggregation keeps VND and USD separate and handles numeric strings (2.42175ms)
✔ summary pagination includes all rows and discards incomplete results on page error (0.24575ms)
✔ unavailable management report shows the safe error and no write controls (304.439041ms)
✔ query failures are isolated and do not expose internals (189.303583ms)
✔ overview loads the canonical report and selects only branch identity fields (185.767ms)
✔ invoice create uses exact RPC arguments, selects DRAFT result and revalidates all finance routes (37.62875ms)
✔ invoice issue rejects reversed dates and impossible calendar dates before mutation (28.715667ms)
✔ invoice issue passes dates and confirmation to existing workflow (9.723458ms)
✔ cancel database error is safe and preserves selection; no invalidation on failure (8.850583ms)
✔ invoice rendering includes derived debt, refund and overdue values with batched student lookup (72.026459ms)
✔ payment status uses canonical net balance independently of overdue and lifecycle (0.099375ms)
✔ invoice detail separates derived payment status and links payment history and receipt (45.778ms)
✔ cancelled invoice offers history but no issue payment or cancellation mutations (43.095458ms)
✔ paid invoice retains issued lifecycle and offers no payment action (38.400542ms)
✔ payment create uses Vietnam datetime and normalized currency/method (73.4785ms)
✔ payment partial allocation delegates student/currency/balance authority to RPC (22.963375ms)
✔ invalid amounts reject before RPC; wrong currency backend error is translated (91.8665ms)
✔ void payment requires reason and confirmation; valid request calls void RPC (12.180625ms)
✔ payment list derives remaining and displays void warning in selected detail (75.396334ms)
✔ mutations reject anonymous and non-admin users before financial RPC (32.042584ms)
✔ invoice guided payment derives identity and currency server-side then opens allocation step (12.030042ms)
✔ invoice guided payment rejects invalid amount and non-issued invoice (43.705041ms)
✔ invoice guided payment failure never offers allocation of an unknown payment (10.966125ms)
✔ invoice payment form and allocation retain the selected invoice (81.56125ms)
✔ selected POSTED summary uses original allocation reservation, including released credits (43.826292ms)
✔ eligible invoice query excludes non-issued, settled, other student and currency invoices (31.552042ms)
✔ single invoice prefills and caps amount at the smaller of outstanding and unallocated (69.529083ms)
✔ equal balances expose explicit full allocation using the existing action and preserve selection (35.764667ms)
✔ backend balance rejection is surfaced without losing selected payment (18.390334ms)
✔ no eligible invoices has useful empty state; exhausted payment has no allocation form (65.827834ms)
✔ repeated partial allocation remains blocked and original history is visible (28.335459ms)
✔ opening balance allocation and void forms remain usable and no manual invoice status control exists (42.5995ms)
✔ fresh ledger data renders updated summary and history after allocation (58.623542ms)
✔ payment entry errors retain request key and missing key cannot create cash (17.45975ms)
✔ invoice entry offers existing money without creating another payment (35.750708ms)
✔ invoice receipt choice submits allocation directly and returns to updated invoice (34.516459ms)
✔ invoice receipt candidates exclude already allocated pair (27.542833ms)
✔ receivables use backend status and keep summary currencies separate (116.271541ms)
✔ refund creation and allocation explicitly preserve original payment/allocation IDs (59.042791ms)
✔ over-refund is reported safely and never reported as success (15.994ms)
✔ void refund requires confirmation and reason (13.270959ms)
✔ refund UI exposes original invoice allocation and explicit void warning (77.145ms)
✔ finance navigation exposes all implemented routes without prefetch (20.13225ms)
✔ list pagination bounds rows and queries server-side filters (65.506042ms)
Each child in a list should have a unique "key" prop.

Check the render method of `Workspace`. See https://react.dev/link/warning-keys for more information.
✔ financial request carries idempotency and target but no client maker or approved status (60.241959ms)
✔ correction sends corrected value and original line; database alone calculates delta (15.48475ms)
✔ invalid correction identifiers amounts and run types are rejected before mutation (56.056209ms)
✔ normal approval never auto-overrides and accepts no client approver (11.87975ms)
✔ invalid emergency override is blocked and explicit override reason reaches RPC (7.665875ms)
✔ cancel uses separate RPC and cannot carry an approval override (12.089084ms)
✔ unauthorized finance workspace actions stop before financial RPC (7.783834ms)
✔ pending own request displays source amounts and maker warning (72.695084ms)
✔ posted correction displays immutable source and computed delta with no review form (47.426167ms)
✔ issued invoice cancellation requests approval; forged draft status still calls guarded legacy RPC (20.712041ms)
✔ approval audit renders APPROVED before POSTED when timestamps are equal (34.314041ms)
✔ finance payroll review shows scoped earning and adjustment details read-only (67.758167ms)
Financial control tower UI contract: PASS
✔ tests/financial-control-tower-ui.test.cjs (28.138292ms)
Financial chart contract: PASS
✔ tests/financial-management-charts.test.cjs (28.712375ms)
Financial report document contract: PASS
✔ tests/financial-management-report-document.test.cjs (29.557792ms)
✔ tests/financial-management-report-v1.test.cjs (27.596667ms)
✔ HR attendance page owns QR workspace (0.531333ms)
✔ monthly matrix recognizes QR verification (0.101625ms)
✔ attendance loader reads guarded QR verification RPC (0.136375ms)
✔ scan page does not expose raw QR error codes by default (0.085542ms)
✔ my attendance uses the guarded own-view RPC (0.396458ms)
✔ QR scan URL prefers the configured app origin (111.295375ms)
✔ QR admin UI uses VIBE design language (0.126458ms)
✔ instrument mutation requires authenticated admin (54.08875ms)
✔ instrument sale trusts database location and never accepts client actor or destination (12.106125ms)
✔ instrument sale rejects negative or imprecise prices (34.657042ms)
✔ instrument transfer omits monetary and warranty fields (6.059541ms)
✔ instrument receipt delegates trace identity and cost without ledger duplication (6.68025ms)
✔ inventory authenticates before mutation (52.468042ms)
✔ inventory receipt delegates exact request to ledger and ignores actor and unused destination (11.288708ms)
✔ inventory rejects invalid quantities without mutation (43.194917ms)
✔ inventory rejects transfer without distinct destination (12.528792ms)
✔ inventory signed adjustment uses ledger with reason (5.302708ms)
✔ stock posting returns to the actual branch and item (4.836875ms)
✔ catalogue normalizes code without accepting caller creator (4.923167ms)
✔ analytics distinguishes lesson acknowledgement, effective results and ungraded attempts (53.301417ms)
✔ analytics selects one version and bounds catalogue query (13.536584ms)
✔ invalid version makes no analytics request (10.97375ms)
✔ analytics error is visible without fabricated zero results (9.572917ms)
✔ analytics rejects non-admin before reading catalogue or RPC (11.736417ms)
✔ assessment authoring denies non-admin before mutation (57.368292ms)
✔ final authoring preserves approved limits and configured threshold (15.126834ms)
✔ unsupported notation cannot be advertised as AUTO (11.16925ms)
✔ approval never accepts forged reviewer identity (10.861459ms)
✔ manual review sends marks not client-computed final score (7.984417ms)
✔ anonymous student cannot start assessment (18.890125ms)
✔ start uses canonical identity and attempt cap from database (14.760209ms)
✔ submission uses protected snapshot and ignores forged question type/score (14.521083ms)
✔ expiry preventing snapshot read prevents submission RPC (14.044458ms)
✔ manual queue displays database overdue flag and private rubric to admin (52.29825ms)
✔ notation submission strips forged fields and stores structured music (11.981167ms)
✔ invalid notation cannot be submitted as valid structured response (11.0485ms)
✔ regrade submits revision and idempotency key, never a caller supplied final score (9.982ms)
✔ regrade rejects invalid optimistic revision before mutation (6.227541ms)
✔ multi-question authoring preserves ordered stable codes and separate manual rubric (6.680042ms)
✔ duplicate, empty, malformed or excessive question lists fail before RPC (34.921ms)
✔ every manual question requires a rubric before creating the draft (5.220292ms)
✔ assessment author page exposes repeatable question controls and per-question rubric fields (23.132917ms)
✔ Theory metadata matches approved source document fingerprint (1.478792ms)
✔ Theory preserves all 87 module identifiers in exact Grade order (0.486792ms)
✔ Missing MT5.15 remains source missing and metadata is not learner content (0.079334ms)
✔ Question capability catalogue retains notation and manual types (0.059333ms)
✔ Only structured choice types are advertised as automatic (0.059959ms)
✔ Unsupported notation stays outside automatic capabilities (0.051125ms)
✔ Browser-side model exposes no independent scoring function (0.046416ms)
✔ progress draft is deterministic and does not score the student (0.430041ms)
✔ repertoire context prioritizes technique, musicality, accuracy and rhythm (0.3915ms)
✔ quick entry keeps stable codes out of academic progress (0.293042ms)
generate_learning_report RPC error: {
  message: 'Invalid closed report period',
  code: undefined,
  details: undefined,
  hint: undefined
}
generate_learning_report RPC error: {
  message: 'Enrollment does not overlap period',
  code: undefined,
  details: undefined,
  hint: undefined
}
generate_learning_report RPC error: {
  message: 'First monthly report must cover the enrollment start calendar month',
  code: undefined,
  details: undefined,
  hint: undefined
}
generate_learning_report RPC error: {
  message: 'First monthly report must start on the enrollment start date and end on the last day of the following month',
  code: undefined,
  details: undefined,
  hint: undefined
}
generate_learning_report RPC error: {
  message: 'Monthly report must cover a full calendar month',
  code: undefined,
  details: undefined,
  hint: undefined
}
generate_learning_report RPC error: {
  message: 'Monthly report must stay within enrollment dates; use END_OF_COURSE for a shortened final period',
  code: undefined,
  details: undefined,
  hint: undefined
}
generate_learning_report RPC error: {
  message: 'Monthly report overlaps an existing report',
  code: undefined,
  details: undefined,
  hint: undefined
}
generate_learning_report RPC error: {
  message: 'private SQL detail',
  code: undefined,
  details: undefined,
  hint: undefined
}
✔ report list filters branch status type month and bounded pagination (55.349459ms)
✔ report list renders multiple branches and empty state (122.544709ms)
✔ report ops dashboard exposes KPI tabs and needs view by default (35.557625ms)
✔ report metrics use head counts without loading full payloads (12.213583ms)
✔ generate sends only validated report context to RPC (26.1105ms)
✔ invalid generation and unauthorized requests do not reach engine (37.525542ms)
✔ ready and approval pass expected version; approval requires confirmation (38.438209ms)
✔ reject fake SENT and safely surface engine lock (25.416958ms)
✔ draft detail shows missing input attendance and editable summary (44.842333ms)
✔ approved detail reads snapshot and hides editing actions (35.878667ms)
✔ approved legacy V1 summary remains readable after V2 (56.289542ms)
✔ review detail offers approve and return but no inline edit (31.143375ms)
✔ print preview keeps the approved snapshot and marks controls for exclusion (40.305708ms)
✔ first monthly suggestions handle day one, mid-month, leap day and year rollover (0.234042ms)
✔ selected enrollment prefills first-period dates and enrollment lower bound (28.865375ms)
✔ existing monthly history suggests following calendar month including cancelled (149.104334ms)
✔ other enrollment or END_OF_COURSE history does not replace first monthly default (42.261708ms)
✔ early-ended and future enrollments explain why suggested monthly report is unavailable (52.937792ms)
✔ first extended period action forwards validated inputs without calendar-month-only rejection (14.573875ms)
✔ known generation errors have Vietnamese explanations and unknown errors stay private (101.286833ms)
✔ approved official document exposes confirmed publish only and never refreshes snapshot (27.837709ms)
✔ publish action requires confirmation and forwards version to existing engine (27.570417ms)
✔ published report has disabled delivery controls with real student and active parent contacts (28.161417ms)
✔ draft and review do not expose delivery controls (62.865875ms)
✔ missing recipients and missing snapshot fail safely (61.349ms)
✔ repeated delivery page loads cannot enqueue, send, or mutate frozen content (64.628375ms)
✔ delivery history uses actual records, preserves mock and queued distinctions, filters other reports (29.777209ms)
✔ V2 academic document renders all seven summaries, maps enums, and handles direct assessment (36.236667ms)
✔ official print content excludes internal notes, delivery and administration (27.085167ms)
✔ official layout loads screen stylesheet and paper separates toolbar from content (35.363625ms)
✔ academic award labels retain Pass Merit Distinction and legacy safety (27.808375ms)
✔ published portal renders V2 and legacy public summaries without internal notes (3.575042ms)
✔ shadow mapping requires explicit confirmation before mutation (51.394917ms)
✔ shadow mapping sends only IDs and evidence, never Academic status or student (9.984583ms)
✔ non-admin cannot configure a shadow mapping (7.790375ms)
✔ reconciliation exposes differences and only offers same-Grade requirement (21.676375ms)
✔ CSV preserves Vietnamese text, quoted newlines and exact monetary strings (1.010958ms)
✔ missing class stays empty for database review, never fabricated by parser (0.153ms)
✔ duplicate source references and malformed CSV fail before staging (0.3385ms)
✔ CSV limits reject oversized sources and more than 500 students (4.174125ms)
✔ review sends mapped fields and version but never trusted approval flags (40.35725ms)
✔ import only passes row reference and version to atomic database RPC (17.302958ms)
✔ missing confirmation and unauthorized account cannot call import RPC (25.028166ms)
✔ NEEDS_REVIEW page displays raw source but offers no import action (64.059083ms)
✔ batch import selects only READY rows, caps work and stops on first failed unit (9.816916ms)
✔ rollback blocker is displayed as a denial, not a success (11.943541ms)
✔ batch sign-off uses server-side reconciliation RPC with explicit reason (9.129083ms)
✔ L01 create calls the guarded lesson function with a normalized code (45.477666ms)
✔ L02 edit does not send a new component parent (21.802375ms)
✔ L03 L04 reorder sends direction and reloads program health (31.177334ms)
✔ L06 retire uses the lifecycle function and keeps a Vietnamese guard (14.410584ms)
✔ LSEC06 invalid code never reaches the database function (11.889125ms)
✔ missing component explains the parent blocker (21.907166ms)
✔ L11 L12 subject page keeps groups and a flat storage parent (130.013125ms)
✔ L13 lesson breadcrumb includes the assessment group only when it is visible (19.024458ms)
✔ L14 L15 health and content stay separate from lesson writes (2.31725ms)
✔ L16 lesson counts still page past the 1000-row cap (0.161333ms)
✔ lesson code suggestion follows the Lnn repository sequence (0.099708ms)
✔ feedback list applies server filters and pagination (63.351334ms)
✔ feedback list shows low rating and multiple branches (74.046542ms)
✔ empty feedback list is explicit (47.666667ms)
✔ feedback page exposes class filter and shared ops chrome (31.375ms)
✔ feedback class filter scopes by enrollment ids (11.772041ms)
✔ detail renders all dimensions context and resolution history (31.899667ms)
✔ resolution passes version and note through guarded RPC (12.195166ms)
✔ resolution rejects missing note and unauthorized user (7.431084ms)
✔ resolved feedback supports reopening but keeps original rating (35.241875ms)
✔ submission action uses current auth and ignores claimed respondent user ID (1.361375ms)
✔ rating selects the matching predefined reason set (1.281792ms)
✔ submission rejects invalid optional ratings and unauthenticated caller (2.1465ms)
✔ only explicit HTTP loopback endpoints are allowed (0.677416ms)
✔ bootstrap refuses a nonlocal URL before any network request (0.188792ms)
✔ every request is pinned to local origin and redirects are forbidden (0.121542ms)
✔ email is configurable; no force, URL, password, or credential overrides (0.111208ms)
✔ a refused target exits nonzero with the exact refusal message (46.318792ms)
✔ preview refuses unverified builds and accepts a matching completed build (40.770375ms)
✔ preview rejects edited, added, deleted source and environment changes (124.287291ms)
✔ preview rejects a replaced build artifact (23.771709ms)
✔ preview refuses active or incomplete builds even when an old valid build exists (47.821375ms)
✔ S01 remote target refused (0.816292ms)
✔ S02 S03 S04 S05 S06 S07 S08 catalog counts (3.218833ms)
✔ S09 no forbidden extra subjects (0.746041ms)
✔ S10 second-run idempotent (0.911875ms)
✔ S11 non-test data untouched (0.094291ms)
✔ S12 cleanup TEST-only (0.283292ms)
✔ S13 Pre first and S14 Grade 8 last (0.457667ms)
✔ S15 valid status and completion constraints (0.465167ms)
✔ dry-run prints the approved totals and does not open a client (0.413125ms)
✔ every request is pinned to local origin (0.216375ms)
✔ NAV: class ops lists live under Học viên, rooms stay in Vận hành (47.973875ms)
✔ UI: workspace modes and mixed-level copy exist (0.311708ms)
✔ MIX: enrollment uses Academic Program level and blocks outside scope (1.129584ms)
✔ ATT: attendance detail shows Academic Program current Level (0.208917ms)
✔ ATT: generator remains idempotent conflict target (0.19475ms)
✔ MIX: course.level_id not treated as student level in ops model (0.1075ms)
✔ list routes redirect into the Học viên tabs (0.152292ms)
✔ same canonical compatibility drives list and linked overview; students deduplicated across classes/pages (193.713917ms)
✔ branch filter excludes other classes and canonical compatible result removes warning (32.454583ms)
✔ RPC errors do not silently present a clean work queue (14.326292ms)
✔ overview retains missing-scope and partially marked attendance queues (12.991625ms)
✔ acceptance invokes authoritative assignment/start and never directly sets current_level_id (0.691625ms)
✔ attendance loads only its workspace and hides writes without management permission (52.267125ms)
(node:61187) [MODULE_TYPELESS_PACKAGE_JSON] Warning: Module type of file:///Users/macbookair/vibe-academy-system/lib/integrations/momo/signature.ts is not specified and it doesn't parse as CommonJS.
Reparsing as ES module because module syntax was detected. This incurs a performance overhead.
To eliminate this warning, add "type": "module" to /Users/macbookair/vibe-academy-system/package.json.
(Use `node --trace-warnings ...` to show where the warning was created)
✔ create request uses the documented MoMo field order (1.214458ms)
✔ IPN requires a valid HMAC and rejects changed amount or nonnumeric payload (0.252416ms)
✔ notation retains pitch spelling instead of equating enharmonic notes (0.915792ms)
✔ notation rejects arbitrary pitch strings and out of range octave (0.131916ms)
✔ dotted and double dotted durations are exact fractions (0.122ms)
✔ triplet group totals exactly one quarter note (0.471125ms)
✔ duplet group totals exactly a dotted quarter (0.123ms)
✔ incomplete and overfull measures do not silently pass duration validation (0.096ms)
✔ complete common time measure accepts four crotchets (0.147334ms)
✔ rest has duration but cannot carry a pitch (0.081583ms)
✔ duplicate ids and overlapping tuplets are rejected (0.110084ms)
✔ beams require adjacent short notes and exclude rests (0.172333ms)
✔ ties require identical written pitches in consecutive events (0.130083ms)
✔ slur permits different pitches without treating them as tied duration (0.085958ms)
✔ triad spelling is canonicalized without changing pitch identity (0.101208ms)
✔ unsupported clefs and malformed schema fail closed (0.080167ms)
✔ payload is bounded and unknown scoring fields are discarded (0.092333ms)
✔ notation has readable pitch duration clef and meter alternative (0.160417ms)
✔ beamed notes cannot request contradictory stem directions (0.079375ms)
✔ notification action authenticates before mutation (51.161375ms)
✔ enqueue ignores client payload recipient and mock mode (10.989ms)
✔ invalid notification action makes no mutation (7.933208ms)
✔ retry delegates state validation and does not create a new job (8.155625ms)
✔ queue filters and pagination do not load full history (45.615917ms)
✔ mock queue is labeled and never offers live in-app delivery (29.6675ms)
✔ unconfigured provider fails closed without SENT (0.46925ms)
✔ Zalo channel fails closed with typed outbound code (0.074542ms)
✔ mock confirms success with stable idempotency receipt (0.37975ms)
✔ mock refuses live job (0.091625ms)
✔ provider failure is sanitized (0.131833ms)
✔ provider response without confirmation cannot mark SENT (0.075291ms)
✔ unclaimed job never calls provider (0.063791ms)
✔ database acknowledgement failure does not resend or falsely record failure (0.152459ms)
✔ opening correction submits target value only; database owns delta and approval (60.629375ms)
✔ opening correction rejects invalid values before financial mutation (53.028125ms)
✔ opening allocation delegates to existing payment allocation RPC extension (23.055167ms)
✔ refund page renders opening allocation without an invoice relationship (76.561834ms)
✔ opening approval displays original, previous, corrected and delta separately (48.36025ms)
Operating expense V1 UI/action source contract: PASS
✔ tests/operating-expenses-v1-ui.test.cjs (29.170875ms)
✔ Payslip totals preserve signed adjustments and reconcile net (29.821958ms)
✔ Approved snapshot renders rate, ratio, identity and totals without reading live compensation (126.2105ms)
✔ Denied payslip projection does not render salary (58.480208ms)
✔ Payslip mismatch refuses display (46.435834ms)
✔ Invoice uses engine total, locked discount and current receivable (54.504292ms)
✔ Void receipt preserves original payment amount and reference (55.30425ms)
✔ Refund displays existing maker checker and approved amount (46.67075ms)
✔ Credit statement uses canonical allocation refund and remaining values (51.129167ms)
✔ Finance document denies unrelated account before reading documents (55.669625ms)
✔ Finance document denies anonymous user (39.284916ms)
✔ Missing or RLS-hidden document returns not found (43.914416ms)
✔ Compensation action sends reason and effective dates to canonical wrapper (17.226458ms)
✔ Invalid compensation form never calls mutating RPC (8.752542ms)
✔ Print routes have standalone shell, A4 CSS and hidden actions (0.176167ms)
✔ official invoice uses English headings and dynamic document data (47.017625ms)
✔ missing contact and discount data are not invented (36.677375ms)
✔ invoice template supports supplied asset URL and never invents a logo (5.95675ms)
✔ official invoice renders the supplied real public logo (49.367167ms)
(node:61196) [MODULE_TYPELESS_PACKAGE_JSON] Warning: Module type of file:///Users/macbookair/vibe-academy-system/lib/integrations/payos/client.ts is not specified and it doesn't parse as CommonJS.
Reparsing as ES module because module syntax was detected. This incurs a performance overhead.
To eliminate this warning, add "type": "module" to /Users/macbookair/vibe-academy-system/package.json.
(Use `node --trace-warnings ...` to show where the warning was created)
✔ valid signed checkout is accepted (10.281958ms)
✔ provider rejection is diagnosable without disclosing raw provider text (0.372959ms)
✔ HTTP authentication failures preserve a safe diagnostic code (0.15775ms)
✔ unsigned and tampered checkout responses are rejected (0.263625ms)
✔ signed wrong amount is rejected (0.619084ms)
✔ signed lookalike payment domain is rejected (0.222833ms)
✔ invalid amount makes no network request (0.119084ms)
✔ return URL uses configured application and validates protocol (0.498125ms)
✔ array signatures follow provider canonical sorting and null handling (0.109583ms)
✔ signed paid response requires an explicit matching transaction amount (0.368666ms)
✔ missing transaction amount cannot fall back to the order total (0.187708ms)
✔ multiple transactions cannot be recorded as one payment (0.242625ms)
✔ wrong order cannot be reconciled (0.230625ms)
(node:61197) [MODULE_TYPELESS_PACKAGE_JSON] Warning: Module type of file:///Users/macbookair/vibe-academy-system/lib/integrations/payos/client.ts is not specified and it doesn't parse as CommonJS.
Reparsing as ES module because module syntax was detected. This incurs a performance overhead.
To eliminate this warning, add "type": "module" to /Users/macbookair/vibe-academy-system/package.json.
(Use `node --trace-warnings ...` to show where the warning was created)
✔ payment link signature uses the documented payOS field order (0.624125ms)
✔ webhook sample is recognized and a changed amount is not (0.069917ms)
✔ webhook signature rejects a tampered amount (0.218708ms)
✔ configuration guard names only the missing payOS variables (0.751334ms)
✔ webhook route accepts the payOS sample before any payment RPC (0.141792ms)
✔ checkout action ignores a browser amount and the page does not treat return query as paid (0.205958ms)
✔ unauthenticated caller cannot query provider or write receipts (30.070708ms)
✔ inaccessible branch/order cannot use service authority (5.405041ms)
✔ provider outage does not crash registration detail or write a receipt (4.876667ms)
✔ authorized matching confirmation invokes receipt RPC once (3.383667ms)
Payroll Disbursement V2 UI/action source contract: PASS
✔ tests/payroll-disbursements-v2-ui.test.cjs (29.642416ms)
✔ money parse decimal .10 (0.796541ms)
✔ money parse integer (0.08375ms)
✔ money parse negative (0.042ms)
✔ money parse trailing zero (0.044208ms)
✔ money parse large exact string (0.040375ms)
✔ unknown money is not zero: null (0.041542ms)
✔ unknown money is not zero: undefined (0.030625ms)
✔ unknown money is not zero:  (0.031083ms)
✔ unknown money is not zero: NaN (0.048917ms)
✔ unknown money is not zero: Infinity (0.070958ms)
✔ unknown money is not zero: 1e4 (0.041292ms)
✔ unknown money is not zero: 1,000 (0.030083ms)
✔ unknown money is not zero: 1.000.000 (0.02175ms)
✔ unknown money is not zero: 0.123 (0.02075ms)
✔ unknown money is not zero: false (0.020166ms)
✔ unknown money is not zero: 9007199254740991 (0.019166ms)
✔ sum decimal exact (0.066167ms)
✔ sum unknown fails closed (0.0295ms)
✔ format VND decimal and negative (0.108333ms)
✔ snapshot is not changed by projection (11.24925ms)
✔ V2 net always reads stored v2 field, not legacy gross (0.263625ms)
✔ missing V2 net does not fall back to gross (0.258209ms)
✔ unchanged sources do not falsely flag modified (0.177958ms)
✔ new fixed component warns without changing net (0.25475ms)
✔ one-day fixed config is reported (0.183625ms)
✔ out-of-period config excluded (0.143334ms)
✔ different branch excluded (0.1345ms)
✔ same-code overlapping fixed config flagged (0.159875ms)
✔ combined and old insurance overlapping flagged (0.165833ms)
✔ separate historical insurance codes allowed to coexist (0.168917ms)
✔ inactive insurance does not conflict with combined (0.119208ms)
✔ changed rate/amount is reported without rewriting stored result (0.121375ms)
✔ changed effective date is reported (0.125417ms)
✔ removed config retained in calculated detail (0.129167ms)
✔ missing source snapshot does not assert matched (0.139667ms)
✔ source failure hides derived insurance, not stored total (0.076334ms)
✔ changed payable total inconsistent with source is flagged (0.122667ms)
✔ cancelled bonus never counted as active twice (0.12125ms)
✔ source currency mismatch is flagged (0.12725ms)
✔ draft with old results is not labelled newly calculated (0.146375ms)
✔ V1 totals and history retain legacy sources (0.110584ms)
✔ empty summary is unknown, not all zero (0.045666ms)
✔ Vietnamese name search handles accents and employee codes (0.210709ms)
✔ currency/type filters never sum unlike currency (0.1385ms)
✔ readComplete handles server cap smaller than request and >1000 rows (0.367833ms)
✔ readComplete allows a genuine empty result (0.303917ms)
✔ readComplete refuses missing count (0.182084ms)
✔ readComplete refuses query failure instead of zero (0.048792ms)
✔ readComplete refuses duplicate rows (0.04075ms)
✔ readComplete detects changing count during load (0.044375ms)
✔ readComplete detects truncated data before expected count (0.039584ms)
✔ readComplete bounds maximum response (0.039792ms)
✔ workspace reads real projection from exact tables and keeps scope (1.482958ms)
✔ workspace incomplete evidence does not replace saved totals (0.995541ms)
✔ workspace event failure is separate from salary data (0.276584ms)
✔ workspace invalid period never queries (0.048875ms)
✔ workspace changed version during load is rejected (0.12725ms)
✔ workspace flags configured person missing from payroll, not fake zero employee (0.310084ms)
✔ index groups currencies separately and uses V2 net (0.319458ms)
✔ index empty draft does not invent payable zero (0.089208ms)
✔ index missing payroll source fails whole monetary view (0.072459ms)
✔ TypeScript syntax: Dialog.tsx (5.833ms)
✔ TypeScript syntax: Index.tsx (8.090458ms)
✔ TypeScript syntax: Preview.tsx (3.965ms)
✔ TypeScript syntax: Workflow.tsx (4.1305ms)
✔ TypeScript syntax: Workspace.tsx (20.294667ms)
✔ TypeScript syntax: load.ts (8.4505ms)
✔ TypeScript syntax: model.ts (10.914916ms)
✔ TypeScript syntax: preview-actions.ts (1.784333ms)
✔ source loader has no database write or RPC call (0.586334ms)
✔ workflow preserves current action, version, note, confirm and override contracts (0.534584ms)
✔ finance route retains financeContext, never adminClient invocation (0.15425ms)
✔ admin routes retain authenticated adminClient (0.115833ms)
✔ production UI does not embed demo salary, person or fake success state (3.000375ms)
✔ single scoped CSS does not modify global body or sidebar (0.131334ms)
✔ base breakdown inconsistency cannot hide inside other earnings (0.277458ms)
✔ line for a different employee is flagged (0.159958ms)
✔ header for a different branch is flagged (0.127625ms)
✔ component label does not inherit Object prototype values (0.025083ms)
Each child in a list should have a unique "key" prop.

Check the render method of `Workspace`. See https://react.dev/link/warning-keys for more information.
✔ generation uses period only; no client salary calculation (63.95775ms)
✔ compensation rule carries effective dates and pay type (18.69175ms)
✔ adjustment is separate RPC with reason (16.0255ms)
✔ approval requires confirmation and version (23.044708ms)
✔ unauthorized actions blocked before payroll RPC (10.973416ms)
✔ server-side period and teacher filters are bounded (31.769917ms)
✔ dashboard renders separate branches and currencies (79.769ms)
✔ teacher detail traces session and separate adjustments (60.5645ms)
✔ finalized period hides generate and transitions (63.757416ms)
✔ finalized teacher detail hides adjustment form (48.235792ms)
✔ emergency approval requires an explicit type and nonblank reason (8.012458ms)
✔ normal approval never silently requests emergency override (7.4645ms)
✔ emergency form explains separation and displays audited reason (81.574167ms)
✔ employee monthly action sends no calculated salary from browser (6.9575ms)
✔ per-session rule requires a class type and preserves effective dates (7.095916ms)
✔ evidence deduction passes evidence and retry key, not checker identity (6.488792ms)
✔ employee detail displays frozen minute ratio and evidence selector (44.8775ms)
✔ trip costs keep separate allowance transport and lodging amounts (6.814209ms)
✔ H01 workspace keeps Program Level Subject Lesson hierarchy (0.817542ms)
✔ H02 summary path uses the first and last level (0.11125ms)
✔ H04 counts stay secondary to the hierarchy path (0.128375ms)
✔ H05 breadcrumb order is workspace program level subject lesson (0.1065ms)
✔ H06 component remains the technical parent of a lesson (0.071875ms)
✔ N01 N02 N03 N04 curriculum stays one workspace under Đào tạo (0.194416ms)
✔ P01 P02 program list reads curricula and derives counts (0.062ms)
✔ C01 C03 course mode uses the real curriculum foreign key (0.091875ms)
✔ old list routes redirect into the workspace (0.219042ms)
✔ registration is a business route and students stay one menu item (0.46175ms)
✔ students page derives current and waiting without a second student table (0.480667ms)
✔ won lead can open a prefilled registration and completion stays reviewed (0.0895ms)
(node:61204) [MODULE_TYPELESS_PACKAGE_JSON] Warning: Module type of file:///Users/macbookair/vibe-academy-system/app/admin/session-teachers/model.ts is not specified and it doesn't parse as CommonJS.
Reparsing as ES module because module syntax was detected. This incurs a performance overhead.
To eliminate this warning, add "type": "module" to /Users/macbookair/vibe-academy-system/package.json.
(Use `node --trace-warnings ...` to show where the warning was created)
✔ control center exposes four operational areas (0.433792ms)
✔ page does not invent a zero when the source fails (0.117125ms)
✔ filters and pagination stay in the query string (0.085042ms)
✔ assignment still goes through set_session_teacher (0.451084ms)
✔ rules (32.414375ms)
✔ substitute assignment delegates to canonical RPC (53.299ms)
✔ removal is audited via same RPC (10.509917ms)
✔ invalid assignment and non-admin rejected (17.931041ms)
✔ session panel and journal display actual substitute (51.34775ms)
✔ fixed component BASE_SALARY uses guarded V2 RPC, correct positive shape (11.202834ms)
✔ fixed component POSITION_PAY uses guarded V2 RPC, correct positive shape (0.556959ms)
✔ fixed component BUSINESS_TRIP_ALLOWANCE uses guarded V2 RPC, correct positive shape (0.450625ms)
✔ fixed component SOCIAL_LABOR_INSURANCE uses guarded V2 RPC, correct positive shape (0.404375ms)
✔ session shape with class_type all (0.427041ms)
✔ session shape with class_type ONE_ON_ONE (0.359209ms)
✔ session shape with class_type GROUP (0.386791ms)
✔ invalid amount rejected without write: "" (0.369084ms)
✔ invalid amount rejected without write: "0" (0.343166ms)
✔ invalid amount rejected without write: "-100000" (0.416875ms)
✔ invalid amount rejected without write: "100.000" (0.458292ms)
✔ invalid amount rejected without write: "100,000" (0.343084ms)
✔ invalid amount rejected without write: "1e5" (0.299208ms)
✔ invalid amount rejected without write: "100000 VND" (0.315584ms)
✔ invalid amount rejected without write: "1.234" (0.305208ms)
✔ invalid amount rejected without write: "1000000000000" (0.294083ms)
✔ invalid amount rejected without write: "NaN" (0.29825ms)
✔ validation: invalid employee (0.325333ms)
✔ validation: invalid branch (0.262167ms)
✔ validation: missing reason (0.25825ms)
✔ validation: oversized reason (0.262ms)
✔ validation: invalid date (0.285ms)
✔ validation: reversed dates (0.287875ms)
✔ validation: invalid currency (0.317417ms)
✔ validation: fixed class type (0.294708ms)
✔ validation: invalid session class (0.27925ms)
✔ forbidden recurring code FIXED_PAY (0.277ms)
✔ forbidden recurring code BONUS (0.257584ms)
✔ forbidden recurring code TRAVEL_EXPENSE (0.266667ms)
✔ catalog is authoritative: {"status":"INACTIVE"} (0.326166ms)
✔ catalog is authoritative: {"recurring_configurable":false} (0.300917ms)
✔ catalog is authoritative: {"default_calculation_method":"PERCENTAGE"} (0.251667ms)
✔ catalog is authoritative: {"default_calculation_method":"PER_HOUR"} (0.436333ms)
✔ catalog is authoritative: {"category":"REIMBURSEMENT"} (0.318084ms)
✔ catalog read failure does not write (0.307083ms)
✔ RPC overlap remains error, not success (0.430083ms)
✔ RPC unauthorized remains error; no privilege bypass (0.401583ms)
✔ ALREADY_CONFIGURED response reports no new row (0.338458ms)
✔ invalid or mismatched RPC response is not success (0.820959ms)
✔ transport failure reports uncertain result (0.299375ms)
✔ auth redirect is not swallowed (0.302917ms)
✔ views revalidated but payroll generator never called (0.312334ms)
✔ Staff page queries V2 configs for employee and shows stored values (1.261333ms)
✔ only current supported catalog codes appear as component options (0.490417ms)
✔ form field names match new action; legacy form is absent (0.482625ms)
✔ non-admin sees data but no write form (0.3685ms)
✔ failed role check does not expose form (0.394791ms)
✔ V2 payroll summary uses v2_net_amount not legacy gross_amount (0.375042ms)
✔ missing teacher profile hides session form only (0.397125ms)
✔ no Staff config insert/update/delete or automatic generation in source (0.120541ms)
✔ historical insurance rejected for new config: SOCIAL_INSURANCE (0.28225ms)
✔ historical insurance rejected for new config: LABOR_INSURANCE (0.276625ms)
✔ teaching badges keep the subject and positions stay VAS VAM VAH (1.234375ms)
✔ portrait inspection accepts a real image header and rejects the wrong file (0.340292ms)
✔ staff card and legacy teacher route do not expose private HR data (0.430708ms)
✔ SH01 ALL_REQUIRED_COMPONENTS without a required active component is incomplete (0.526042ms)
✔ SH02 ALL_REQUIRED_COMPONENTS with a required active component passes the subject gate (0.107125ms)
✔ SH03 DIRECT_ASSESSMENT with zero components is structurally valid (0.062166ms)
✔ SH04 MANUAL with zero components is structurally valid (0.046416ms)
✔ SH05 ALL_REQUIRED_ITEMS component with no required lesson is incomplete (0.085042ms)
✔ SH06 DIRECT_ASSESSMENT component with zero lessons is not invalid (0.063ms)
✔ SH07 inactive component does not satisfy the required active gate (0.060708ms)
✔ SH08 optional component does not satisfy the required active gate (0.046667ms)
✔ SH09 program summary propagates a real structural failure (0.067541ms)
✔ SH10 program summary does not mark a direct assessment subject incomplete (0.149125ms)
✔ UI01 direct assessment does not force a component layer (0.088958ms)
✔ UI02 component-based subject shows assessment groups (0.059292ms)
✔ UI03 multi-component subject keeps grouping (0.051208ms)
✔ UI04 component is never labeled as Level (0.109958ms)
✔ UI05 program summary stays Program Level Subject Lesson (0.100708ms)
✔ UI06 internal component editor remains available and writes completion rule (0.066084ms)
✔ UI07 component results stay in progress and report contracts (0.213083ms)
✔ shared student operations primitives exist (0.493375ms)
✔ students reports and feedback share vibe ops chrome (0.331417ms)
✔ learning report list migration enriches ops columns (0.458667ms)
(node:61213) [MODULE_TYPELESS_PACKAGE_JSON] Warning: Module type of file:///Users/macbookair/vibe-academy-system/app/operations/teacher/sessions/%5Bid%5D/model.ts is not specified and it doesn't parse as CommonJS.
Reparsing as ES module because module syntax was detected. This incurs a performance overhead.
To eliminate this warning, add "type": "module" to /Users/macbookair/vibe-academy-system/package.json.
(Use `node --trace-warnings ...` to show where the warning was created)
✔ TSW33-40 one session shows a lane per student (0.530792ms)
✔ TSW teaching helpers count individuals and keep absent feedback optional (84.270792ms)
✔ pilot lesson blueprint preserves source lesson count and first five module order (0.9895ms)
✔ pilot draft derives immutable catalogue metadata instead of caller titles and order (56.475833ms)
✔ pilot cannot expand beyond approved first five or accept duplicate modules (40.09975ms)
✔ each lesson requires all authoring sections (6.727875ms)
✔ unprivileged author cannot create theory draft (7.145125ms)
✔ author page keeps missing source visible and only exposes numeric Grade 1 choices (23.920959ms)
✔ pilot original draft stays unpublished without fabricated human approvals (0.373375ms)
✔ draft retains five source modules and all twelve distinct lesson objectives (0.42275ms)
✔ all original notation examples parse with exact rhythm and accessible alternatives (0.757416ms)
✔ private draft questions have unique identities, real keys or manual rubrics, never fake automatic notation grades (0.318791ms)
✔ checkpoint policies remain formative with explicit Grade 1 threshold (0.0585ms)
✔ selected musical golden examples preserve middle C and two crotchet beats of semiquavers (0.134167ms)
✔ tuition list shows money, dates and student with bounded query (123.599834ms)
✔ term detail exposes 5 pause extension days and discount before invoice (50.564541ms)
✔ any invoice including CANCELLED locks discount and links financial context (40.614166ms)
✔ tuition filters and second page applied server side (19.343209ms)
✔ create validates input before mutation (13.2605ms)
✔ create uses RPC and never submits client price snapshots (7.959167ms)
✔ edit discount uses guarded RPC and auth blocks non admins (9.800583ms)
✔ calendar month filters cross year and dates measure entitlement not raw pause totals (8.974042ms)
✔ reminder timing respects inclusive calendar windows (54.604334ms)
✔ reminder server filters status branch plan and pagination (44.432792ms)
✔ queue renders distinct branches and currencies with no send button (53.878208ms)
✔ skip and cancel go through resolution RPC with reason (21.45775ms)
✔ fake sent and missing reasons rejected without RPC (13.773292ms)
✔ generation has no caller supplied date or delivery status; admin required (9.292708ms)
✔ Zalo lives under Hệ thống → Tích hợp and stays out of other shells (0.8985ms)
✔ config status is boolean and never returns secret values (0.154208ms)
✔ operational text hides token-shaped values (0.19325ms)
✔ integration page masks config, summarizes events, and refuses other roles (60.498334ms)
✔ registration card shows current persisted link state and never activates from UI alone (7.149541ms)
✔ registration page reads the scoped connection and new files do not embed secrets (0.551291ms)
✔ two simulated cycles consume replacement refresh tokens; restarted manager ignores old env (19.783041ms)
✔ concurrent preflights reuse winning refresh rather than consume again (3.72025ms)
✔ idle scheduled check and downtime recovery use same manager without notification traffic (0.411708ms)
✔ ownership guard prevents independent manager from calling provider (0.081375ms)
✔ expired in-flight lock after process death becomes uncertain without reusing token (0.326625ms)
✔ OAuth uses unique PKCE and one-use user-bound state; callback replay and wrong OA fail (1.078583ms)
✔ reconnection racing with a newer credential version cannot replace it (0.227583ms)
✔ callback route requires admin; maintenance checks secret; scheduler never dispatches notifications (0.58475ms)
✔ legacy UID path cannot send without a durable claim (10.31025ms)
NOTICE:  extension "pgtap" already exists, skipping
✔ local channel recovery: late consent, full payment, gate and duplicate protections (rollback) (88.255834ms)
NOTICE:  extension "pgtap" already exists, skipping
✔ main local PostgreSQL: payment, durable recovery and permissions (rolled back) (88.611875ms)
✔ expired access rotates once, verifies OA, persists pair/expiry/version; restart ignores stale env (2.202ms)
✔ missing refresh remains blocked without network or bootstrap overwrite (0.300833ms)
✔ invalid/consumed refresh response -14014 blocks reuse (0.198125ms)
✔ invalid/consumed refresh response -14001 blocks reuse (0.131791ms)
✔ two concurrent processes share claim; only one consumes refresh (2.538375ms)
✔ refresh timeout is durable unknown and never consumes same refresh twice (0.256625ms)
✔ rotation persistence failure blocks sends; no provider refresh retry (202.423875ms)
✔ lost commit acknowledgement recovered by readback without another rotation (202.243417ms)
✔ crash after rotation persisted before verification resumes verification after restart (1.125084ms)
✔ wrong OA after rotation stays blocked while recovered pair is retained (1.001291ms)
✔ late credential writer cannot overwrite a newer version (0.30975ms)
✔ phone -1241 proof failure distinguished from invalid token; proof uses sent token (2.224208ms)
✔ definitive rejection then concurrent manual/worker recovery sends once and duplicate callback cannot resend (2.488875ms)
✔ timeout never sends a second request (0.427833ms)
✔ accepted-write-failure never sends a second request (0.43825ms)
✔ known invalid authentication does not claim another send or consume retry count (0.757417ms)
✔ OA and ZBS diagnostics preserve separate proof/permission codes (0.48875ms)
✔ Z1-APP01 POSTED payment queues Zalo job at authoritative boundary (0.498042ms)
✔ Z1-APP02 idempotency key includes payment recipient template channel (0.075458ms)
✔ Z1-APP03 / Z1-APP04 partial payment / invoice PAID not required (0.117625ms)
✔ Z1-APP05 provider disabled never reports SENT (0.150959ms)
✔ Z1-APP06 no phone matching in recipient resolution (0.146708ms)
✔ Z1-APP07 two eligible parents fan out (0.054916ms)
✔ Z1-APP08 secrets absent from client bundle paths (0.298125ms)
✔ Z1-APP09 / Z1-APP10 existing IN_APP and queue still present (0.099625ms)
✔ template registry seed stays fail-closed until Owner id (0.118917ms)
✔ verified deposit threshold creates one phone confirmation and one mocked send (57.603125ms)
✔ vietnamese phones normalize to the country-code form and mask (0.477792ms)
✔ phone sender uses msg_id and does not call without a token (0.6095ms)
✔ phone rejection, OA-only error, and timeout stay distinct (0.237542ms)
✔ unarmed gate and a failed claim make no provider call (0.219541ms)
✔ one claimed phone job records acceptance and a timeout is not retried (0.694875ms)
✔ unknown provider responses stay ambiguous (0.165334ms)
✔ dispatcher records safe provider codes and reports database failure (1.015ms)
✔ rendered recovery controls: SEND (3.867958ms)
✔ rendered recovery controls: RETRY (0.364417ms)
✔ rendered recovery controls: BLOCKED (0.266875ms)
✔ rendered recovery controls: ACCEPTED (0.259917ms)
✔ rendered recovery controls: UNCERTAIN (0.235958ms)
✔ rendered recovery controls: DELIVERED (0.1695ms)
✔ blocked → consent/gate corrected → eligible → click → accepted; check never sends (4.507584ms)
✔ double clicks share CAS; replay after rejection cannot consume another attempt (0.857541ms)
✔ permissions fail before credential or network access (0.140459ms)
✔ unknown response remains protected; no resend or fabricated delivery (0.42475ms)
✔ shared OA ownership blocker never consumes send allowance (0.156084ms)
NOTICE:  extension "pgtap" already exists, skipping
✔ real PostgreSQL: two processes, encrypted rotation, restart and second cycle with no browser (1928.008791ms)
✔ private storage and OAuth state access restrictions, expiry/replay and identity binding (55.507125ms)
✔ template 640377 stays blocked without credentials or a send flag (0.740917ms)
✔ mocked Zalo UID send covers denial, expiry, rejection, and acceptance (0.625458ms)
✔ payOS completion dispatches only an armed allowlisted job (0.220625ms)
✔ public proxy forwards only payOS and Zalo callbacks (0.1045ms)
✔ deposit wording stays outside the template parameter (0.1975ms)
✔ valid webhook envelope is accepted once (1.2505ms)
✔ invalid signature is rejected and not stored (0.215458ms)
✔ malformed JSON is rejected (0.095583ms)
✔ duplicate delivery does not process twice (0.175042ms)
✔ unsupported event is stored and still returns 200 (0.133083ms)
✔ accepted response does not expose the fixture secret or payload (0.087584ms)
✔ signed secret material is refused before persistence (0.081458ms)
✔ handler source does not hard-code ids, secrets, or a live Zalo call (0.206625ms)
✔ signed interaction with explicit matching OA is accepted; conflicting OA and absent MAC stay rejected (0.158125ms)
ℹ tests 754
ℹ suites 0
ℹ pass 754
ℹ fail 0
ℹ cancelled 0
ℹ skipped 0
ℹ todo 0
ℹ duration_ms 26784.263375
