Connecting to local database...
psql:/Users/macbookair/vibe-academy-system/supabase/tests/database/payment_cash_integrity_test.sql:3: NOTICE:  extension "pgtap" already exists, skipping
/Users/macbookair/vibe-academy-system/supabase/tests/database/payment_cash_integrity_test.sql ....... ok
psql:/Users/macbookair/vibe-academy-system/supabase/tests/database/enrollment_pause_engine_test.sql:4: NOTICE:  extension "pgtap" already exists, skipping
/Users/macbookair/vibe-academy-system/supabase/tests/database/enrollment_pause_engine_test.sql ...... ok
psql:/Users/macbookair/vibe-academy-system/supabase/tests/database/pause_tuition_effective_end_test.sql:3: NOTICE:  extension "pgtap" already exists, skipping
/Users/macbookair/vibe-academy-system/supabase/tests/database/pause_tuition_effective_end_test.sql .. ok
psql:/Users/macbookair/vibe-academy-system/supabase/tests/database/authorization_foundation_test.sql:2: NOTICE:  extension "pgtap" already exists, skipping
/Users/macbookair/vibe-academy-system/supabase/tests/database/authorization_foundation_test.sql ..... ok
psql:/Users/macbookair/vibe-academy-system/supabase/tests/database/security_catalogue_baseline_test.sql:2: NOTICE:  extension "pgtap" already exists, skipping
/Users/macbookair/vibe-academy-system/supabase/tests/database/security_catalogue_baseline_test.sql .. ok
psql:/Users/macbookair/vibe-academy-system/supabase/tests/database/security_consistency_test.sql:2: NOTICE:  extension "pgtap" already exists, skipping
/Users/macbookair/vibe-academy-system/supabase/tests/database/security_consistency_test.sql ......... ok
psql:/Users/macbookair/vibe-academy-system/supabase/tests/database/operating_expenses_v1_test.sql:2: NOTICE:  extension "pgtap" already exists, skipping
/Users/macbookair/vibe-academy-system/supabase/tests/database/operating_expenses_v1_test.sql ........ ok
All tests successful.
Files=7, Tests=181,  0 wallclock secs ( 0.02 usr  0.01 sys +  0.03 cusr  0.02 csys =  0.08 CPU)
Result: PASS
A new version of Supabase CLI is available: v2.118.0 (currently installed v2.116.0)
We recommend updating regularly for new features and bug fixes: https://supabase.com/docs/guides/cli/getting-started#updating-the-supabase-cli
