✔ over 18 means the 18th birthday has passed, not the birthday itself (1.948583ms)
✔ address and phone rules reject blanks and letters and normalize the same way (0.259916ms)
✔ new counter form starts unchecked, requires the Zalo number and address, and has no subject (9.902625ms)
✔ reopening a draft shows saved consent without checking the box or inheriting a new number (2.375ms)
✔ collapsed over-18 form still submits the parent values already entered (1.342ms)
✔ over 18 without a parent is accepted by the action (201.81825ms)
✔ a minor without a parent is rejected before the RPC (41.089625ms)
✔ blank address, letter phone, and a forged source never reach the RPC (110.10325ms)
✔ unchecked consent still saves and does not claim consent (35.701625ms)
✔ checked consent uses the counter source and the Zalo number, not the parent number (13.809375ms)
(node:12106) [MODULE_TYPELESS_PACKAGE_JSON] Warning: Module type of file:///Users/macbookair/vibe-academy-system/lib/integrations/momo/signature.ts is not specified and it doesn't parse as CommonJS.
Reparsing as ES module because module syntax was detected. This incurs a performance overhead.
To eliminate this warning, add "type": "module" to /Users/macbookair/vibe-academy-system/package.json.
(Use `node --trace-warnings ...` to show where the warning was created)
✔ create request uses the documented MoMo field order (1.664291ms)
✔ IPN requires a valid HMAC and rejects changed amount or nonnumeric payload (0.286125ms)
(node:12107) [MODULE_TYPELESS_PACKAGE_JSON] Warning: Module type of file:///Users/macbookair/vibe-academy-system/lib/integrations/payos/client.ts is not specified and it doesn't parse as CommonJS.
Reparsing as ES module because module syntax was detected. This incurs a performance overhead.
To eliminate this warning, add "type": "module" to /Users/macbookair/vibe-academy-system/package.json.
(Use `node --trace-warnings ...` to show where the warning was created)
✔ valid signed checkout is accepted (15.953292ms)
✔ provider rejection is diagnosable without disclosing raw provider text (0.425667ms)
✔ HTTP authentication failures preserve a safe diagnostic code (0.164125ms)
✔ unsigned and tampered checkout responses are rejected (0.262666ms)
✔ signed wrong amount is rejected (1.348792ms)
✔ signed lookalike payment domain is rejected (0.55425ms)
✔ invalid amount makes no network request (0.274584ms)
✔ return URL uses configured application and validates protocol (1.375917ms)
✔ array signatures follow provider canonical sorting and null handling (1.055875ms)
✔ signed paid response requires an explicit matching transaction amount (0.860584ms)
✔ missing transaction amount cannot fall back to the order total (0.461916ms)
✔ multiple transactions cannot be recorded as one payment (0.591833ms)
✔ wrong order cannot be reconciled (0.717375ms)
(node:12108) [MODULE_TYPELESS_PACKAGE_JSON] Warning: Module type of file:///Users/macbookair/vibe-academy-system/lib/integrations/payos/client.ts is not specified and it doesn't parse as CommonJS.
Reparsing as ES module because module syntax was detected. This incurs a performance overhead.
To eliminate this warning, add "type": "module" to /Users/macbookair/vibe-academy-system/package.json.
(Use `node --trace-warnings ...` to show where the warning was created)
✔ payment link signature uses the documented payOS field order (1.750083ms)
✔ webhook sample is recognized and a changed amount is not (0.210541ms)
✔ webhook signature rejects a tampered amount (0.629959ms)
✔ configuration guard names only the missing payOS variables (2.177875ms)
✔ webhook route accepts the payOS sample before any payment RPC (0.395542ms)
✔ checkout action ignores a browser amount and the page does not treat return query as paid (0.468583ms)
✔ unauthenticated caller cannot query provider or write receipts (66.394583ms)
✔ inaccessible branch/order cannot use service authority (21.88575ms)
✔ provider outage does not crash registration detail or write a receipt (4.7175ms)
✔ authorized matching confirmation invokes receipt RPC once (6.840625ms)
✔ synthetic server failure log has environment, time, and correlation without secrets or student data (2.280209ms)
✔ request errors use the digest and do not log the error message (1.570334ms)
✔ counter intake records explicit consent false and ignores a posted source (193.054208ms)
✔ counter intake records explicit consent true and ignores a posted source (122.121417ms)
✔ detail forwards expected consent, actual source and explicit withdrawal; refreshes both screens (56.296417ms)
✔ permission and read errors never expose a writable consent form (14.733ms)
✔ active consent renders masked audit and explicit unchecked withdrawal (1.608833ms)
✔ Zalo lives under Hệ thống → Tích hợp and stays out of other shells (1.474709ms)
✔ config status is boolean and never returns secret values (0.185083ms)
✔ operational text hides token-shaped values (0.232167ms)
✔ integration page masks config, summarizes events, and refuses other roles (155.579167ms)
✔ registration card shows current persisted link state and never activates from UI alone (16.887459ms)
✔ registration page reads scoped phone consent and new files do not embed secrets (1.195458ms)
✔ expired access rotates once, verifies OA, persists pair/expiry/version; restart ignores stale env (3.636459ms)
✔ missing refresh remains blocked without network or bootstrap overwrite (0.345292ms)
✔ invalid/consumed refresh response -14014 blocks reuse (0.221625ms)
✔ invalid/consumed refresh response -14001 blocks reuse (0.144458ms)
✔ two concurrent processes share claim; only one consumes refresh (6.426959ms)
✔ refresh timeout is durable unknown and never consumes same refresh twice (0.270666ms)
✔ rotation persistence failure blocks sends; no provider refresh retry (203.043792ms)
✔ lost commit acknowledgement recovered by readback without another rotation (202.300583ms)
✔ crash after rotation persisted before verification resumes verification after restart (0.260958ms)
✔ wrong OA after rotation stays blocked while recovered pair is retained (0.246916ms)
✔ late credential writer cannot overwrite a newer version (0.078958ms)
✔ phone -1241 proof failure distinguished from invalid token; proof uses sent token (0.562792ms)
✔ definitive rejection then concurrent manual/worker recovery sends once and duplicate callback cannot resend (0.792917ms)
✔ timeout never sends a second request (0.141292ms)
✔ accepted-write-failure never sends a second request (0.114042ms)
✔ known invalid authentication does not claim another send or consume retry count (0.178916ms)
✔ OA and ZBS diagnostics preserve separate proof/permission codes (0.14175ms)
✔ withdrawal after claim blocks transport without fabricating provider failure (0.099041ms)
✔ template disabled after claim blocks transport without unknown provider state (0.077708ms)
✔ vietnamese phones normalize to the country-code form and mask (0.577ms)
✔ phone sender uses msg_id and does not call without a token (0.742375ms)
✔ phone rejection, OA-only error, and timeout stay distinct (0.288459ms)
✔ unarmed gate and a failed claim make no provider call (0.328208ms)
✔ one claimed phone job records acceptance and a timeout is not retried (0.891708ms)
✔ unknown provider responses stay ambiguous (0.207542ms)
✔ dispatcher records safe provider codes and reports database failure (0.996167ms)
✔ only the exact value enabled opens the pilot gate (0.5355ms)
✔ pilot control missing makes zero provider calls (2.796833ms)
✔ pilot control missing-preview makes zero provider calls (0.285958ms)
✔ pilot control empty makes zero provider calls (0.214542ms)
✔ pilot control false makes zero provider calls (0.445833ms)
✔ pilot control malformed-true makes zero provider calls (3.914292ms)
✔ pilot control malformed-yes makes zero provider calls (0.206ms)
✔ pilot control malformed-case makes zero provider calls (0.166084ms)
✔ pilot control malformed-space makes zero provider calls (0.170375ms)
✔ pilot control disabled makes zero provider calls (0.19025ms)
✔ explicitly enabled opens the direct send gate and still does not mark delivered (0.545791ms)
✔ tuition reminder action sends only through the blocked outbound adapter (0.418084ms)
✔ rendered recovery controls: SEND (8.772458ms)
✔ rendered recovery controls: RETRY (22.347625ms)
✔ rendered recovery controls: BLOCKED (6.912459ms)
✔ rendered recovery controls: ACCEPTED (4.352916ms)
✔ rendered recovery controls: UNCERTAIN (4.679667ms)
✔ rendered recovery controls: DELIVERED (0.640667ms)
✔ blocked → consent/gate corrected → eligible → click → accepted; check never sends (4.390875ms)
✔ double clicks share CAS; replay after rejection cannot consume another attempt (1.145917ms)
✔ permissions fail before credential or network access (0.267959ms)
✔ unknown response remains protected; no resend or fabricated delivery (0.594166ms)
✔ shared OA ownership blocker never consumes send allowance (0.214334ms)
✔ pilot outbound control blocks a send click without a provider call or delivered state (0.118333ms)
✔ template 640377 stays blocked without credentials or a send flag (1.378125ms)
✔ mocked Zalo UID send covers denial, expiry, rejection, and acceptance (0.941833ms)
✔ payOS completion dispatches only an armed allowlisted job (0.468458ms)
✔ public proxy forwards only payOS and Zalo callbacks (0.245ms)
✔ deposit wording stays outside the template parameter (0.256458ms)
✔ valid webhook envelope is accepted once (1.241167ms)
✔ invalid signature is rejected and not stored (0.17575ms)
✔ malformed JSON is rejected (0.085958ms)
✔ duplicate delivery does not process twice (0.166875ms)
✔ unsupported event is stored and still returns 200 (0.120458ms)
✔ accepted response does not expose the fixture secret or payload (0.088916ms)
✔ signed secret material is refused before persistence (0.076083ms)
✔ handler source does not hard-code ids, secrets, or a live Zalo call (0.189459ms)
✔ signed interaction with explicit matching OA is accepted; conflicting OA and absent MAC stay rejected (0.1655ms)
ℹ tests 112
ℹ suites 0
ℹ pass 112
ℹ fail 0
ℹ cancelled 0
ℹ skipped 0
ℹ todo 0
ℹ duration_ms 1129.939875
