✔ local test preload rejects provider fetch and raw TCP without network access (94.264542ms)
✔ only the exact value enabled opens the pilot gate (1.051708ms)
✔ pilot control missing makes zero provider calls (3.972167ms)
✔ pilot control missing-preview makes zero provider calls (0.415917ms)
✔ pilot control empty makes zero provider calls (2.693833ms)
✔ pilot control false makes zero provider calls (0.322292ms)
✔ pilot control malformed-true makes zero provider calls (0.277542ms)
✔ pilot control malformed-yes makes zero provider calls (0.22025ms)
✔ pilot control malformed-case makes zero provider calls (0.217166ms)
✔ pilot control malformed-space makes zero provider calls (0.250792ms)
✔ pilot control disabled makes zero provider calls (0.281667ms)
✔ explicitly enabled opens the direct send gate and still does not mark delivered (0.658917ms)
✔ tuition reminder action sends only through the blocked outbound adapter (0.505333ms)
ℹ tests 13
ℹ suites 0
ℹ pass 13
ℹ fail 0
ℹ cancelled 0
ℹ skipped 0
ℹ todo 0
ℹ duration_ms 378.204958
