Starting database...
Initialising schema...
Seeding globals from roles.sql...
Applying migration 20260830000000_baseline.sql...
Applying migration 20260901030500_academic_progress_engine.sql...
Applying migration 20260901101225_class_enrollment_management.sql...
Applying migration 20260901111514_teacher_profile_fields.sql...
Applying migration 20260901122330_schedule_management.sql...
Applying migration 20260902090000_session_occurrences.sql...
Applying migration 20260902100000_generate_session_occurrences.sql...
Applying migration 20260902110000_attendance_records.sql...
Applying migration 20260902120000_session_status_workflow.sql...
Applying migration 20260902130000_reschedule_makeup_foundation.sql...
Applying migration 20260902140000_reschedule_session_occurrence.sql...
Applying migration 20260902150000_create_makeup_session_occurrence.sql...
Applying migration 20260902160000_makeup_credit_ledger.sql...
Applying migration 20260907020106_enrollment_pause_engine.sql...
Applying migration 20260907090000_learning_journals.sql...
Applying migration 20260907170500_normalize_enrollment_status.sql...
Applying migration 20260907173000_require_started_at_for_learning.sql...
Applying migration 20260908125034_tuition_phase1.sql...
Applying migration 20260909100000_seed_can_tho_branch.sql...
Applying migration 20260909101443_tuition_branch_pricing_and_discounts.sql...
Applying migration 20260910171110_academic_assignment_engine.sql...
Applying migration 20260910172909_academic_progress_integrity.sql...
Applying migration 20260910192947_academic_level_progression.sql...
Applying migration 20260910201008_fix_academic_level_start_date_timezone.sql...
Applying migration 20260910202237_fix_academic_level_vietnam_date_v2.sql...
Applying migration 20260913153338_fix_academic_starting_grade_scope.sql...
Applying migration 20260914160000_harden_academic_engine.sql...
Applying migration 20260914170000_seed_system_roles.sql...
Applying migration 20260914201223_future_academic_start_scheduling.sql...
Applying migration 20260915050000_edit_academic_program_start_date.sql...
Applying migration 20260915060000_pause_tuition_effective_end.sql...
Applying migration 20260915070000_invoice_engine_v1.sql...
Applying migration 20260915080000_payment_engine_v1.sql...
Applying migration 20260915090000_debt_engine_v1.sql...
Applying migration 20260915100000_lock_tuition_discount_after_invoice.sql...
Applying migration 20260915110000_refund_engine_v1.sql...
Applying migration 20260915120000_finance_engine_v1.sql...
Applying migration 20260915130000_revenue_forecast_v1.sql...
Applying migration 20260915140000_tuition_operations_rpc.sql...
Applying migration 20260915141000_tuition_reminder_engine_v1.sql...
Applying migration 20260915150000_learning_reports_v1.sql...
Applying migration 20260915160000_lesson_feedback_v1.sql...
Applying migration 20260915170000_session_teacher_assignment_v1.sql...
Applying migration 20260915180000_teacher_payroll_v1.sql...
Applying migration 20260915181000_payroll_history_guards.sql...
Applying migration 20260915190000_security_rpc_surface.sql...
Applying migration 20260915191000_authorization_foundation.sql...
Applying migration 20260915192000_security_unused_grants.sql...
Applying migration 20260915200000_branch_relationship_scope.sql...
Applying migration 20260916090000_harden_payroll_self_read.sql...
Applying migration 20260916091000_harden_feedback_respondent_authorization.sql...
Applying migration 20260916092000_align_relationship_read_authorization.sql...
Applying migration 20260916093000_bound_teacher_historical_access.sql...
Applying migration 20260916094000_student_parent_history_reads.sql...
Applying migration 20260916095000_scoped_finance_payroll_reads.sql...
Applying migration 20260916100000_payroll_maker_checker.sql...
Applying migration 20260916110000_financial_approval_workflows.sql...
Applying migration 20260916111000_invoice_cancellation_approval.sql...
Applying migration 20260916120000_security_consistency_hardening.sql...
Applying migration 20260916130000_legacy_migration_review.sql...
Applying migration 20260916140000_opening_balance_collections.sql...
Applying migration 20260916150000_customer_credit_ledger.sql...
Applying migration 20260916160000_employee_master.sql...
Applying migration 20260916170000_employee_attendance.sql...
Applying migration 20260916180000_payroll_scheduled_minutes.sql...
Applying migration 20260916181000_payroll_employee_recipients.sql...
Applying migration 20260916182000_payroll_evidence_adjustments.sql...
Applying migration 20260916183000_payroll_employee_self_read.sql...
Applying migration 20260916184000_payroll_trip_cost_breakdown.sql...
Applying migration 20260916190000_parent_finance_visibility.sql...
Applying migration 20260916191000_family_portal_projections.sql...
Applying migration 20260916192000_family_academic_permission.sql...
Applying migration 20260916193000_teacher_portal_reads.sql...
Applying migration 20260916194000_family_opening_credit_reads.sql...
Applying migration 20260916195000_teacher_current_academic_reads.sql...
Applying migration 20260916200000_payroll_effective_employee_self_read.sql...
Applying migration 20260916201000_teacher_attendance_projection.sql...
Applying migration 20260916210000_notification_infrastructure.sql...
Applying migration 20260916211000_notification_delivery_revalidation.sql...
Applying migration 20260916212000_notification_source_contracts.sql...
Applying migration 20260916213000_notification_recipient_idempotency.sql...
Applying migration 20260916220000_inventory_ledger.sql...
Applying migration 20260916221000_inventory_catalogue_scope.sql...
Applying migration 20260916223000_serialized_instruments.sql...
Applying migration 20260916230000_elearning_foundation.sql...
Applying migration 20260916231000_learning_course_delivery_window.sql...
Applying migration 20260916233000_learning_assessment_policies.sql...
Applying migration 20260916234000_learning_assessment_policy_guards.sql...
Applying migration 20260916235000_learning_manual_review_queue.sql...
Applying migration 20260917000000_learning_assessment_regrades.sql...
Applying migration 20260917003000_learning_academic_shadow_mapping.sql...
Applying migration 20260917010000_learning_theory_contents_contract.sql...
Applying migration 20260917013000_learning_progress_analytics.sql...
Applying migration 20260917020000_revoke_anonymous_business_grants.sql...
Applying migration 20260917100000_operational_payroll_documents.sql...
Applying migration 20260917173000_learning_reports_v2.sql...
Applying migration 20260917232000_learning_reports_publish_workflow.sql...
Applying migration 20260918003000_fix_direct_assessment_subjects.sql...
Applying migration 20260918010000_learning_report_first_period_rule.sql...
Applying migration 20260918060000_academic_award_results.sql...
Applying migration 20260918070000_academic_component_items.sql...
Applying migration 20260918073000_payment_entry_idempotency.sql...
Applying migration 20260918074500_component_completion_rule.sql...
Applying migration 20260918080000_item_progress_engine.sql...
Applying migration 20260918081500_seed_component_item_progress.sql...
Applying migration 20260918152200_employee_expense_claims_v1.sql...
Applying migration 20260918202526_staff_foundation_v1.sql...
Applying migration 20260918205719_staff_compensation_rpc_v1.sql...
Applying migration 20260918211436_payroll_v2_generator_v1.sql...
Applying migration 20260918221109_payroll_v2_period_actions_v1.sql...
Applying migration 20260919044014_retire_fixed_pay_component.sql...
Applying migration 20260919115041_attendance_retention_risk_v1.sql...
Applying migration 20260919120145_attendance_retention_risk_v1.sql...
Applying migration 20260919141114_staff_combined_insurance_foundation.sql...
Applying migration 20260920090000_payroll_v2_preview.sql...
Applying migration 20260920221500_payroll_payslip_v2.sql...
Applying migration 20260921001000_fix_payroll_payslip_v2_rpc.sql...
Applying migration 20260921013000_employee_private_profile_v1.sql...
Applying migration 20260921020000_expense_claim_v2_itemized.sql...
Applying migration 20260921021000_expense_claim_v2_security_hardening.sql...
Applying migration 20260921022000_expense_claim_v2_snapshot_breakdown.sql...
Applying migration 20260921145500_payroll_period_create_guard.sql...
Applying migration 20260921173000_payroll_retroactive_v1.sql...
Applying migration 20260921190000_payroll_disbursements_v2.sql...
Applying migration 20260921191000_payroll_disbursement_history_guard.sql...
Applying migration 20260921192000_retroactive_trigger_security_hardening.sql...
Applying migration 20260921193000_retroactive_close_guard_and_retarget.sql...
Applying migration 20260921200000_operating_expenses_v1.sql...
Applying migration 20260922013000_financial_management_report_v1.sql...
Applying migration 20260922013100_financial_management_report_v1_qualify_month.sql...
Applying migration 20260922013200_financial_management_report_v1_validation_gate.sql...
Applying migration 20260922030000_attendance_qr_phase1_foundation.sql...
Applying migration 20260922040000_attendance_qr_verification_payroll.sql...
Applying migration 20260922153000_lesson_feedback_reasons.sql...
Applying migration 20260922180000_crm_lead_foundation_v1.sql...
Applying migration 20260922200000_crm_lead_conversion_v1.sql...
Applying migration 20260922210000_crm_campaigns_v1.sql...
Applying migration 20260922220000_crm_reactivation_v1.sql...
Applying migration 20260922230000_instrument_customer_care_v1.sql...
Applying migration 20260922240000_business_command_center_v1.sql...
Applying migration 20260922250000_crm_shell_access_v1.sql...
Applying migration 20260922260000_registration_placement_v1.sql...
Applying migration 20260922270000_learning_observation_taxonomy_v1.sql...
Applying migration 20260922280000_student_ops_shell_v1.sql...
Applying migration 20260922290000_student_placement_correction_v1.sql...
Applying migration 20260922300000_zalo_webhook_foundation_v1.sql...
Applying migration 20260922310000_zalo_admin_read_v1.sql...
Applying migration 20260922320000_crm_channel_state_v1.sql...
Applying migration 20260923031500_lesson_operator_writes_v1.sql...
Applying migration 20260923040000_zalo_interaction_link_v1.sql...
Applying migration 20260923050000_notification_zalo_outbound_v1.sql...
Applying migration 20260923051000_zalo_registration_template_copy_v1.sql...
Applying migration 20260923052000_zalo_registration_template_mapping_v1.sql...
Applying migration 20260923170000_zalo_payment_notification_z1.sql...
Applying migration 20260924120000_student_operations_ux_v1.sql...
Applying migration 20260924130000_mixed_level_class_ops_v1.sql...
Applying migration 20260924160000_teacher_session_workspace_v1.sql...
Applying migration 20260925230000_teaching_shift_assignment_v1.sql...
Applying migration 20260926120000_student_lifecycle_segmentation_v1.sql...
Applying migration 20260926183000_staff_profile_badges_v1.sql...
Applying migration 20260926190000_staff_teaching_curriculum_v1.sql...
Applying migration 20260928010000_consolidate_counter_registration.sql...
Applying migration 20260928020000_consolidate_registration_payments.sql...
Applying migration 20260928030000_consolidate_zalo_durable_outbox.sql...
Applying migration 20260928040000_consolidation_rpc_grants.sql...
Applying migration 20260928050000_preserve_main_registration_contract.sql...
Applying migration 20260928060000_zalo_automatic_renewal.sql...
Applying migration 20260928070000_zalo_channel_recovery.sql...
Applying migration 20260928080000_zalo_registration_recovery_action.sql...
Applying migration 20260928090000_zalo_connection_evidence.sql...
Applying migration 20260928190000_training_placement_integrity.sql...
Applying migration 20260928200000_academic_family_communications.sql...
Applying migration 20260928201000_academic_feedback_portal.sql...
Applying migration 20260928210000_attendance_launcher.sql...
Applying migration 20260928220000_placement_branch_unknown_scope.sql...
Applying migration 20260928221000_registration_zalo_read_contract.sql...
Applying migration 20260928222000_attendance_roster_read.sql...
Applying migration 20260928223000_registration_zalo_consent_lifecycle.sql...
Applying migration 20260928224000_zalo_registration_send_gate.sql...
Applying migration 20260929120000_counter_intake_fields_v1.sql...
Applying migration 20260929133000_registration_academic_path_v1.sql...
Applying migration 20260929140000_student_curriculum_filters.sql...
Applying migration 20260929150000_tuition_reminder_month3_schedule_v1.sql...
Applying migration 20260929160000_tuition_balance_three_month_deposit_v1.sql...
Applying migration 20260929170000_payment_wording_v1.sql...
Applying migration 20260929171000_payment_wording_notice_v1.sql...
Applying migration 20260929180000_student_lesson_progress_write_v1.sql...
Applying migration 20260929190000_zalo_tuition_one_template_v1.sql...
Applying migration 20260929193000_tuition_zalo_attempt_v1.sql...
Applying migration 20260929201000_tuition_zalo_response_v1.sql...
Applying migration 20260929220000_pause_makeup_operations_v1.sql...
Seeding data from supabase/seed.sql...
[local credentials omitted]
A new version of Supabase CLI is available: v2.118.0 (currently installed v2.116.0)
We recommend updating regularly for new features and bug fixes: https://supabase.com/docs/guides/cli/getting-started#updating-the-supabase-cli
